

================================================================
== Vivado HLS Report for 'load_bias'
================================================================
* Date:           Sun Apr 16 12:48:25 2023

* Version:        2019.2 (Build 2704478 on Wed Nov 06 22:10:23 MST 2019)
* Project:        top
* Solution:       solution1
* Product family: zynq
* Target device:  xc7z020-clg484-1


================================================================
== Performance Estimates
================================================================
+ Timing: 
    * Summary: 
    +--------+---------+----------+------------+
    |  Clock |  Target | Estimated| Uncertainty|
    +--------+---------+----------+------------+
    |ap_clk  | 5.50 ns | 4.061 ns |   0.69 ns  |
    +--------+---------+----------+------------+

+ Latency: 
    * Summary: 
    +---------+---------+----------+----------+-----+-----+---------+
    |  Latency (cycles) |  Latency (absolute) |  Interval | Pipeline|
    |   min   |   max   |    min   |    max   | min | max |   Type  |
    +---------+---------+----------+----------+-----+-----+---------+
    |      173|      173| 0.952 us | 0.952 us |  173|  173|   none  |
    +---------+---------+----------+----------+-----+-----+---------+

    + Detail: 
        * Instance: 
        N/A

        * Loop: 
        +----------+---------+---------+----------+-----------+-----------+------+----------+
        |          |  Latency (cycles) | Iteration|  Initiation Interval  | Trip |          |
        | Loop Name|   min   |   max   |  Latency |  achieved |   target  | Count| Pipelined|
        +----------+---------+---------+----------+-----------+-----------+------+----------+
        |- Loop 1  |      171|      171|         4|          1|          1|   169|    yes   |
        +----------+---------+---------+----------+-----------+-----------+------+----------+

============================================================
+ Verbose Summary: Synthesis Manager
============================================================
InlineROM: 1
ExposeGlobal: 0
============================================================
+ Verbose Summary: CDFG Model
============================================================
IsTopModel: 0
ResetActiveHigh: 1
IsCombinational: 0
IsDatapathOnly: 0
HasWiredReturn: 1
HasMFsm: 0
HasVarLatency: 1
IsPipeline: 0
IsRtlPipelined: 0
IsInstanceOverlapped: 0
IsDontTouch: 0
HasImplIP: 0
IsGatedGlobalClock: 0

+ Individual pipeline summary: 
  * Pipeline-0: initiation interval (II) = 1, depth = 4


============================================================
+ Verbose Summary: Schedule
============================================================
* Number of FSM states : 6
* Pipeline : 1
  Pipeline-0 : II = 1, D = 4, States = { 2 3 4 5 }
* Dataflow Pipeline: 0

* FSM state transitions: 
1 --> 2 
2 --> 6 3 
3 --> 4 
4 --> 5 
5 --> 2 
6 --> 

* FSM state operations: 

State 1 <SV = 0> <Delay = 1.76>
ST_1 : Operation 7 [1/1] (0.00ns)   --->   "%m_read = call i16 @_ssdm_op_Read.ap_auto.i16(i16 %m)" [src/std_conv.cpp:132]   --->   Operation 7 'read' 'm_read' <Predicate = true> <Delay = 0.00>
ST_1 : Operation 8 [1/1] (0.00ns)   --->   "%lshr_ln = call i11 @_ssdm_op_PartSelect.i11.i16.i32.i32(i16 %m_read, i32 5, i32 15)" [src/std_conv.cpp:139]   --->   Operation 8 'partselect' 'lshr_ln' <Predicate = true> <Delay = 0.00>
ST_1 : Operation 9 [1/1] (0.00ns)   --->   "%zext_ln139 = zext i11 %lshr_ln to i64" [src/std_conv.cpp:139]   --->   Operation 9 'zext' 'zext_ln139' <Predicate = true> <Delay = 0.00>
ST_1 : Operation 10 [1/1] (0.00ns)   --->   "%bias_buff_0_V_addr = getelementptr [16 x i16]* %bias_buff_0_V, i64 0, i64 %zext_ln139" [src/std_conv.cpp:139]   --->   Operation 10 'getelementptr' 'bias_buff_0_V_addr' <Predicate = true> <Delay = 0.00>
ST_1 : Operation 11 [1/1] (0.00ns)   --->   "%bias_buff_1_V_addr = getelementptr [16 x i16]* %bias_buff_1_V, i64 0, i64 %zext_ln139" [src/std_conv.cpp:139]   --->   Operation 11 'getelementptr' 'bias_buff_1_V_addr' <Predicate = true> <Delay = 0.00>
ST_1 : Operation 12 [1/1] (0.00ns)   --->   "%bias_buff_2_V_addr = getelementptr [16 x i16]* %bias_buff_2_V, i64 0, i64 %zext_ln139" [src/std_conv.cpp:139]   --->   Operation 12 'getelementptr' 'bias_buff_2_V_addr' <Predicate = true> <Delay = 0.00>
ST_1 : Operation 13 [1/1] (0.00ns)   --->   "%bias_buff_3_V_addr = getelementptr [16 x i16]* %bias_buff_3_V, i64 0, i64 %zext_ln139" [src/std_conv.cpp:139]   --->   Operation 13 'getelementptr' 'bias_buff_3_V_addr' <Predicate = true> <Delay = 0.00>
ST_1 : Operation 14 [1/1] (0.00ns)   --->   "%bias_buff_4_V_addr = getelementptr [16 x i16]* %bias_buff_4_V, i64 0, i64 %zext_ln139" [src/std_conv.cpp:139]   --->   Operation 14 'getelementptr' 'bias_buff_4_V_addr' <Predicate = true> <Delay = 0.00>
ST_1 : Operation 15 [1/1] (0.00ns)   --->   "%bias_buff_5_V_addr = getelementptr [16 x i16]* %bias_buff_5_V, i64 0, i64 %zext_ln139" [src/std_conv.cpp:139]   --->   Operation 15 'getelementptr' 'bias_buff_5_V_addr' <Predicate = true> <Delay = 0.00>
ST_1 : Operation 16 [1/1] (0.00ns)   --->   "%bias_buff_6_V_addr = getelementptr [16 x i16]* %bias_buff_6_V, i64 0, i64 %zext_ln139" [src/std_conv.cpp:139]   --->   Operation 16 'getelementptr' 'bias_buff_6_V_addr' <Predicate = true> <Delay = 0.00>
ST_1 : Operation 17 [1/1] (0.00ns)   --->   "%bias_buff_7_V_addr = getelementptr [16 x i16]* %bias_buff_7_V, i64 0, i64 %zext_ln139" [src/std_conv.cpp:139]   --->   Operation 17 'getelementptr' 'bias_buff_7_V_addr' <Predicate = true> <Delay = 0.00>
ST_1 : Operation 18 [1/1] (0.00ns)   --->   "%bias_buff_8_V_addr = getelementptr [16 x i16]* %bias_buff_8_V, i64 0, i64 %zext_ln139" [src/std_conv.cpp:139]   --->   Operation 18 'getelementptr' 'bias_buff_8_V_addr' <Predicate = true> <Delay = 0.00>
ST_1 : Operation 19 [1/1] (0.00ns)   --->   "%bias_buff_9_V_addr = getelementptr [16 x i16]* %bias_buff_9_V, i64 0, i64 %zext_ln139" [src/std_conv.cpp:139]   --->   Operation 19 'getelementptr' 'bias_buff_9_V_addr' <Predicate = true> <Delay = 0.00>
ST_1 : Operation 20 [1/1] (0.00ns)   --->   "%bias_buff_10_V_addr = getelementptr [16 x i16]* %bias_buff_10_V, i64 0, i64 %zext_ln139" [src/std_conv.cpp:139]   --->   Operation 20 'getelementptr' 'bias_buff_10_V_addr' <Predicate = true> <Delay = 0.00>
ST_1 : Operation 21 [1/1] (0.00ns)   --->   "%bias_buff_11_V_addr = getelementptr [16 x i16]* %bias_buff_11_V, i64 0, i64 %zext_ln139" [src/std_conv.cpp:139]   --->   Operation 21 'getelementptr' 'bias_buff_11_V_addr' <Predicate = true> <Delay = 0.00>
ST_1 : Operation 22 [1/1] (0.00ns)   --->   "%bias_buff_12_V_addr = getelementptr [16 x i16]* %bias_buff_12_V, i64 0, i64 %zext_ln139" [src/std_conv.cpp:139]   --->   Operation 22 'getelementptr' 'bias_buff_12_V_addr' <Predicate = true> <Delay = 0.00>
ST_1 : Operation 23 [1/1] (0.00ns)   --->   "%bias_buff_13_V_addr = getelementptr [16 x i16]* %bias_buff_13_V, i64 0, i64 %zext_ln139" [src/std_conv.cpp:139]   --->   Operation 23 'getelementptr' 'bias_buff_13_V_addr' <Predicate = true> <Delay = 0.00>
ST_1 : Operation 24 [1/1] (0.00ns)   --->   "%bias_buff_14_V_addr = getelementptr [16 x i16]* %bias_buff_14_V, i64 0, i64 %zext_ln139" [src/std_conv.cpp:139]   --->   Operation 24 'getelementptr' 'bias_buff_14_V_addr' <Predicate = true> <Delay = 0.00>
ST_1 : Operation 25 [1/1] (0.00ns)   --->   "%bias_buff_15_V_addr = getelementptr [16 x i16]* %bias_buff_15_V, i64 0, i64 %zext_ln139" [src/std_conv.cpp:139]   --->   Operation 25 'getelementptr' 'bias_buff_15_V_addr' <Predicate = true> <Delay = 0.00>
ST_1 : Operation 26 [1/1] (0.00ns)   --->   "%bias_buff_16_V_addr = getelementptr [16 x i16]* %bias_buff_16_V, i64 0, i64 %zext_ln139" [src/std_conv.cpp:139]   --->   Operation 26 'getelementptr' 'bias_buff_16_V_addr' <Predicate = true> <Delay = 0.00>
ST_1 : Operation 27 [1/1] (0.00ns)   --->   "%bias_buff_17_V_addr = getelementptr [16 x i16]* %bias_buff_17_V, i64 0, i64 %zext_ln139" [src/std_conv.cpp:139]   --->   Operation 27 'getelementptr' 'bias_buff_17_V_addr' <Predicate = true> <Delay = 0.00>
ST_1 : Operation 28 [1/1] (0.00ns)   --->   "%bias_buff_18_V_addr = getelementptr [16 x i16]* %bias_buff_18_V, i64 0, i64 %zext_ln139" [src/std_conv.cpp:139]   --->   Operation 28 'getelementptr' 'bias_buff_18_V_addr' <Predicate = true> <Delay = 0.00>
ST_1 : Operation 29 [1/1] (0.00ns)   --->   "%bias_buff_19_V_addr = getelementptr [16 x i16]* %bias_buff_19_V, i64 0, i64 %zext_ln139" [src/std_conv.cpp:139]   --->   Operation 29 'getelementptr' 'bias_buff_19_V_addr' <Predicate = true> <Delay = 0.00>
ST_1 : Operation 30 [1/1] (0.00ns)   --->   "%bias_buff_20_V_addr = getelementptr [16 x i16]* %bias_buff_20_V, i64 0, i64 %zext_ln139" [src/std_conv.cpp:139]   --->   Operation 30 'getelementptr' 'bias_buff_20_V_addr' <Predicate = true> <Delay = 0.00>
ST_1 : Operation 31 [1/1] (0.00ns)   --->   "%bias_buff_21_V_addr = getelementptr [16 x i16]* %bias_buff_21_V, i64 0, i64 %zext_ln139" [src/std_conv.cpp:139]   --->   Operation 31 'getelementptr' 'bias_buff_21_V_addr' <Predicate = true> <Delay = 0.00>
ST_1 : Operation 32 [1/1] (0.00ns)   --->   "%bias_buff_22_V_addr = getelementptr [16 x i16]* %bias_buff_22_V, i64 0, i64 %zext_ln139" [src/std_conv.cpp:139]   --->   Operation 32 'getelementptr' 'bias_buff_22_V_addr' <Predicate = true> <Delay = 0.00>
ST_1 : Operation 33 [1/1] (0.00ns)   --->   "%bias_buff_23_V_addr = getelementptr [16 x i16]* %bias_buff_23_V, i64 0, i64 %zext_ln139" [src/std_conv.cpp:139]   --->   Operation 33 'getelementptr' 'bias_buff_23_V_addr' <Predicate = true> <Delay = 0.00>
ST_1 : Operation 34 [1/1] (0.00ns)   --->   "%bias_buff_24_V_addr = getelementptr [16 x i16]* %bias_buff_24_V, i64 0, i64 %zext_ln139" [src/std_conv.cpp:139]   --->   Operation 34 'getelementptr' 'bias_buff_24_V_addr' <Predicate = true> <Delay = 0.00>
ST_1 : Operation 35 [1/1] (0.00ns)   --->   "%bias_buff_25_V_addr = getelementptr [16 x i16]* %bias_buff_25_V, i64 0, i64 %zext_ln139" [src/std_conv.cpp:139]   --->   Operation 35 'getelementptr' 'bias_buff_25_V_addr' <Predicate = true> <Delay = 0.00>
ST_1 : Operation 36 [1/1] (0.00ns)   --->   "%bias_buff_26_V_addr = getelementptr [16 x i16]* %bias_buff_26_V, i64 0, i64 %zext_ln139" [src/std_conv.cpp:139]   --->   Operation 36 'getelementptr' 'bias_buff_26_V_addr' <Predicate = true> <Delay = 0.00>
ST_1 : Operation 37 [1/1] (0.00ns)   --->   "%bias_buff_27_V_addr = getelementptr [16 x i16]* %bias_buff_27_V, i64 0, i64 %zext_ln139" [src/std_conv.cpp:139]   --->   Operation 37 'getelementptr' 'bias_buff_27_V_addr' <Predicate = true> <Delay = 0.00>
ST_1 : Operation 38 [1/1] (0.00ns)   --->   "%bias_buff_28_V_addr = getelementptr [16 x i16]* %bias_buff_28_V, i64 0, i64 %zext_ln139" [src/std_conv.cpp:139]   --->   Operation 38 'getelementptr' 'bias_buff_28_V_addr' <Predicate = true> <Delay = 0.00>
ST_1 : Operation 39 [1/1] (0.00ns)   --->   "%bias_buff_29_V_addr = getelementptr [16 x i16]* %bias_buff_29_V, i64 0, i64 %zext_ln139" [src/std_conv.cpp:139]   --->   Operation 39 'getelementptr' 'bias_buff_29_V_addr' <Predicate = true> <Delay = 0.00>
ST_1 : Operation 40 [1/1] (0.00ns)   --->   "%bias_buff_30_V_addr = getelementptr [16 x i16]* %bias_buff_30_V, i64 0, i64 %zext_ln139" [src/std_conv.cpp:139]   --->   Operation 40 'getelementptr' 'bias_buff_30_V_addr' <Predicate = true> <Delay = 0.00>
ST_1 : Operation 41 [1/1] (0.00ns)   --->   "%bias_buff_31_V_addr = getelementptr [16 x i16]* %bias_buff_31_V, i64 0, i64 %zext_ln139" [src/std_conv.cpp:139]   --->   Operation 41 'getelementptr' 'bias_buff_31_V_addr' <Predicate = true> <Delay = 0.00>
ST_1 : Operation 42 [1/1] (1.76ns)   --->   "br label %.preheader" [src/std_conv.cpp:134]   --->   Operation 42 'br' <Predicate = true> <Delay = 1.76>

State 2 <SV = 1> <Delay = 4.06>
ST_2 : Operation 43 [1/1] (0.00ns)   --->   "%indvar_flatten = phi i8 [ 0, %0 ], [ %add_ln134, %hls_label_4 ]" [src/std_conv.cpp:134]   --->   Operation 43 'phi' 'indvar_flatten' <Predicate = true> <Delay = 0.00>
ST_2 : Operation 44 [1/1] (0.00ns)   --->   "%rr_0 = phi i4 [ 0, %0 ], [ %select_ln139_1, %hls_label_4 ]" [src/std_conv.cpp:139]   --->   Operation 44 'phi' 'rr_0' <Predicate = true> <Delay = 0.00>
ST_2 : Operation 45 [1/1] (0.00ns)   --->   "%cc_0 = phi i4 [ 0, %0 ], [ %cc, %hls_label_4 ]"   --->   Operation 45 'phi' 'cc_0' <Predicate = true> <Delay = 0.00>
ST_2 : Operation 46 [1/1] (1.55ns)   --->   "%icmp_ln134 = icmp eq i8 %indvar_flatten, -87" [src/std_conv.cpp:134]   --->   Operation 46 'icmp' 'icmp_ln134' <Predicate = true> <Delay = 1.55> <Core = "Cmp">   --->   Core 25 'Cmp' <Latency = 0> <II = 1> <Delay = 1.30> <FuncUnit> <Opcode : 'icmp'> <InPorts = 2> <OutPorts = 1>
ST_2 : Operation 47 [1/1] (1.91ns)   --->   "%add_ln134 = add i8 %indvar_flatten, 1" [src/std_conv.cpp:134]   --->   Operation 47 'add' 'add_ln134' <Predicate = true> <Delay = 1.91> <Core = "AddSub">   --->   Core 14 'AddSub' <Latency = 0> <II = 1> <Delay = 1.73> <FuncUnit> <Opcode : 'add' 'sub'> <InPorts = 2> <OutPorts = 1>
ST_2 : Operation 48 [1/1] (0.00ns)   --->   "br i1 %icmp_ln134, label %1, label %hls_label_4" [src/std_conv.cpp:134]   --->   Operation 48 'br' <Predicate = true> <Delay = 0.00>
ST_2 : Operation 49 [1/1] (1.73ns)   --->   "%rr = add i4 %rr_0, 1" [src/std_conv.cpp:134]   --->   Operation 49 'add' 'rr' <Predicate = (!icmp_ln134)> <Delay = 1.73> <Core = "AddSub">   --->   Core 14 'AddSub' <Latency = 0> <II = 1> <Delay = 1.73> <FuncUnit> <Opcode : 'add' 'sub'> <InPorts = 2> <OutPorts = 1>
ST_2 : Operation 50 [1/1] (1.30ns)   --->   "%icmp_ln135 = icmp eq i4 %cc_0, -3" [src/std_conv.cpp:135]   --->   Operation 50 'icmp' 'icmp_ln135' <Predicate = (!icmp_ln134)> <Delay = 1.30> <Core = "Cmp">   --->   Core 25 'Cmp' <Latency = 0> <II = 1> <Delay = 1.30> <FuncUnit> <Opcode : 'icmp'> <InPorts = 2> <OutPorts = 1>
ST_2 : Operation 51 [1/1] (1.02ns)   --->   "%select_ln139 = select i1 %icmp_ln135, i4 0, i4 %cc_0" [src/std_conv.cpp:139]   --->   Operation 51 'select' 'select_ln139' <Predicate = (!icmp_ln134)> <Delay = 1.02> <Core = "Sel">   --->   Core 26 'Sel' <Latency = 0> <II = 1> <Delay = 1.02> <FuncUnit> <Opcode : 'select'> <InPorts = 3> <OutPorts = 1>
ST_2 : Operation 52 [1/1] (1.02ns)   --->   "%select_ln139_1 = select i1 %icmp_ln135, i4 %rr, i4 %rr_0" [src/std_conv.cpp:139]   --->   Operation 52 'select' 'select_ln139_1' <Predicate = (!icmp_ln134)> <Delay = 1.02> <Core = "Sel">   --->   Core 26 'Sel' <Latency = 0> <II = 1> <Delay = 1.02> <FuncUnit> <Opcode : 'select'> <InPorts = 3> <OutPorts = 1>
ST_2 : Operation 53 [1/1] (0.00ns)   --->   "%zext_ln203 = zext i4 %select_ln139_1 to i8" [src/std_conv.cpp:139]   --->   Operation 53 'zext' 'zext_ln203' <Predicate = (!icmp_ln134)> <Delay = 0.00>
ST_2 : Operation 54 [3/3] (1.05ns) (grouped into DSP with root node add_ln203)   --->   "%mul_ln203 = mul i8 %zext_ln203, 13" [src/std_conv.cpp:139]   --->   Operation 54 'mul' 'mul_ln203' <Predicate = (!icmp_ln134)> <Delay = 1.05> <Core = "DSP48">   --->   Core 88 'DSP48' <Latency = 2> <II = 1> <Delay = 3.88> <IPBlock> <Opcode : 'mul' 'add' 'sub' 'select'> <InPorts = 0> <OutPorts = 1> <Sync> <CReg>
ST_2 : Operation 55 [1/1] (1.73ns)   --->   "%cc = add i4 %select_ln139, 1" [src/std_conv.cpp:135]   --->   Operation 55 'add' 'cc' <Predicate = (!icmp_ln134)> <Delay = 1.73> <Core = "AddSub">   --->   Core 14 'AddSub' <Latency = 0> <II = 1> <Delay = 1.73> <FuncUnit> <Opcode : 'add' 'sub'> <InPorts = 2> <OutPorts = 1>

State 3 <SV = 2> <Delay = 2.32>
ST_3 : Operation 56 [2/3] (1.05ns) (grouped into DSP with root node add_ln203)   --->   "%mul_ln203 = mul i8 %zext_ln203, 13" [src/std_conv.cpp:139]   --->   Operation 56 'mul' 'mul_ln203' <Predicate = (!icmp_ln134)> <Delay = 1.05> <Core = "DSP48">   --->   Core 88 'DSP48' <Latency = 2> <II = 1> <Delay = 3.88> <IPBlock> <Opcode : 'mul' 'add' 'sub' 'select'> <InPorts = 0> <OutPorts = 1> <Sync> <CReg>
ST_3 : Operation 57 [2/2] (2.32ns)   --->   "%bias_buff_0_V_load = load i16* %bias_buff_0_V_addr, align 2" [src/std_conv.cpp:139]   --->   Operation 57 'load' 'bias_buff_0_V_load' <Predicate = (!icmp_ln134)> <Delay = 2.32> <Core = "RAM">   --->   Core 37 'RAM' <Latency = 1> <II = 1> <Delay = 3.25> <Storage> <Opcode : 'load' 'store'> <Ports = 2> <Width = 16> <Depth = 169> <RAM>
ST_3 : Operation 58 [2/2] (2.32ns)   --->   "%bias_buff_1_V_load = load i16* %bias_buff_1_V_addr, align 2" [src/std_conv.cpp:139]   --->   Operation 58 'load' 'bias_buff_1_V_load' <Predicate = (!icmp_ln134)> <Delay = 2.32> <Core = "RAM">   --->   Core 37 'RAM' <Latency = 1> <II = 1> <Delay = 3.25> <Storage> <Opcode : 'load' 'store'> <Ports = 2> <Width = 16> <Depth = 169> <RAM>
ST_3 : Operation 59 [2/2] (2.32ns)   --->   "%bias_buff_2_V_load = load i16* %bias_buff_2_V_addr, align 2" [src/std_conv.cpp:139]   --->   Operation 59 'load' 'bias_buff_2_V_load' <Predicate = (!icmp_ln134)> <Delay = 2.32> <Core = "RAM">   --->   Core 37 'RAM' <Latency = 1> <II = 1> <Delay = 3.25> <Storage> <Opcode : 'load' 'store'> <Ports = 2> <Width = 16> <Depth = 169> <RAM>
ST_3 : Operation 60 [2/2] (2.32ns)   --->   "%bias_buff_3_V_load = load i16* %bias_buff_3_V_addr, align 2" [src/std_conv.cpp:139]   --->   Operation 60 'load' 'bias_buff_3_V_load' <Predicate = (!icmp_ln134)> <Delay = 2.32> <Core = "RAM">   --->   Core 37 'RAM' <Latency = 1> <II = 1> <Delay = 3.25> <Storage> <Opcode : 'load' 'store'> <Ports = 2> <Width = 16> <Depth = 169> <RAM>
ST_3 : Operation 61 [2/2] (2.32ns)   --->   "%bias_buff_4_V_load = load i16* %bias_buff_4_V_addr, align 2" [src/std_conv.cpp:139]   --->   Operation 61 'load' 'bias_buff_4_V_load' <Predicate = (!icmp_ln134)> <Delay = 2.32> <Core = "RAM">   --->   Core 37 'RAM' <Latency = 1> <II = 1> <Delay = 3.25> <Storage> <Opcode : 'load' 'store'> <Ports = 2> <Width = 16> <Depth = 169> <RAM>
ST_3 : Operation 62 [2/2] (2.32ns)   --->   "%bias_buff_5_V_load = load i16* %bias_buff_5_V_addr, align 2" [src/std_conv.cpp:139]   --->   Operation 62 'load' 'bias_buff_5_V_load' <Predicate = (!icmp_ln134)> <Delay = 2.32> <Core = "RAM">   --->   Core 37 'RAM' <Latency = 1> <II = 1> <Delay = 3.25> <Storage> <Opcode : 'load' 'store'> <Ports = 2> <Width = 16> <Depth = 169> <RAM>
ST_3 : Operation 63 [2/2] (2.32ns)   --->   "%bias_buff_6_V_load = load i16* %bias_buff_6_V_addr, align 2" [src/std_conv.cpp:139]   --->   Operation 63 'load' 'bias_buff_6_V_load' <Predicate = (!icmp_ln134)> <Delay = 2.32> <Core = "RAM">   --->   Core 37 'RAM' <Latency = 1> <II = 1> <Delay = 3.25> <Storage> <Opcode : 'load' 'store'> <Ports = 2> <Width = 16> <Depth = 169> <RAM>
ST_3 : Operation 64 [2/2] (2.32ns)   --->   "%bias_buff_7_V_load = load i16* %bias_buff_7_V_addr, align 2" [src/std_conv.cpp:139]   --->   Operation 64 'load' 'bias_buff_7_V_load' <Predicate = (!icmp_ln134)> <Delay = 2.32> <Core = "RAM">   --->   Core 37 'RAM' <Latency = 1> <II = 1> <Delay = 3.25> <Storage> <Opcode : 'load' 'store'> <Ports = 2> <Width = 16> <Depth = 169> <RAM>
ST_3 : Operation 65 [2/2] (2.32ns)   --->   "%bias_buff_8_V_load = load i16* %bias_buff_8_V_addr, align 2" [src/std_conv.cpp:139]   --->   Operation 65 'load' 'bias_buff_8_V_load' <Predicate = (!icmp_ln134)> <Delay = 2.32> <Core = "RAM">   --->   Core 37 'RAM' <Latency = 1> <II = 1> <Delay = 3.25> <Storage> <Opcode : 'load' 'store'> <Ports = 2> <Width = 16> <Depth = 169> <RAM>
ST_3 : Operation 66 [2/2] (2.32ns)   --->   "%bias_buff_9_V_load = load i16* %bias_buff_9_V_addr, align 2" [src/std_conv.cpp:139]   --->   Operation 66 'load' 'bias_buff_9_V_load' <Predicate = (!icmp_ln134)> <Delay = 2.32> <Core = "RAM">   --->   Core 37 'RAM' <Latency = 1> <II = 1> <Delay = 3.25> <Storage> <Opcode : 'load' 'store'> <Ports = 2> <Width = 16> <Depth = 169> <RAM>
ST_3 : Operation 67 [2/2] (2.32ns)   --->   "%bias_buff_10_V_load = load i16* %bias_buff_10_V_addr, align 2" [src/std_conv.cpp:139]   --->   Operation 67 'load' 'bias_buff_10_V_load' <Predicate = (!icmp_ln134)> <Delay = 2.32> <Core = "RAM">   --->   Core 37 'RAM' <Latency = 1> <II = 1> <Delay = 3.25> <Storage> <Opcode : 'load' 'store'> <Ports = 2> <Width = 16> <Depth = 169> <RAM>
ST_3 : Operation 68 [2/2] (2.32ns)   --->   "%bias_buff_11_V_load = load i16* %bias_buff_11_V_addr, align 2" [src/std_conv.cpp:139]   --->   Operation 68 'load' 'bias_buff_11_V_load' <Predicate = (!icmp_ln134)> <Delay = 2.32> <Core = "RAM">   --->   Core 37 'RAM' <Latency = 1> <II = 1> <Delay = 3.25> <Storage> <Opcode : 'load' 'store'> <Ports = 2> <Width = 16> <Depth = 169> <RAM>
ST_3 : Operation 69 [2/2] (2.32ns)   --->   "%bias_buff_12_V_load = load i16* %bias_buff_12_V_addr, align 2" [src/std_conv.cpp:139]   --->   Operation 69 'load' 'bias_buff_12_V_load' <Predicate = (!icmp_ln134)> <Delay = 2.32> <Core = "RAM">   --->   Core 37 'RAM' <Latency = 1> <II = 1> <Delay = 3.25> <Storage> <Opcode : 'load' 'store'> <Ports = 2> <Width = 16> <Depth = 169> <RAM>
ST_3 : Operation 70 [2/2] (2.32ns)   --->   "%bias_buff_13_V_load = load i16* %bias_buff_13_V_addr, align 2" [src/std_conv.cpp:139]   --->   Operation 70 'load' 'bias_buff_13_V_load' <Predicate = (!icmp_ln134)> <Delay = 2.32> <Core = "RAM">   --->   Core 37 'RAM' <Latency = 1> <II = 1> <Delay = 3.25> <Storage> <Opcode : 'load' 'store'> <Ports = 2> <Width = 16> <Depth = 169> <RAM>
ST_3 : Operation 71 [2/2] (2.32ns)   --->   "%bias_buff_14_V_load = load i16* %bias_buff_14_V_addr, align 2" [src/std_conv.cpp:139]   --->   Operation 71 'load' 'bias_buff_14_V_load' <Predicate = (!icmp_ln134)> <Delay = 2.32> <Core = "RAM">   --->   Core 37 'RAM' <Latency = 1> <II = 1> <Delay = 3.25> <Storage> <Opcode : 'load' 'store'> <Ports = 2> <Width = 16> <Depth = 169> <RAM>
ST_3 : Operation 72 [2/2] (2.32ns)   --->   "%bias_buff_15_V_load = load i16* %bias_buff_15_V_addr, align 2" [src/std_conv.cpp:139]   --->   Operation 72 'load' 'bias_buff_15_V_load' <Predicate = (!icmp_ln134)> <Delay = 2.32> <Core = "RAM">   --->   Core 37 'RAM' <Latency = 1> <II = 1> <Delay = 3.25> <Storage> <Opcode : 'load' 'store'> <Ports = 2> <Width = 16> <Depth = 169> <RAM>
ST_3 : Operation 73 [2/2] (2.32ns)   --->   "%bias_buff_16_V_load = load i16* %bias_buff_16_V_addr, align 2" [src/std_conv.cpp:139]   --->   Operation 73 'load' 'bias_buff_16_V_load' <Predicate = (!icmp_ln134)> <Delay = 2.32> <Core = "RAM">   --->   Core 37 'RAM' <Latency = 1> <II = 1> <Delay = 3.25> <Storage> <Opcode : 'load' 'store'> <Ports = 2> <Width = 16> <Depth = 169> <RAM>
ST_3 : Operation 74 [2/2] (2.32ns)   --->   "%bias_buff_17_V_load = load i16* %bias_buff_17_V_addr, align 2" [src/std_conv.cpp:139]   --->   Operation 74 'load' 'bias_buff_17_V_load' <Predicate = (!icmp_ln134)> <Delay = 2.32> <Core = "RAM">   --->   Core 37 'RAM' <Latency = 1> <II = 1> <Delay = 3.25> <Storage> <Opcode : 'load' 'store'> <Ports = 2> <Width = 16> <Depth = 169> <RAM>
ST_3 : Operation 75 [2/2] (2.32ns)   --->   "%bias_buff_18_V_load = load i16* %bias_buff_18_V_addr, align 2" [src/std_conv.cpp:139]   --->   Operation 75 'load' 'bias_buff_18_V_load' <Predicate = (!icmp_ln134)> <Delay = 2.32> <Core = "RAM">   --->   Core 37 'RAM' <Latency = 1> <II = 1> <Delay = 3.25> <Storage> <Opcode : 'load' 'store'> <Ports = 2> <Width = 16> <Depth = 169> <RAM>
ST_3 : Operation 76 [2/2] (2.32ns)   --->   "%bias_buff_19_V_load = load i16* %bias_buff_19_V_addr, align 2" [src/std_conv.cpp:139]   --->   Operation 76 'load' 'bias_buff_19_V_load' <Predicate = (!icmp_ln134)> <Delay = 2.32> <Core = "RAM">   --->   Core 37 'RAM' <Latency = 1> <II = 1> <Delay = 3.25> <Storage> <Opcode : 'load' 'store'> <Ports = 2> <Width = 16> <Depth = 169> <RAM>
ST_3 : Operation 77 [2/2] (2.32ns)   --->   "%bias_buff_20_V_load = load i16* %bias_buff_20_V_addr, align 2" [src/std_conv.cpp:139]   --->   Operation 77 'load' 'bias_buff_20_V_load' <Predicate = (!icmp_ln134)> <Delay = 2.32> <Core = "RAM">   --->   Core 37 'RAM' <Latency = 1> <II = 1> <Delay = 3.25> <Storage> <Opcode : 'load' 'store'> <Ports = 2> <Width = 16> <Depth = 169> <RAM>
ST_3 : Operation 78 [2/2] (2.32ns)   --->   "%bias_buff_21_V_load = load i16* %bias_buff_21_V_addr, align 2" [src/std_conv.cpp:139]   --->   Operation 78 'load' 'bias_buff_21_V_load' <Predicate = (!icmp_ln134)> <Delay = 2.32> <Core = "RAM">   --->   Core 37 'RAM' <Latency = 1> <II = 1> <Delay = 3.25> <Storage> <Opcode : 'load' 'store'> <Ports = 2> <Width = 16> <Depth = 169> <RAM>
ST_3 : Operation 79 [2/2] (2.32ns)   --->   "%bias_buff_22_V_load = load i16* %bias_buff_22_V_addr, align 2" [src/std_conv.cpp:139]   --->   Operation 79 'load' 'bias_buff_22_V_load' <Predicate = (!icmp_ln134)> <Delay = 2.32> <Core = "RAM">   --->   Core 37 'RAM' <Latency = 1> <II = 1> <Delay = 3.25> <Storage> <Opcode : 'load' 'store'> <Ports = 2> <Width = 16> <Depth = 169> <RAM>
ST_3 : Operation 80 [2/2] (2.32ns)   --->   "%bias_buff_23_V_load = load i16* %bias_buff_23_V_addr, align 2" [src/std_conv.cpp:139]   --->   Operation 80 'load' 'bias_buff_23_V_load' <Predicate = (!icmp_ln134)> <Delay = 2.32> <Core = "RAM">   --->   Core 37 'RAM' <Latency = 1> <II = 1> <Delay = 3.25> <Storage> <Opcode : 'load' 'store'> <Ports = 2> <Width = 16> <Depth = 169> <RAM>
ST_3 : Operation 81 [2/2] (2.32ns)   --->   "%bias_buff_24_V_load = load i16* %bias_buff_24_V_addr, align 2" [src/std_conv.cpp:139]   --->   Operation 81 'load' 'bias_buff_24_V_load' <Predicate = (!icmp_ln134)> <Delay = 2.32> <Core = "RAM">   --->   Core 37 'RAM' <Latency = 1> <II = 1> <Delay = 3.25> <Storage> <Opcode : 'load' 'store'> <Ports = 2> <Width = 16> <Depth = 169> <RAM>
ST_3 : Operation 82 [2/2] (2.32ns)   --->   "%bias_buff_25_V_load = load i16* %bias_buff_25_V_addr, align 2" [src/std_conv.cpp:139]   --->   Operation 82 'load' 'bias_buff_25_V_load' <Predicate = (!icmp_ln134)> <Delay = 2.32> <Core = "RAM">   --->   Core 37 'RAM' <Latency = 1> <II = 1> <Delay = 3.25> <Storage> <Opcode : 'load' 'store'> <Ports = 2> <Width = 16> <Depth = 169> <RAM>
ST_3 : Operation 83 [2/2] (2.32ns)   --->   "%bias_buff_26_V_load = load i16* %bias_buff_26_V_addr, align 2" [src/std_conv.cpp:139]   --->   Operation 83 'load' 'bias_buff_26_V_load' <Predicate = (!icmp_ln134)> <Delay = 2.32> <Core = "RAM">   --->   Core 37 'RAM' <Latency = 1> <II = 1> <Delay = 3.25> <Storage> <Opcode : 'load' 'store'> <Ports = 2> <Width = 16> <Depth = 169> <RAM>
ST_3 : Operation 84 [2/2] (2.32ns)   --->   "%bias_buff_27_V_load = load i16* %bias_buff_27_V_addr, align 2" [src/std_conv.cpp:139]   --->   Operation 84 'load' 'bias_buff_27_V_load' <Predicate = (!icmp_ln134)> <Delay = 2.32> <Core = "RAM">   --->   Core 37 'RAM' <Latency = 1> <II = 1> <Delay = 3.25> <Storage> <Opcode : 'load' 'store'> <Ports = 2> <Width = 16> <Depth = 169> <RAM>
ST_3 : Operation 85 [2/2] (2.32ns)   --->   "%bias_buff_28_V_load = load i16* %bias_buff_28_V_addr, align 2" [src/std_conv.cpp:139]   --->   Operation 85 'load' 'bias_buff_28_V_load' <Predicate = (!icmp_ln134)> <Delay = 2.32> <Core = "RAM">   --->   Core 37 'RAM' <Latency = 1> <II = 1> <Delay = 3.25> <Storage> <Opcode : 'load' 'store'> <Ports = 2> <Width = 16> <Depth = 169> <RAM>
ST_3 : Operation 86 [2/2] (2.32ns)   --->   "%bias_buff_29_V_load = load i16* %bias_buff_29_V_addr, align 2" [src/std_conv.cpp:139]   --->   Operation 86 'load' 'bias_buff_29_V_load' <Predicate = (!icmp_ln134)> <Delay = 2.32> <Core = "RAM">   --->   Core 37 'RAM' <Latency = 1> <II = 1> <Delay = 3.25> <Storage> <Opcode : 'load' 'store'> <Ports = 2> <Width = 16> <Depth = 169> <RAM>
ST_3 : Operation 87 [2/2] (2.32ns)   --->   "%bias_buff_30_V_load = load i16* %bias_buff_30_V_addr, align 2" [src/std_conv.cpp:139]   --->   Operation 87 'load' 'bias_buff_30_V_load' <Predicate = (!icmp_ln134)> <Delay = 2.32> <Core = "RAM">   --->   Core 37 'RAM' <Latency = 1> <II = 1> <Delay = 3.25> <Storage> <Opcode : 'load' 'store'> <Ports = 2> <Width = 16> <Depth = 169> <RAM>
ST_3 : Operation 88 [2/2] (2.32ns)   --->   "%bias_buff_31_V_load = load i16* %bias_buff_31_V_addr, align 2" [src/std_conv.cpp:139]   --->   Operation 88 'load' 'bias_buff_31_V_load' <Predicate = (!icmp_ln134)> <Delay = 2.32> <Core = "RAM">   --->   Core 37 'RAM' <Latency = 1> <II = 1> <Delay = 3.25> <Storage> <Opcode : 'load' 'store'> <Ports = 2> <Width = 16> <Depth = 169> <RAM>

State 4 <SV = 3> <Delay = 3.02>
ST_4 : Operation 89 [1/3] (0.00ns) (grouped into DSP with root node add_ln203)   --->   "%mul_ln203 = mul i8 %zext_ln203, 13" [src/std_conv.cpp:139]   --->   Operation 89 'mul' 'mul_ln203' <Predicate = (!icmp_ln134)> <Delay = 0.00> <Core = "DSP48">   --->   Core 88 'DSP48' <Latency = 2> <II = 1> <Delay = 3.88> <IPBlock> <Opcode : 'mul' 'add' 'sub' 'select'> <InPorts = 0> <OutPorts = 1> <Sync> <CReg>
ST_4 : Operation 90 [1/1] (0.00ns)   --->   "%zext_ln203_38 = zext i4 %select_ln139 to i8" [src/std_conv.cpp:139]   --->   Operation 90 'zext' 'zext_ln203_38' <Predicate = (!icmp_ln134)> <Delay = 0.00>
ST_4 : Operation 91 [1/1] (3.02ns) (root node of the DSP)   --->   "%add_ln203 = add i8 %mul_ln203, %zext_ln203_38" [src/std_conv.cpp:139]   --->   Operation 91 'add' 'add_ln203' <Predicate = (!icmp_ln134)> <Delay = 3.02> <Core = "DSP48">   --->   Core 88 'DSP48' <Latency = 2> <II = 1> <Delay = 3.88> <IPBlock> <Opcode : 'mul' 'add' 'sub' 'select'> <InPorts = 0> <OutPorts = 1> <Sync> <CReg>
ST_4 : Operation 92 [1/2] (2.32ns)   --->   "%bias_buff_0_V_load = load i16* %bias_buff_0_V_addr, align 2" [src/std_conv.cpp:139]   --->   Operation 92 'load' 'bias_buff_0_V_load' <Predicate = (!icmp_ln134)> <Delay = 2.32> <Core = "RAM">   --->   Core 37 'RAM' <Latency = 1> <II = 1> <Delay = 3.25> <Storage> <Opcode : 'load' 'store'> <Ports = 2> <Width = 16> <Depth = 169> <RAM>
ST_4 : Operation 93 [1/2] (2.32ns)   --->   "%bias_buff_1_V_load = load i16* %bias_buff_1_V_addr, align 2" [src/std_conv.cpp:139]   --->   Operation 93 'load' 'bias_buff_1_V_load' <Predicate = (!icmp_ln134)> <Delay = 2.32> <Core = "RAM">   --->   Core 37 'RAM' <Latency = 1> <II = 1> <Delay = 3.25> <Storage> <Opcode : 'load' 'store'> <Ports = 2> <Width = 16> <Depth = 169> <RAM>
ST_4 : Operation 94 [1/2] (2.32ns)   --->   "%bias_buff_2_V_load = load i16* %bias_buff_2_V_addr, align 2" [src/std_conv.cpp:139]   --->   Operation 94 'load' 'bias_buff_2_V_load' <Predicate = (!icmp_ln134)> <Delay = 2.32> <Core = "RAM">   --->   Core 37 'RAM' <Latency = 1> <II = 1> <Delay = 3.25> <Storage> <Opcode : 'load' 'store'> <Ports = 2> <Width = 16> <Depth = 169> <RAM>
ST_4 : Operation 95 [1/2] (2.32ns)   --->   "%bias_buff_3_V_load = load i16* %bias_buff_3_V_addr, align 2" [src/std_conv.cpp:139]   --->   Operation 95 'load' 'bias_buff_3_V_load' <Predicate = (!icmp_ln134)> <Delay = 2.32> <Core = "RAM">   --->   Core 37 'RAM' <Latency = 1> <II = 1> <Delay = 3.25> <Storage> <Opcode : 'load' 'store'> <Ports = 2> <Width = 16> <Depth = 169> <RAM>
ST_4 : Operation 96 [1/2] (2.32ns)   --->   "%bias_buff_4_V_load = load i16* %bias_buff_4_V_addr, align 2" [src/std_conv.cpp:139]   --->   Operation 96 'load' 'bias_buff_4_V_load' <Predicate = (!icmp_ln134)> <Delay = 2.32> <Core = "RAM">   --->   Core 37 'RAM' <Latency = 1> <II = 1> <Delay = 3.25> <Storage> <Opcode : 'load' 'store'> <Ports = 2> <Width = 16> <Depth = 169> <RAM>
ST_4 : Operation 97 [1/2] (2.32ns)   --->   "%bias_buff_5_V_load = load i16* %bias_buff_5_V_addr, align 2" [src/std_conv.cpp:139]   --->   Operation 97 'load' 'bias_buff_5_V_load' <Predicate = (!icmp_ln134)> <Delay = 2.32> <Core = "RAM">   --->   Core 37 'RAM' <Latency = 1> <II = 1> <Delay = 3.25> <Storage> <Opcode : 'load' 'store'> <Ports = 2> <Width = 16> <Depth = 169> <RAM>
ST_4 : Operation 98 [1/2] (2.32ns)   --->   "%bias_buff_6_V_load = load i16* %bias_buff_6_V_addr, align 2" [src/std_conv.cpp:139]   --->   Operation 98 'load' 'bias_buff_6_V_load' <Predicate = (!icmp_ln134)> <Delay = 2.32> <Core = "RAM">   --->   Core 37 'RAM' <Latency = 1> <II = 1> <Delay = 3.25> <Storage> <Opcode : 'load' 'store'> <Ports = 2> <Width = 16> <Depth = 169> <RAM>
ST_4 : Operation 99 [1/2] (2.32ns)   --->   "%bias_buff_7_V_load = load i16* %bias_buff_7_V_addr, align 2" [src/std_conv.cpp:139]   --->   Operation 99 'load' 'bias_buff_7_V_load' <Predicate = (!icmp_ln134)> <Delay = 2.32> <Core = "RAM">   --->   Core 37 'RAM' <Latency = 1> <II = 1> <Delay = 3.25> <Storage> <Opcode : 'load' 'store'> <Ports = 2> <Width = 16> <Depth = 169> <RAM>
ST_4 : Operation 100 [1/2] (2.32ns)   --->   "%bias_buff_8_V_load = load i16* %bias_buff_8_V_addr, align 2" [src/std_conv.cpp:139]   --->   Operation 100 'load' 'bias_buff_8_V_load' <Predicate = (!icmp_ln134)> <Delay = 2.32> <Core = "RAM">   --->   Core 37 'RAM' <Latency = 1> <II = 1> <Delay = 3.25> <Storage> <Opcode : 'load' 'store'> <Ports = 2> <Width = 16> <Depth = 169> <RAM>
ST_4 : Operation 101 [1/2] (2.32ns)   --->   "%bias_buff_9_V_load = load i16* %bias_buff_9_V_addr, align 2" [src/std_conv.cpp:139]   --->   Operation 101 'load' 'bias_buff_9_V_load' <Predicate = (!icmp_ln134)> <Delay = 2.32> <Core = "RAM">   --->   Core 37 'RAM' <Latency = 1> <II = 1> <Delay = 3.25> <Storage> <Opcode : 'load' 'store'> <Ports = 2> <Width = 16> <Depth = 169> <RAM>
ST_4 : Operation 102 [1/2] (2.32ns)   --->   "%bias_buff_10_V_load = load i16* %bias_buff_10_V_addr, align 2" [src/std_conv.cpp:139]   --->   Operation 102 'load' 'bias_buff_10_V_load' <Predicate = (!icmp_ln134)> <Delay = 2.32> <Core = "RAM">   --->   Core 37 'RAM' <Latency = 1> <II = 1> <Delay = 3.25> <Storage> <Opcode : 'load' 'store'> <Ports = 2> <Width = 16> <Depth = 169> <RAM>
ST_4 : Operation 103 [1/2] (2.32ns)   --->   "%bias_buff_11_V_load = load i16* %bias_buff_11_V_addr, align 2" [src/std_conv.cpp:139]   --->   Operation 103 'load' 'bias_buff_11_V_load' <Predicate = (!icmp_ln134)> <Delay = 2.32> <Core = "RAM">   --->   Core 37 'RAM' <Latency = 1> <II = 1> <Delay = 3.25> <Storage> <Opcode : 'load' 'store'> <Ports = 2> <Width = 16> <Depth = 169> <RAM>
ST_4 : Operation 104 [1/2] (2.32ns)   --->   "%bias_buff_12_V_load = load i16* %bias_buff_12_V_addr, align 2" [src/std_conv.cpp:139]   --->   Operation 104 'load' 'bias_buff_12_V_load' <Predicate = (!icmp_ln134)> <Delay = 2.32> <Core = "RAM">   --->   Core 37 'RAM' <Latency = 1> <II = 1> <Delay = 3.25> <Storage> <Opcode : 'load' 'store'> <Ports = 2> <Width = 16> <Depth = 169> <RAM>
ST_4 : Operation 105 [1/2] (2.32ns)   --->   "%bias_buff_13_V_load = load i16* %bias_buff_13_V_addr, align 2" [src/std_conv.cpp:139]   --->   Operation 105 'load' 'bias_buff_13_V_load' <Predicate = (!icmp_ln134)> <Delay = 2.32> <Core = "RAM">   --->   Core 37 'RAM' <Latency = 1> <II = 1> <Delay = 3.25> <Storage> <Opcode : 'load' 'store'> <Ports = 2> <Width = 16> <Depth = 169> <RAM>
ST_4 : Operation 106 [1/2] (2.32ns)   --->   "%bias_buff_14_V_load = load i16* %bias_buff_14_V_addr, align 2" [src/std_conv.cpp:139]   --->   Operation 106 'load' 'bias_buff_14_V_load' <Predicate = (!icmp_ln134)> <Delay = 2.32> <Core = "RAM">   --->   Core 37 'RAM' <Latency = 1> <II = 1> <Delay = 3.25> <Storage> <Opcode : 'load' 'store'> <Ports = 2> <Width = 16> <Depth = 169> <RAM>
ST_4 : Operation 107 [1/2] (2.32ns)   --->   "%bias_buff_15_V_load = load i16* %bias_buff_15_V_addr, align 2" [src/std_conv.cpp:139]   --->   Operation 107 'load' 'bias_buff_15_V_load' <Predicate = (!icmp_ln134)> <Delay = 2.32> <Core = "RAM">   --->   Core 37 'RAM' <Latency = 1> <II = 1> <Delay = 3.25> <Storage> <Opcode : 'load' 'store'> <Ports = 2> <Width = 16> <Depth = 169> <RAM>
ST_4 : Operation 108 [1/2] (2.32ns)   --->   "%bias_buff_16_V_load = load i16* %bias_buff_16_V_addr, align 2" [src/std_conv.cpp:139]   --->   Operation 108 'load' 'bias_buff_16_V_load' <Predicate = (!icmp_ln134)> <Delay = 2.32> <Core = "RAM">   --->   Core 37 'RAM' <Latency = 1> <II = 1> <Delay = 3.25> <Storage> <Opcode : 'load' 'store'> <Ports = 2> <Width = 16> <Depth = 169> <RAM>
ST_4 : Operation 109 [1/2] (2.32ns)   --->   "%bias_buff_17_V_load = load i16* %bias_buff_17_V_addr, align 2" [src/std_conv.cpp:139]   --->   Operation 109 'load' 'bias_buff_17_V_load' <Predicate = (!icmp_ln134)> <Delay = 2.32> <Core = "RAM">   --->   Core 37 'RAM' <Latency = 1> <II = 1> <Delay = 3.25> <Storage> <Opcode : 'load' 'store'> <Ports = 2> <Width = 16> <Depth = 169> <RAM>
ST_4 : Operation 110 [1/2] (2.32ns)   --->   "%bias_buff_18_V_load = load i16* %bias_buff_18_V_addr, align 2" [src/std_conv.cpp:139]   --->   Operation 110 'load' 'bias_buff_18_V_load' <Predicate = (!icmp_ln134)> <Delay = 2.32> <Core = "RAM">   --->   Core 37 'RAM' <Latency = 1> <II = 1> <Delay = 3.25> <Storage> <Opcode : 'load' 'store'> <Ports = 2> <Width = 16> <Depth = 169> <RAM>
ST_4 : Operation 111 [1/2] (2.32ns)   --->   "%bias_buff_19_V_load = load i16* %bias_buff_19_V_addr, align 2" [src/std_conv.cpp:139]   --->   Operation 111 'load' 'bias_buff_19_V_load' <Predicate = (!icmp_ln134)> <Delay = 2.32> <Core = "RAM">   --->   Core 37 'RAM' <Latency = 1> <II = 1> <Delay = 3.25> <Storage> <Opcode : 'load' 'store'> <Ports = 2> <Width = 16> <Depth = 169> <RAM>
ST_4 : Operation 112 [1/2] (2.32ns)   --->   "%bias_buff_20_V_load = load i16* %bias_buff_20_V_addr, align 2" [src/std_conv.cpp:139]   --->   Operation 112 'load' 'bias_buff_20_V_load' <Predicate = (!icmp_ln134)> <Delay = 2.32> <Core = "RAM">   --->   Core 37 'RAM' <Latency = 1> <II = 1> <Delay = 3.25> <Storage> <Opcode : 'load' 'store'> <Ports = 2> <Width = 16> <Depth = 169> <RAM>
ST_4 : Operation 113 [1/2] (2.32ns)   --->   "%bias_buff_21_V_load = load i16* %bias_buff_21_V_addr, align 2" [src/std_conv.cpp:139]   --->   Operation 113 'load' 'bias_buff_21_V_load' <Predicate = (!icmp_ln134)> <Delay = 2.32> <Core = "RAM">   --->   Core 37 'RAM' <Latency = 1> <II = 1> <Delay = 3.25> <Storage> <Opcode : 'load' 'store'> <Ports = 2> <Width = 16> <Depth = 169> <RAM>
ST_4 : Operation 114 [1/2] (2.32ns)   --->   "%bias_buff_22_V_load = load i16* %bias_buff_22_V_addr, align 2" [src/std_conv.cpp:139]   --->   Operation 114 'load' 'bias_buff_22_V_load' <Predicate = (!icmp_ln134)> <Delay = 2.32> <Core = "RAM">   --->   Core 37 'RAM' <Latency = 1> <II = 1> <Delay = 3.25> <Storage> <Opcode : 'load' 'store'> <Ports = 2> <Width = 16> <Depth = 169> <RAM>
ST_4 : Operation 115 [1/2] (2.32ns)   --->   "%bias_buff_23_V_load = load i16* %bias_buff_23_V_addr, align 2" [src/std_conv.cpp:139]   --->   Operation 115 'load' 'bias_buff_23_V_load' <Predicate = (!icmp_ln134)> <Delay = 2.32> <Core = "RAM">   --->   Core 37 'RAM' <Latency = 1> <II = 1> <Delay = 3.25> <Storage> <Opcode : 'load' 'store'> <Ports = 2> <Width = 16> <Depth = 169> <RAM>
ST_4 : Operation 116 [1/2] (2.32ns)   --->   "%bias_buff_24_V_load = load i16* %bias_buff_24_V_addr, align 2" [src/std_conv.cpp:139]   --->   Operation 116 'load' 'bias_buff_24_V_load' <Predicate = (!icmp_ln134)> <Delay = 2.32> <Core = "RAM">   --->   Core 37 'RAM' <Latency = 1> <II = 1> <Delay = 3.25> <Storage> <Opcode : 'load' 'store'> <Ports = 2> <Width = 16> <Depth = 169> <RAM>
ST_4 : Operation 117 [1/2] (2.32ns)   --->   "%bias_buff_25_V_load = load i16* %bias_buff_25_V_addr, align 2" [src/std_conv.cpp:139]   --->   Operation 117 'load' 'bias_buff_25_V_load' <Predicate = (!icmp_ln134)> <Delay = 2.32> <Core = "RAM">   --->   Core 37 'RAM' <Latency = 1> <II = 1> <Delay = 3.25> <Storage> <Opcode : 'load' 'store'> <Ports = 2> <Width = 16> <Depth = 169> <RAM>
ST_4 : Operation 118 [1/2] (2.32ns)   --->   "%bias_buff_26_V_load = load i16* %bias_buff_26_V_addr, align 2" [src/std_conv.cpp:139]   --->   Operation 118 'load' 'bias_buff_26_V_load' <Predicate = (!icmp_ln134)> <Delay = 2.32> <Core = "RAM">   --->   Core 37 'RAM' <Latency = 1> <II = 1> <Delay = 3.25> <Storage> <Opcode : 'load' 'store'> <Ports = 2> <Width = 16> <Depth = 169> <RAM>
ST_4 : Operation 119 [1/2] (2.32ns)   --->   "%bias_buff_27_V_load = load i16* %bias_buff_27_V_addr, align 2" [src/std_conv.cpp:139]   --->   Operation 119 'load' 'bias_buff_27_V_load' <Predicate = (!icmp_ln134)> <Delay = 2.32> <Core = "RAM">   --->   Core 37 'RAM' <Latency = 1> <II = 1> <Delay = 3.25> <Storage> <Opcode : 'load' 'store'> <Ports = 2> <Width = 16> <Depth = 169> <RAM>
ST_4 : Operation 120 [1/2] (2.32ns)   --->   "%bias_buff_28_V_load = load i16* %bias_buff_28_V_addr, align 2" [src/std_conv.cpp:139]   --->   Operation 120 'load' 'bias_buff_28_V_load' <Predicate = (!icmp_ln134)> <Delay = 2.32> <Core = "RAM">   --->   Core 37 'RAM' <Latency = 1> <II = 1> <Delay = 3.25> <Storage> <Opcode : 'load' 'store'> <Ports = 2> <Width = 16> <Depth = 169> <RAM>
ST_4 : Operation 121 [1/2] (2.32ns)   --->   "%bias_buff_29_V_load = load i16* %bias_buff_29_V_addr, align 2" [src/std_conv.cpp:139]   --->   Operation 121 'load' 'bias_buff_29_V_load' <Predicate = (!icmp_ln134)> <Delay = 2.32> <Core = "RAM">   --->   Core 37 'RAM' <Latency = 1> <II = 1> <Delay = 3.25> <Storage> <Opcode : 'load' 'store'> <Ports = 2> <Width = 16> <Depth = 169> <RAM>
ST_4 : Operation 122 [1/2] (2.32ns)   --->   "%bias_buff_30_V_load = load i16* %bias_buff_30_V_addr, align 2" [src/std_conv.cpp:139]   --->   Operation 122 'load' 'bias_buff_30_V_load' <Predicate = (!icmp_ln134)> <Delay = 2.32> <Core = "RAM">   --->   Core 37 'RAM' <Latency = 1> <II = 1> <Delay = 3.25> <Storage> <Opcode : 'load' 'store'> <Ports = 2> <Width = 16> <Depth = 169> <RAM>
ST_4 : Operation 123 [1/2] (2.32ns)   --->   "%bias_buff_31_V_load = load i16* %bias_buff_31_V_addr, align 2" [src/std_conv.cpp:139]   --->   Operation 123 'load' 'bias_buff_31_V_load' <Predicate = (!icmp_ln134)> <Delay = 2.32> <Core = "RAM">   --->   Core 37 'RAM' <Latency = 1> <II = 1> <Delay = 3.25> <Storage> <Opcode : 'load' 'store'> <Ports = 2> <Width = 16> <Depth = 169> <RAM>

State 5 <SV = 4> <Delay = 3.25>
ST_5 : Operation 124 [1/1] (0.00ns)   --->   "call void (...)* @_ssdm_op_SpecLoopTripCount(i64 169, i64 169, i64 169)"   --->   Operation 124 'speclooptripcount' <Predicate = (!icmp_ln134)> <Delay = 0.00>
ST_5 : Operation 125 [1/1] (0.00ns)   --->   "%tmp = call i32 (...)* @_ssdm_op_SpecRegionBegin([12 x i8]* @p_str7)" [src/std_conv.cpp:135]   --->   Operation 125 'specregionbegin' 'tmp' <Predicate = (!icmp_ln134)> <Delay = 0.00>
ST_5 : Operation 126 [1/1] (0.00ns)   --->   "call void (...)* @_ssdm_op_SpecPipeline(i32 1, i32 1, i32 1, i32 0, [1 x i8]* @p_str13) nounwind" [src/std_conv.cpp:136]   --->   Operation 126 'specpipeline' <Predicate = (!icmp_ln134)> <Delay = 0.00>
ST_5 : Operation 127 [1/1] (0.00ns)   --->   "%zext_ln203_39 = zext i8 %add_ln203 to i64" [src/std_conv.cpp:139]   --->   Operation 127 'zext' 'zext_ln203_39' <Predicate = (!icmp_ln134)> <Delay = 0.00>
ST_5 : Operation 128 [1/1] (0.00ns)   --->   "%fm_out_buff_0_V_add = getelementptr [169 x i16]* %fm_out_buff_0_V, i64 0, i64 %zext_ln203_39" [src/std_conv.cpp:139]   --->   Operation 128 'getelementptr' 'fm_out_buff_0_V_add' <Predicate = (!icmp_ln134)> <Delay = 0.00>
ST_5 : Operation 129 [1/1] (0.00ns)   --->   "%fm_out_buff_1_V_add = getelementptr [169 x i16]* %fm_out_buff_1_V, i64 0, i64 %zext_ln203_39" [src/std_conv.cpp:139]   --->   Operation 129 'getelementptr' 'fm_out_buff_1_V_add' <Predicate = (!icmp_ln134)> <Delay = 0.00>
ST_5 : Operation 130 [1/1] (0.00ns)   --->   "%fm_out_buff_2_V_add = getelementptr [169 x i16]* %fm_out_buff_2_V, i64 0, i64 %zext_ln203_39" [src/std_conv.cpp:139]   --->   Operation 130 'getelementptr' 'fm_out_buff_2_V_add' <Predicate = (!icmp_ln134)> <Delay = 0.00>
ST_5 : Operation 131 [1/1] (0.00ns)   --->   "%fm_out_buff_3_V_add = getelementptr [169 x i16]* %fm_out_buff_3_V, i64 0, i64 %zext_ln203_39" [src/std_conv.cpp:139]   --->   Operation 131 'getelementptr' 'fm_out_buff_3_V_add' <Predicate = (!icmp_ln134)> <Delay = 0.00>
ST_5 : Operation 132 [1/1] (0.00ns)   --->   "%fm_out_buff_4_V_add = getelementptr [169 x i16]* %fm_out_buff_4_V, i64 0, i64 %zext_ln203_39" [src/std_conv.cpp:139]   --->   Operation 132 'getelementptr' 'fm_out_buff_4_V_add' <Predicate = (!icmp_ln134)> <Delay = 0.00>
ST_5 : Operation 133 [1/1] (0.00ns)   --->   "%fm_out_buff_5_V_add = getelementptr [169 x i16]* %fm_out_buff_5_V, i64 0, i64 %zext_ln203_39" [src/std_conv.cpp:139]   --->   Operation 133 'getelementptr' 'fm_out_buff_5_V_add' <Predicate = (!icmp_ln134)> <Delay = 0.00>
ST_5 : Operation 134 [1/1] (0.00ns)   --->   "%fm_out_buff_6_V_add = getelementptr [169 x i16]* %fm_out_buff_6_V, i64 0, i64 %zext_ln203_39" [src/std_conv.cpp:139]   --->   Operation 134 'getelementptr' 'fm_out_buff_6_V_add' <Predicate = (!icmp_ln134)> <Delay = 0.00>
ST_5 : Operation 135 [1/1] (0.00ns)   --->   "%fm_out_buff_7_V_add = getelementptr [169 x i16]* %fm_out_buff_7_V, i64 0, i64 %zext_ln203_39" [src/std_conv.cpp:139]   --->   Operation 135 'getelementptr' 'fm_out_buff_7_V_add' <Predicate = (!icmp_ln134)> <Delay = 0.00>
ST_5 : Operation 136 [1/1] (0.00ns)   --->   "%fm_out_buff_8_V_add = getelementptr [169 x i16]* %fm_out_buff_8_V, i64 0, i64 %zext_ln203_39" [src/std_conv.cpp:139]   --->   Operation 136 'getelementptr' 'fm_out_buff_8_V_add' <Predicate = (!icmp_ln134)> <Delay = 0.00>
ST_5 : Operation 137 [1/1] (0.00ns)   --->   "%fm_out_buff_9_V_add = getelementptr [169 x i16]* %fm_out_buff_9_V, i64 0, i64 %zext_ln203_39" [src/std_conv.cpp:139]   --->   Operation 137 'getelementptr' 'fm_out_buff_9_V_add' <Predicate = (!icmp_ln134)> <Delay = 0.00>
ST_5 : Operation 138 [1/1] (0.00ns)   --->   "%fm_out_buff_10_V_ad = getelementptr [169 x i16]* %fm_out_buff_10_V, i64 0, i64 %zext_ln203_39" [src/std_conv.cpp:139]   --->   Operation 138 'getelementptr' 'fm_out_buff_10_V_ad' <Predicate = (!icmp_ln134)> <Delay = 0.00>
ST_5 : Operation 139 [1/1] (0.00ns)   --->   "%fm_out_buff_11_V_ad = getelementptr [169 x i16]* %fm_out_buff_11_V, i64 0, i64 %zext_ln203_39" [src/std_conv.cpp:139]   --->   Operation 139 'getelementptr' 'fm_out_buff_11_V_ad' <Predicate = (!icmp_ln134)> <Delay = 0.00>
ST_5 : Operation 140 [1/1] (0.00ns)   --->   "%fm_out_buff_12_V_ad = getelementptr [169 x i16]* %fm_out_buff_12_V, i64 0, i64 %zext_ln203_39" [src/std_conv.cpp:139]   --->   Operation 140 'getelementptr' 'fm_out_buff_12_V_ad' <Predicate = (!icmp_ln134)> <Delay = 0.00>
ST_5 : Operation 141 [1/1] (0.00ns)   --->   "%fm_out_buff_13_V_ad = getelementptr [169 x i16]* %fm_out_buff_13_V, i64 0, i64 %zext_ln203_39" [src/std_conv.cpp:139]   --->   Operation 141 'getelementptr' 'fm_out_buff_13_V_ad' <Predicate = (!icmp_ln134)> <Delay = 0.00>
ST_5 : Operation 142 [1/1] (0.00ns)   --->   "%fm_out_buff_14_V_ad = getelementptr [169 x i16]* %fm_out_buff_14_V, i64 0, i64 %zext_ln203_39" [src/std_conv.cpp:139]   --->   Operation 142 'getelementptr' 'fm_out_buff_14_V_ad' <Predicate = (!icmp_ln134)> <Delay = 0.00>
ST_5 : Operation 143 [1/1] (0.00ns)   --->   "%fm_out_buff_15_V_ad = getelementptr [169 x i16]* %fm_out_buff_15_V, i64 0, i64 %zext_ln203_39" [src/std_conv.cpp:139]   --->   Operation 143 'getelementptr' 'fm_out_buff_15_V_ad' <Predicate = (!icmp_ln134)> <Delay = 0.00>
ST_5 : Operation 144 [1/1] (0.00ns)   --->   "%fm_out_buff_16_V_ad = getelementptr [169 x i16]* %fm_out_buff_16_V, i64 0, i64 %zext_ln203_39" [src/std_conv.cpp:139]   --->   Operation 144 'getelementptr' 'fm_out_buff_16_V_ad' <Predicate = (!icmp_ln134)> <Delay = 0.00>
ST_5 : Operation 145 [1/1] (0.00ns)   --->   "%fm_out_buff_17_V_ad = getelementptr [169 x i16]* %fm_out_buff_17_V, i64 0, i64 %zext_ln203_39" [src/std_conv.cpp:139]   --->   Operation 145 'getelementptr' 'fm_out_buff_17_V_ad' <Predicate = (!icmp_ln134)> <Delay = 0.00>
ST_5 : Operation 146 [1/1] (0.00ns)   --->   "%fm_out_buff_18_V_ad = getelementptr [169 x i16]* %fm_out_buff_18_V, i64 0, i64 %zext_ln203_39" [src/std_conv.cpp:139]   --->   Operation 146 'getelementptr' 'fm_out_buff_18_V_ad' <Predicate = (!icmp_ln134)> <Delay = 0.00>
ST_5 : Operation 147 [1/1] (0.00ns)   --->   "%fm_out_buff_19_V_ad = getelementptr [169 x i16]* %fm_out_buff_19_V, i64 0, i64 %zext_ln203_39" [src/std_conv.cpp:139]   --->   Operation 147 'getelementptr' 'fm_out_buff_19_V_ad' <Predicate = (!icmp_ln134)> <Delay = 0.00>
ST_5 : Operation 148 [1/1] (0.00ns)   --->   "%fm_out_buff_20_V_ad = getelementptr [169 x i16]* %fm_out_buff_20_V, i64 0, i64 %zext_ln203_39" [src/std_conv.cpp:139]   --->   Operation 148 'getelementptr' 'fm_out_buff_20_V_ad' <Predicate = (!icmp_ln134)> <Delay = 0.00>
ST_5 : Operation 149 [1/1] (0.00ns)   --->   "%fm_out_buff_21_V_ad = getelementptr [169 x i16]* %fm_out_buff_21_V, i64 0, i64 %zext_ln203_39" [src/std_conv.cpp:139]   --->   Operation 149 'getelementptr' 'fm_out_buff_21_V_ad' <Predicate = (!icmp_ln134)> <Delay = 0.00>
ST_5 : Operation 150 [1/1] (0.00ns)   --->   "%fm_out_buff_22_V_ad = getelementptr [169 x i16]* %fm_out_buff_22_V, i64 0, i64 %zext_ln203_39" [src/std_conv.cpp:139]   --->   Operation 150 'getelementptr' 'fm_out_buff_22_V_ad' <Predicate = (!icmp_ln134)> <Delay = 0.00>
ST_5 : Operation 151 [1/1] (0.00ns)   --->   "%fm_out_buff_23_V_ad = getelementptr [169 x i16]* %fm_out_buff_23_V, i64 0, i64 %zext_ln203_39" [src/std_conv.cpp:139]   --->   Operation 151 'getelementptr' 'fm_out_buff_23_V_ad' <Predicate = (!icmp_ln134)> <Delay = 0.00>
ST_5 : Operation 152 [1/1] (0.00ns)   --->   "%fm_out_buff_24_V_ad = getelementptr [169 x i16]* %fm_out_buff_24_V, i64 0, i64 %zext_ln203_39" [src/std_conv.cpp:139]   --->   Operation 152 'getelementptr' 'fm_out_buff_24_V_ad' <Predicate = (!icmp_ln134)> <Delay = 0.00>
ST_5 : Operation 153 [1/1] (0.00ns)   --->   "%fm_out_buff_25_V_ad = getelementptr [169 x i16]* %fm_out_buff_25_V, i64 0, i64 %zext_ln203_39" [src/std_conv.cpp:139]   --->   Operation 153 'getelementptr' 'fm_out_buff_25_V_ad' <Predicate = (!icmp_ln134)> <Delay = 0.00>
ST_5 : Operation 154 [1/1] (0.00ns)   --->   "%fm_out_buff_26_V_ad = getelementptr [169 x i16]* %fm_out_buff_26_V, i64 0, i64 %zext_ln203_39" [src/std_conv.cpp:139]   --->   Operation 154 'getelementptr' 'fm_out_buff_26_V_ad' <Predicate = (!icmp_ln134)> <Delay = 0.00>
ST_5 : Operation 155 [1/1] (0.00ns)   --->   "%fm_out_buff_27_V_ad = getelementptr [169 x i16]* %fm_out_buff_27_V, i64 0, i64 %zext_ln203_39" [src/std_conv.cpp:139]   --->   Operation 155 'getelementptr' 'fm_out_buff_27_V_ad' <Predicate = (!icmp_ln134)> <Delay = 0.00>
ST_5 : Operation 156 [1/1] (0.00ns)   --->   "%fm_out_buff_28_V_ad = getelementptr [169 x i16]* %fm_out_buff_28_V, i64 0, i64 %zext_ln203_39" [src/std_conv.cpp:139]   --->   Operation 156 'getelementptr' 'fm_out_buff_28_V_ad' <Predicate = (!icmp_ln134)> <Delay = 0.00>
ST_5 : Operation 157 [1/1] (0.00ns)   --->   "%fm_out_buff_29_V_ad = getelementptr [169 x i16]* %fm_out_buff_29_V, i64 0, i64 %zext_ln203_39" [src/std_conv.cpp:139]   --->   Operation 157 'getelementptr' 'fm_out_buff_29_V_ad' <Predicate = (!icmp_ln134)> <Delay = 0.00>
ST_5 : Operation 158 [1/1] (0.00ns)   --->   "%fm_out_buff_30_V_ad = getelementptr [169 x i16]* %fm_out_buff_30_V, i64 0, i64 %zext_ln203_39" [src/std_conv.cpp:139]   --->   Operation 158 'getelementptr' 'fm_out_buff_30_V_ad' <Predicate = (!icmp_ln134)> <Delay = 0.00>
ST_5 : Operation 159 [1/1] (0.00ns)   --->   "%fm_out_buff_31_V_ad = getelementptr [169 x i16]* %fm_out_buff_31_V, i64 0, i64 %zext_ln203_39" [src/std_conv.cpp:139]   --->   Operation 159 'getelementptr' 'fm_out_buff_31_V_ad' <Predicate = (!icmp_ln134)> <Delay = 0.00>
ST_5 : Operation 160 [1/1] (3.25ns)   --->   "store i16 %bias_buff_0_V_load, i16* %fm_out_buff_0_V_add, align 2" [src/std_conv.cpp:139]   --->   Operation 160 'store' <Predicate = (!icmp_ln134)> <Delay = 3.25> <Core = "RAM">   --->   Core 37 'RAM' <Latency = 1> <II = 1> <Delay = 3.25> <Storage> <Opcode : 'load' 'store'> <Ports = 2> <Width = 16> <Depth = 169> <RAM>
ST_5 : Operation 161 [1/1] (3.25ns)   --->   "store i16 %bias_buff_1_V_load, i16* %fm_out_buff_1_V_add, align 2" [src/std_conv.cpp:139]   --->   Operation 161 'store' <Predicate = (!icmp_ln134)> <Delay = 3.25> <Core = "RAM">   --->   Core 37 'RAM' <Latency = 1> <II = 1> <Delay = 3.25> <Storage> <Opcode : 'load' 'store'> <Ports = 2> <Width = 16> <Depth = 169> <RAM>
ST_5 : Operation 162 [1/1] (3.25ns)   --->   "store i16 %bias_buff_2_V_load, i16* %fm_out_buff_2_V_add, align 2" [src/std_conv.cpp:139]   --->   Operation 162 'store' <Predicate = (!icmp_ln134)> <Delay = 3.25> <Core = "RAM">   --->   Core 37 'RAM' <Latency = 1> <II = 1> <Delay = 3.25> <Storage> <Opcode : 'load' 'store'> <Ports = 2> <Width = 16> <Depth = 169> <RAM>
ST_5 : Operation 163 [1/1] (3.25ns)   --->   "store i16 %bias_buff_3_V_load, i16* %fm_out_buff_3_V_add, align 2" [src/std_conv.cpp:139]   --->   Operation 163 'store' <Predicate = (!icmp_ln134)> <Delay = 3.25> <Core = "RAM">   --->   Core 37 'RAM' <Latency = 1> <II = 1> <Delay = 3.25> <Storage> <Opcode : 'load' 'store'> <Ports = 2> <Width = 16> <Depth = 169> <RAM>
ST_5 : Operation 164 [1/1] (3.25ns)   --->   "store i16 %bias_buff_4_V_load, i16* %fm_out_buff_4_V_add, align 2" [src/std_conv.cpp:139]   --->   Operation 164 'store' <Predicate = (!icmp_ln134)> <Delay = 3.25> <Core = "RAM">   --->   Core 37 'RAM' <Latency = 1> <II = 1> <Delay = 3.25> <Storage> <Opcode : 'load' 'store'> <Ports = 2> <Width = 16> <Depth = 169> <RAM>
ST_5 : Operation 165 [1/1] (3.25ns)   --->   "store i16 %bias_buff_5_V_load, i16* %fm_out_buff_5_V_add, align 2" [src/std_conv.cpp:139]   --->   Operation 165 'store' <Predicate = (!icmp_ln134)> <Delay = 3.25> <Core = "RAM">   --->   Core 37 'RAM' <Latency = 1> <II = 1> <Delay = 3.25> <Storage> <Opcode : 'load' 'store'> <Ports = 2> <Width = 16> <Depth = 169> <RAM>
ST_5 : Operation 166 [1/1] (3.25ns)   --->   "store i16 %bias_buff_6_V_load, i16* %fm_out_buff_6_V_add, align 2" [src/std_conv.cpp:139]   --->   Operation 166 'store' <Predicate = (!icmp_ln134)> <Delay = 3.25> <Core = "RAM">   --->   Core 37 'RAM' <Latency = 1> <II = 1> <Delay = 3.25> <Storage> <Opcode : 'load' 'store'> <Ports = 2> <Width = 16> <Depth = 169> <RAM>
ST_5 : Operation 167 [1/1] (3.25ns)   --->   "store i16 %bias_buff_7_V_load, i16* %fm_out_buff_7_V_add, align 2" [src/std_conv.cpp:139]   --->   Operation 167 'store' <Predicate = (!icmp_ln134)> <Delay = 3.25> <Core = "RAM">   --->   Core 37 'RAM' <Latency = 1> <II = 1> <Delay = 3.25> <Storage> <Opcode : 'load' 'store'> <Ports = 2> <Width = 16> <Depth = 169> <RAM>
ST_5 : Operation 168 [1/1] (3.25ns)   --->   "store i16 %bias_buff_8_V_load, i16* %fm_out_buff_8_V_add, align 2" [src/std_conv.cpp:139]   --->   Operation 168 'store' <Predicate = (!icmp_ln134)> <Delay = 3.25> <Core = "RAM">   --->   Core 37 'RAM' <Latency = 1> <II = 1> <Delay = 3.25> <Storage> <Opcode : 'load' 'store'> <Ports = 2> <Width = 16> <Depth = 169> <RAM>
ST_5 : Operation 169 [1/1] (3.25ns)   --->   "store i16 %bias_buff_9_V_load, i16* %fm_out_buff_9_V_add, align 2" [src/std_conv.cpp:139]   --->   Operation 169 'store' <Predicate = (!icmp_ln134)> <Delay = 3.25> <Core = "RAM">   --->   Core 37 'RAM' <Latency = 1> <II = 1> <Delay = 3.25> <Storage> <Opcode : 'load' 'store'> <Ports = 2> <Width = 16> <Depth = 169> <RAM>
ST_5 : Operation 170 [1/1] (3.25ns)   --->   "store i16 %bias_buff_10_V_load, i16* %fm_out_buff_10_V_ad, align 2" [src/std_conv.cpp:139]   --->   Operation 170 'store' <Predicate = (!icmp_ln134)> <Delay = 3.25> <Core = "RAM">   --->   Core 37 'RAM' <Latency = 1> <II = 1> <Delay = 3.25> <Storage> <Opcode : 'load' 'store'> <Ports = 2> <Width = 16> <Depth = 169> <RAM>
ST_5 : Operation 171 [1/1] (3.25ns)   --->   "store i16 %bias_buff_11_V_load, i16* %fm_out_buff_11_V_ad, align 2" [src/std_conv.cpp:139]   --->   Operation 171 'store' <Predicate = (!icmp_ln134)> <Delay = 3.25> <Core = "RAM">   --->   Core 37 'RAM' <Latency = 1> <II = 1> <Delay = 3.25> <Storage> <Opcode : 'load' 'store'> <Ports = 2> <Width = 16> <Depth = 169> <RAM>
ST_5 : Operation 172 [1/1] (3.25ns)   --->   "store i16 %bias_buff_12_V_load, i16* %fm_out_buff_12_V_ad, align 2" [src/std_conv.cpp:139]   --->   Operation 172 'store' <Predicate = (!icmp_ln134)> <Delay = 3.25> <Core = "RAM">   --->   Core 37 'RAM' <Latency = 1> <II = 1> <Delay = 3.25> <Storage> <Opcode : 'load' 'store'> <Ports = 2> <Width = 16> <Depth = 169> <RAM>
ST_5 : Operation 173 [1/1] (3.25ns)   --->   "store i16 %bias_buff_13_V_load, i16* %fm_out_buff_13_V_ad, align 2" [src/std_conv.cpp:139]   --->   Operation 173 'store' <Predicate = (!icmp_ln134)> <Delay = 3.25> <Core = "RAM">   --->   Core 37 'RAM' <Latency = 1> <II = 1> <Delay = 3.25> <Storage> <Opcode : 'load' 'store'> <Ports = 2> <Width = 16> <Depth = 169> <RAM>
ST_5 : Operation 174 [1/1] (3.25ns)   --->   "store i16 %bias_buff_14_V_load, i16* %fm_out_buff_14_V_ad, align 2" [src/std_conv.cpp:139]   --->   Operation 174 'store' <Predicate = (!icmp_ln134)> <Delay = 3.25> <Core = "RAM">   --->   Core 37 'RAM' <Latency = 1> <II = 1> <Delay = 3.25> <Storage> <Opcode : 'load' 'store'> <Ports = 2> <Width = 16> <Depth = 169> <RAM>
ST_5 : Operation 175 [1/1] (3.25ns)   --->   "store i16 %bias_buff_15_V_load, i16* %fm_out_buff_15_V_ad, align 2" [src/std_conv.cpp:139]   --->   Operation 175 'store' <Predicate = (!icmp_ln134)> <Delay = 3.25> <Core = "RAM">   --->   Core 37 'RAM' <Latency = 1> <II = 1> <Delay = 3.25> <Storage> <Opcode : 'load' 'store'> <Ports = 2> <Width = 16> <Depth = 169> <RAM>
ST_5 : Operation 176 [1/1] (3.25ns)   --->   "store i16 %bias_buff_16_V_load, i16* %fm_out_buff_16_V_ad, align 2" [src/std_conv.cpp:139]   --->   Operation 176 'store' <Predicate = (!icmp_ln134)> <Delay = 3.25> <Core = "RAM">   --->   Core 37 'RAM' <Latency = 1> <II = 1> <Delay = 3.25> <Storage> <Opcode : 'load' 'store'> <Ports = 2> <Width = 16> <Depth = 169> <RAM>
ST_5 : Operation 177 [1/1] (3.25ns)   --->   "store i16 %bias_buff_17_V_load, i16* %fm_out_buff_17_V_ad, align 2" [src/std_conv.cpp:139]   --->   Operation 177 'store' <Predicate = (!icmp_ln134)> <Delay = 3.25> <Core = "RAM">   --->   Core 37 'RAM' <Latency = 1> <II = 1> <Delay = 3.25> <Storage> <Opcode : 'load' 'store'> <Ports = 2> <Width = 16> <Depth = 169> <RAM>
ST_5 : Operation 178 [1/1] (3.25ns)   --->   "store i16 %bias_buff_18_V_load, i16* %fm_out_buff_18_V_ad, align 2" [src/std_conv.cpp:139]   --->   Operation 178 'store' <Predicate = (!icmp_ln134)> <Delay = 3.25> <Core = "RAM">   --->   Core 37 'RAM' <Latency = 1> <II = 1> <Delay = 3.25> <Storage> <Opcode : 'load' 'store'> <Ports = 2> <Width = 16> <Depth = 169> <RAM>
ST_5 : Operation 179 [1/1] (3.25ns)   --->   "store i16 %bias_buff_19_V_load, i16* %fm_out_buff_19_V_ad, align 2" [src/std_conv.cpp:139]   --->   Operation 179 'store' <Predicate = (!icmp_ln134)> <Delay = 3.25> <Core = "RAM">   --->   Core 37 'RAM' <Latency = 1> <II = 1> <Delay = 3.25> <Storage> <Opcode : 'load' 'store'> <Ports = 2> <Width = 16> <Depth = 169> <RAM>
ST_5 : Operation 180 [1/1] (3.25ns)   --->   "store i16 %bias_buff_20_V_load, i16* %fm_out_buff_20_V_ad, align 2" [src/std_conv.cpp:139]   --->   Operation 180 'store' <Predicate = (!icmp_ln134)> <Delay = 3.25> <Core = "RAM">   --->   Core 37 'RAM' <Latency = 1> <II = 1> <Delay = 3.25> <Storage> <Opcode : 'load' 'store'> <Ports = 2> <Width = 16> <Depth = 169> <RAM>
ST_5 : Operation 181 [1/1] (3.25ns)   --->   "store i16 %bias_buff_21_V_load, i16* %fm_out_buff_21_V_ad, align 2" [src/std_conv.cpp:139]   --->   Operation 181 'store' <Predicate = (!icmp_ln134)> <Delay = 3.25> <Core = "RAM">   --->   Core 37 'RAM' <Latency = 1> <II = 1> <Delay = 3.25> <Storage> <Opcode : 'load' 'store'> <Ports = 2> <Width = 16> <Depth = 169> <RAM>
ST_5 : Operation 182 [1/1] (3.25ns)   --->   "store i16 %bias_buff_22_V_load, i16* %fm_out_buff_22_V_ad, align 2" [src/std_conv.cpp:139]   --->   Operation 182 'store' <Predicate = (!icmp_ln134)> <Delay = 3.25> <Core = "RAM">   --->   Core 37 'RAM' <Latency = 1> <II = 1> <Delay = 3.25> <Storage> <Opcode : 'load' 'store'> <Ports = 2> <Width = 16> <Depth = 169> <RAM>
ST_5 : Operation 183 [1/1] (3.25ns)   --->   "store i16 %bias_buff_23_V_load, i16* %fm_out_buff_23_V_ad, align 2" [src/std_conv.cpp:139]   --->   Operation 183 'store' <Predicate = (!icmp_ln134)> <Delay = 3.25> <Core = "RAM">   --->   Core 37 'RAM' <Latency = 1> <II = 1> <Delay = 3.25> <Storage> <Opcode : 'load' 'store'> <Ports = 2> <Width = 16> <Depth = 169> <RAM>
ST_5 : Operation 184 [1/1] (3.25ns)   --->   "store i16 %bias_buff_24_V_load, i16* %fm_out_buff_24_V_ad, align 2" [src/std_conv.cpp:139]   --->   Operation 184 'store' <Predicate = (!icmp_ln134)> <Delay = 3.25> <Core = "RAM">   --->   Core 37 'RAM' <Latency = 1> <II = 1> <Delay = 3.25> <Storage> <Opcode : 'load' 'store'> <Ports = 2> <Width = 16> <Depth = 169> <RAM>
ST_5 : Operation 185 [1/1] (3.25ns)   --->   "store i16 %bias_buff_25_V_load, i16* %fm_out_buff_25_V_ad, align 2" [src/std_conv.cpp:139]   --->   Operation 185 'store' <Predicate = (!icmp_ln134)> <Delay = 3.25> <Core = "RAM">   --->   Core 37 'RAM' <Latency = 1> <II = 1> <Delay = 3.25> <Storage> <Opcode : 'load' 'store'> <Ports = 2> <Width = 16> <Depth = 169> <RAM>
ST_5 : Operation 186 [1/1] (3.25ns)   --->   "store i16 %bias_buff_26_V_load, i16* %fm_out_buff_26_V_ad, align 2" [src/std_conv.cpp:139]   --->   Operation 186 'store' <Predicate = (!icmp_ln134)> <Delay = 3.25> <Core = "RAM">   --->   Core 37 'RAM' <Latency = 1> <II = 1> <Delay = 3.25> <Storage> <Opcode : 'load' 'store'> <Ports = 2> <Width = 16> <Depth = 169> <RAM>
ST_5 : Operation 187 [1/1] (3.25ns)   --->   "store i16 %bias_buff_27_V_load, i16* %fm_out_buff_27_V_ad, align 2" [src/std_conv.cpp:139]   --->   Operation 187 'store' <Predicate = (!icmp_ln134)> <Delay = 3.25> <Core = "RAM">   --->   Core 37 'RAM' <Latency = 1> <II = 1> <Delay = 3.25> <Storage> <Opcode : 'load' 'store'> <Ports = 2> <Width = 16> <Depth = 169> <RAM>
ST_5 : Operation 188 [1/1] (3.25ns)   --->   "store i16 %bias_buff_28_V_load, i16* %fm_out_buff_28_V_ad, align 2" [src/std_conv.cpp:139]   --->   Operation 188 'store' <Predicate = (!icmp_ln134)> <Delay = 3.25> <Core = "RAM">   --->   Core 37 'RAM' <Latency = 1> <II = 1> <Delay = 3.25> <Storage> <Opcode : 'load' 'store'> <Ports = 2> <Width = 16> <Depth = 169> <RAM>
ST_5 : Operation 189 [1/1] (3.25ns)   --->   "store i16 %bias_buff_29_V_load, i16* %fm_out_buff_29_V_ad, align 2" [src/std_conv.cpp:139]   --->   Operation 189 'store' <Predicate = (!icmp_ln134)> <Delay = 3.25> <Core = "RAM">   --->   Core 37 'RAM' <Latency = 1> <II = 1> <Delay = 3.25> <Storage> <Opcode : 'load' 'store'> <Ports = 2> <Width = 16> <Depth = 169> <RAM>
ST_5 : Operation 190 [1/1] (3.25ns)   --->   "store i16 %bias_buff_30_V_load, i16* %fm_out_buff_30_V_ad, align 2" [src/std_conv.cpp:139]   --->   Operation 190 'store' <Predicate = (!icmp_ln134)> <Delay = 3.25> <Core = "RAM">   --->   Core 37 'RAM' <Latency = 1> <II = 1> <Delay = 3.25> <Storage> <Opcode : 'load' 'store'> <Ports = 2> <Width = 16> <Depth = 169> <RAM>
ST_5 : Operation 191 [1/1] (3.25ns)   --->   "store i16 %bias_buff_31_V_load, i16* %fm_out_buff_31_V_ad, align 2" [src/std_conv.cpp:139]   --->   Operation 191 'store' <Predicate = (!icmp_ln134)> <Delay = 3.25> <Core = "RAM">   --->   Core 37 'RAM' <Latency = 1> <II = 1> <Delay = 3.25> <Storage> <Opcode : 'load' 'store'> <Ports = 2> <Width = 16> <Depth = 169> <RAM>
ST_5 : Operation 192 [1/1] (0.00ns)   --->   "%empty = call i32 (...)* @_ssdm_op_SpecRegionEnd([12 x i8]* @p_str7, i32 %tmp)" [src/std_conv.cpp:141]   --->   Operation 192 'specregionend' 'empty' <Predicate = (!icmp_ln134)> <Delay = 0.00>
ST_5 : Operation 193 [1/1] (0.00ns)   --->   "br label %.preheader" [src/std_conv.cpp:135]   --->   Operation 193 'br' <Predicate = (!icmp_ln134)> <Delay = 0.00>

State 6 <SV = 2> <Delay = 0.00>
ST_6 : Operation 194 [1/1] (0.00ns)   --->   "ret void" [src/std_conv.cpp:142]   --->   Operation 194 'ret' <Predicate = true> <Delay = 0.00>


============================================================
+ Verbose Summary: Timing violations
============================================================
Target clock period: 5.5ns, clock uncertainty: 0.688ns.

 <State 1>: 1.77ns
The critical path consists of the following:
	multiplexor before 'phi' operation ('indvar_flatten', src/std_conv.cpp:134) with incoming values : ('add_ln134', src/std_conv.cpp:134) [103]  (1.77 ns)

 <State 2>: 4.06ns
The critical path consists of the following:
	'phi' operation ('cc') with incoming values : ('cc', src/std_conv.cpp:135) [105]  (0 ns)
	'icmp' operation ('icmp_ln135', src/std_conv.cpp:135) [112]  (1.3 ns)
	'select' operation ('select_ln139', src/std_conv.cpp:139) [113]  (1.02 ns)
	'add' operation ('cc', src/std_conv.cpp:135) [219]  (1.74 ns)

 <State 3>: 2.32ns
The critical path consists of the following:
	'load' operation ('bias_buff_0_V_load', src/std_conv.cpp:139) on array 'bias_buff_0_V' [154]  (2.32 ns)

 <State 4>: 3.02ns
The critical path consists of the following:
	'mul' operation of DSP[120] ('mul_ln203', src/std_conv.cpp:139) [116]  (0 ns)
	'add' operation of DSP[120] ('add_ln203', src/std_conv.cpp:139) [120]  (3.02 ns)

 <State 5>: 3.25ns
The critical path consists of the following:
	'getelementptr' operation ('fm_out_buff_0_V_add', src/std_conv.cpp:139) [122]  (0 ns)
	'store' operation ('store_ln139', src/std_conv.cpp:139) of variable 'bias_buff_0_V_load', src/std_conv.cpp:139 on array 'fm_out_buff_0_V' [155]  (3.25 ns)

 <State 6>: 0ns
The critical path consists of the following:


============================================================
+ Verbose Summary: Binding
============================================================
N/A
* FSMD analyzer results:
  - Output states:
 - Input state : 
  - Chain level:
	State 1
	State 2
	State 3
	State 4
	State 5
	State 6


============================================================
+ Verbose Summary: Datapath Resource usage 
============================================================
N/A
