

================================================================
== Vivado HLS Report for 'load_input'
================================================================
* Date:           Wed Aug 14 21:12:47 2024

* Version:        2019.2 (Build 2704478 on Wed Nov 06 22:10:23 MST 2019)
* Project:        yolov4
* Solution:       solution1
* Product family: zynq
* Target device:  xc7z020-clg484-1


================================================================
== Performance Estimates
================================================================
+ Timing: 
    * Summary: 
    +--------+---------+----------+------------+
    |  Clock |  Target | Estimated| Uncertainty|
    +--------+---------+----------+------------+
    |ap_clk  | 5.50 ns | 9.275 ns |   0.69 ns  |
    +--------+---------+----------+------------+

+ Latency: 
    * Summary: 
    +---------+---------+----------+----------+-----+-----+---------+
    |  Latency (cycles) |  Latency (absolute) |  Interval | Pipeline|
    |   min   |   max   |    min   |    max   | min | max |   Type  |
    +---------+---------+----------+----------+-----+-----+---------+
    |      257|      762| 2.384 us | 7.068 us |  257|  762|   none  |
    +---------+---------+----------+----------+-----+-----+---------+

    + Detail: 
        * Instance: 
        N/A

        * Loop: 
        +----------+---------+---------+----------+-----------+-----------+------+----------+
        |          |  Latency (cycles) | Iteration|  Initiation Interval  | Trip |          |
        | Loop Name|   min   |   max   |  Latency |  achieved |   target  | Count| Pipelined|
        +----------+---------+---------+----------+-----------+-----------+------+----------+
        |- Loop 1  |      246|      246|        23|          1|          1|   225|    yes   |
        |- Loop 2  |      751|      751|        24|          1|          1|   729|    yes   |
        +----------+---------+---------+----------+-----------+-----------+------+----------+



================================================================
== Utilization Estimates
================================================================
* Summary: 
+-----------------+---------+-------+--------+-------+-----+
|       Name      | BRAM_18K| DSP48E|   FF   |  LUT  | URAM|
+-----------------+---------+-------+--------+-------+-----+
|DSP              |        -|      6|       -|      -|    -|
|Expression       |        -|      -|       0|   1725|    -|
|FIFO             |        -|      -|       -|      -|    -|
|Instance         |        -|      0|     477|    860|    -|
|Memory           |        -|      -|       -|      -|    -|
|Multiplexer      |        -|      -|       -|    632|    -|
|Register         |        0|      -|    5680|    480|    -|
+-----------------+---------+-------+--------+-------+-----+
|Total            |        0|      6|    6157|   3697|    0|
+-----------------+---------+-------+--------+-------+-----+
|Available        |      280|    220|  106400|  53200|    0|
+-----------------+---------+-------+--------+-------+-----+
|Utilization (%)  |        0|      2|       5|      6|    0|
+-----------------+---------+-------+--------+-------+-----+

+ Detail: 
    * Instance: 
    +---------------------------+----------------------+---------+-------+-----+-----+-----+
    |          Instance         |        Module        | BRAM_18K| DSP48E|  FF | LUT | URAM|
    +---------------------------+----------------------+---------+-------+-----+-----+-----+
    |conv_mul_16ns_4nsXh4_U374  |conv_mul_16ns_4nsXh4  |        0|      0|    0|  270|    0|
    |conv_mul_16ns_5nsVhK_U372  |conv_mul_16ns_5nsVhK  |        0|      0|    0|  270|    0|
    |conv_urem_10ns_6nUhA_U371  |conv_urem_10ns_6nUhA  |        0|      0|  282|  194|    0|
    |conv_urem_8ns_5nsWhU_U373  |conv_urem_8ns_5nsWhU  |        0|      0|  195|  126|    0|
    +---------------------------+----------------------+---------+-------+-----+-----+-----+
    |Total                      |                      |        0|      0|  477|  860|    0|
    +---------------------------+----------------------+---------+-------+-----+-----+-----+

    * DSP48E: 
    +---------------------------+----------------------+--------------+
    |          Instance         |        Module        |  Expression  |
    +---------------------------+----------------------+--------------+
    |conv_mac_muladd_1Zio_U377  |conv_mac_muladd_1Zio  | i0 + i1 * i2 |
    |conv_mac_muladd_1fYi_U378  |conv_mac_muladd_1fYi  | i0 + i1 * i2 |
    |conv_mac_muladd_41iI_U380  |conv_mac_muladd_41iI  | i0 * i1 + i2 |
    |conv_mac_muladd_50iy_U379  |conv_mac_muladd_50iy  | i0 * i1 + i2 |
    |conv_mul_mul_16nsudo_U375  |conv_mul_mul_16nsudo  |    i0 * i0   |
    |conv_mul_mul_17s_Yie_U376  |conv_mul_mul_17s_Yie  |    i0 * i1   |
    +---------------------------+----------------------+--------------+

    * Memory: 
    N/A

    * FIFO: 
    N/A

    * Expression: 
    +------------------------------------+----------+-------+---+----+------------+------------+
    |            Variable Name           | Operation| DSP48E| FF| LUT| Bitwidth P0| Bitwidth P1|
    +------------------------------------+----------+-------+---+----+------------+------------+
    |add_ln19_2_fu_589_p2                |     +    |      0|  0|  24|          17|           2|
    |add_ln19_fu_563_p2                  |     +    |      0|  0|  24|          17|           2|
    |add_ln203_19_fu_1211_p2             |     +    |      0|  0|  41|          34|          34|
    |add_ln203_21_fu_923_p2              |     +    |      0|  0|  41|          34|          34|
    |add_ln203_22_fu_1263_p2             |     +    |      0|  0|  41|          34|          34|
    |add_ln203_23_fu_976_p2              |     +    |      0|  0|  41|          34|          34|
    |add_ln203_24_fu_1226_p2             |     +    |      0|  0|  41|          34|          34|
    |add_ln203_25_fu_938_p2              |     +    |      0|  0|  41|          34|          34|
    |add_ln203_26_fu_1241_p2             |     +    |      0|  0|  59|          52|          52|
    |add_ln203_27_fu_953_p2              |     +    |      0|  0|  59|          52|          52|
    |add_ln21_fu_607_p2                  |     +    |      0|  0|  39|          32|          32|
    |add_ln24_fu_1081_p2                 |     +    |      0|  0|  15|           8|           1|
    |add_ln27_1_fu_1204_p2               |     +    |      0|  0|  40|          33|          33|
    |add_ln27_2_fu_1188_p2               |     +    |      0|  0|  40|          33|          33|
    |add_ln27_3_fu_1196_p2               |     +    |      0|  0|  59|          52|          52|
    |add_ln27_fu_1183_p2                 |     +    |      0|  0|  40|          33|          33|
    |add_ln31_fu_1031_p2                 |     +    |      0|  0|  40|          33|          33|
    |add_ln32_fu_1037_p2                 |     +    |      0|  0|  59|          52|          52|
    |add_ln33_1_fu_1059_p2               |     +    |      0|  0|  24|          17|          17|
    |add_ln33_2_fu_1284_p2               |     +    |      0|  0|  24|          17|          17|
    |add_ln33_3_fu_1140_p2               |     +    |      0|  0|  24|          17|          17|
    |add_ln49_fu_770_p2                  |     +    |      0|  0|  14|          10|           1|
    |add_ln52_1_fu_916_p2                |     +    |      0|  0|  40|          33|          33|
    |add_ln52_2_fu_900_p2                |     +    |      0|  0|  40|          33|          33|
    |add_ln52_3_fu_908_p2                |     +    |      0|  0|  59|          52|          52|
    |add_ln52_fu_895_p2                  |     +    |      0|  0|  40|          33|          33|
    |add_ln56_fu_720_p2                  |     +    |      0|  0|  40|          33|          33|
    |add_ln57_fu_726_p2                  |     +    |      0|  0|  59|          52|          52|
    |add_ln58_1_fu_748_p2                |     +    |      0|  0|  25|          18|          18|
    |add_ln58_2_fu_864_p2                |     +    |      0|  0|  25|          18|          18|
    |add_ln58_3_fu_829_p2                |     +    |      0|  0|  25|          18|          18|
    |base_addr1_fu_599_p2                |     +    |      0|  0|  39|          32|          32|
    |cc_2_fu_810_p2                      |     +    |      0|  0|  15|           5|           1|
    |cc_fu_1121_p2                       |     +    |      0|  0|  13|           4|           1|
    |grp_fu_550_p2                       |     +    |      0|  0|  24|          17|           1|
    |rr_3_fu_776_p2                      |     +    |      0|  0|  15|           5|           1|
    |rr_fu_1087_p2                       |     +    |      0|  0|  13|           4|           1|
    |ret_V_3_fu_661_p2                   |     -    |      0|  0|  28|          21|          21|
    |ret_V_4_fu_641_p2                   |     -    |      0|  0|  28|          21|          21|
    |and_ln33_fu_1303_p2                 |    and   |      0|  0|   2|           1|           1|
    |and_ln58_fu_880_p2                  |    and   |      0|  0|   2|           1|           1|
    |ap_condition_1280                   |    and   |      0|  0|   2|           1|           1|
    |ap_condition_1436                   |    and   |      0|  0|   2|           1|           1|
    |ap_predicate_op208_readreq_state25  |    and   |      0|  0|   2|           1|           1|
    |ap_predicate_op353_readreq_state50  |    and   |      0|  0|   2|           1|           1|
    |empty_40_fu_1258_p2                 |   icmp   |      0|  0|  11|           8|           1|
    |empty_43_fu_970_p2                  |   icmp   |      0|  0|  13|          10|           1|
    |icmp_ln23_fu_621_p2                 |   icmp   |      0|  0|  13|          16|           1|
    |icmp_ln24_fu_1075_p2                |   icmp   |      0|  0|  11|           8|           6|
    |icmp_ln25_fu_1093_p2                |   icmp   |      0|  0|   9|           4|           2|
    |icmp_ln33_1_fu_1070_p2              |   icmp   |      0|  0|  18|          17|          17|
    |icmp_ln33_2_fu_1289_p2              |   icmp   |      0|  0|  18|          17|           1|
    |icmp_ln33_3_fu_1295_p2              |   icmp   |      0|  0|  18|          17|          17|
    |icmp_ln33_4_fu_1145_p2              |   icmp   |      0|  0|  18|          17|           1|
    |icmp_ln33_5_fu_1151_p2              |   icmp   |      0|  0|  18|          17|          17|
    |icmp_ln33_fu_1064_p2                |   icmp   |      0|  0|  18|          17|           1|
    |icmp_ln49_fu_764_p2                 |   icmp   |      0|  0|  13|          10|          10|
    |icmp_ln50_fu_782_p2                 |   icmp   |      0|  0|  11|           5|           4|
    |icmp_ln58_1_fu_759_p2               |   icmp   |      0|  0|  18|          18|          18|
    |icmp_ln58_2_fu_869_p2               |   icmp   |      0|  0|  18|          18|           1|
    |icmp_ln58_3_fu_875_p2               |   icmp   |      0|  0|  18|          18|          18|
    |icmp_ln58_4_fu_834_p2               |   icmp   |      0|  0|  18|          18|           1|
    |icmp_ln58_5_fu_840_p2               |   icmp   |      0|  0|  18|          18|          18|
    |icmp_ln58_fu_753_p2                 |   icmp   |      0|  0|  18|          18|           1|
    |ap_block_pp0_stage0_11001           |    or    |      0|  0|   2|           1|           1|
    |ap_block_pp1_stage0_11001           |    or    |      0|  0|   2|           1|           1|
    |ap_block_state25_io                 |    or    |      0|  0|   2|           1|           1|
    |ap_block_state32_pp0_stage0_iter21  |    or    |      0|  0|   2|           1|           1|
    |ap_block_state50_io                 |    or    |      0|  0|   2|           1|           1|
    |ap_block_state57_pp1_stage0_iter20  |    or    |      0|  0|   2|           1|           1|
    |ap_condition_1273                   |    or    |      0|  0|   2|           1|           1|
    |ap_condition_1431                   |    or    |      0|  0|   2|           1|           1|
    |or_ln33_1_fu_1161_p2                |    or    |      0|  0|   2|           1|           1|
    |or_ln33_fu_1132_p2                  |    or    |      0|  0|   2|           1|           1|
    |or_ln58_1_fu_850_p2                 |    or    |      0|  0|   2|           1|           1|
    |or_ln58_fu_821_p2                   |    or    |      0|  0|   2|           1|           1|
    |select_ln27_2_fu_1107_p3            |  select  |      0|  0|   4|           1|           4|
    |select_ln27_3_fu_1166_p3            |  select  |      0|  0|   2|           1|           1|
    |select_ln27_fu_1099_p3              |  select  |      0|  0|   4|           1|           1|
    |select_ln52_2_fu_796_p3             |  select  |      0|  0|   5|           1|           5|
    |select_ln52_3_fu_855_p3             |  select  |      0|  0|   2|           1|           1|
    |select_ln52_fu_788_p3               |  select  |      0|  0|   5|           1|           1|
    |ap_enable_pp0                       |    xor   |      0|  0|   2|           1|           2|
    |ap_enable_pp1                       |    xor   |      0|  0|   2|           1|           2|
    |xor_ln33_1_fu_1156_p2               |    xor   |      0|  0|   2|           1|           2|
    |xor_ln33_fu_1127_p2                 |    xor   |      0|  0|   2|           1|           2|
    |xor_ln58_1_fu_845_p2                |    xor   |      0|  0|   2|           1|           2|
    |xor_ln58_fu_816_p2                  |    xor   |      0|  0|   2|           1|           2|
    +------------------------------------+----------+-------+---+----+------------+------------+
    |Total                               |          |      0|  0|1725|        1379|        1181|
    +------------------------------------+----------+-------+---+----+------------+------------+

    * Multiplexer: 
    +-------------------------------------------+----+-----------+-----+-----------+
    |                    Name                   | LUT| Input Size| Bits| Total Bits|
    +-------------------------------------------+----+-----------+-----+-----------+
    |ap_NS_fsm                                  |  62|         15|    1|         15|
    |ap_enable_reg_pp0_iter2                    |   9|          2|    1|          2|
    |ap_enable_reg_pp0_iter23                   |   9|          2|    1|          2|
    |ap_enable_reg_pp1_iter2                    |   9|          2|    1|          2|
    |ap_enable_reg_pp1_iter22                   |   9|          2|    1|          2|
    |ap_phi_mux_indvar_flatten14_phi_fu_390_p4  |   9|          2|   10|         20|
    |ap_phi_mux_indvar_flatten_phi_fu_472_p4    |   9|          2|    8|         16|
    |ap_phi_mux_rr_0_phi_fu_484_p4              |   9|          2|    4|          8|
    |ap_phi_mux_rr_1_phi_fu_402_p4              |   9|          2|    5|         10|
    |ap_phi_reg_pp0_iter23_storemerge1_reg_444  |   9|          2|   16|         32|
    |ap_phi_reg_pp0_iter23_storemerge4_reg_432  |   9|          2|   16|         32|
    |ap_phi_reg_pp0_iter23_storemerge5_reg_420  |   9|          2|   16|         32|
    |ap_phi_reg_pp0_iter23_storemerge_reg_456   |   9|          2|   16|         32|
    |ap_phi_reg_pp0_iter4_storemerge1_reg_444   |   9|          2|   16|         32|
    |ap_phi_reg_pp0_iter4_storemerge4_reg_432   |   9|          2|   16|         32|
    |ap_phi_reg_pp0_iter4_storemerge5_reg_420   |   9|          2|   16|         32|
    |ap_phi_reg_pp0_iter4_storemerge_reg_456    |   9|          2|   16|         32|
    |ap_phi_reg_pp1_iter22_storemerge2_reg_538  |  15|          3|   16|         48|
    |ap_phi_reg_pp1_iter22_storemerge3_reg_526  |  15|          3|   16|         48|
    |ap_phi_reg_pp1_iter22_storemerge6_reg_514  |  15|          3|   16|         48|
    |ap_phi_reg_pp1_iter22_storemerge7_reg_502  |  15|          3|   16|         48|
    |cc_0_reg_491                               |   9|          2|    4|          8|
    |cc_1_reg_409                               |   9|          2|    5|         10|
    |fm_in_buff_0_V_address0                    |  15|          3|   10|         30|
    |fm_in_buff_0_V_d0                          |  15|          3|   16|         48|
    |fm_in_buff_1_V_address0                    |  15|          3|   10|         30|
    |fm_in_buff_1_V_d0                          |  15|          3|   16|         48|
    |fm_in_buff_2_V_address0                    |  15|          3|   10|         30|
    |fm_in_buff_2_V_d0                          |  15|          3|   16|         48|
    |fm_in_buff_3_V_address0                    |  15|          3|   10|         30|
    |fm_in_buff_3_V_d0                          |  15|          3|   16|         48|
    |in1_V_blk_n_AR                             |   9|          2|    1|          2|
    |in1_V_blk_n_R                              |   9|          2|    1|          2|
    |in2_V_blk_n_AR                             |   9|          2|    1|          2|
    |in2_V_blk_n_R                              |   9|          2|    1|          2|
    |in3_V_blk_n_AR                             |   9|          2|    1|          2|
    |in3_V_blk_n_R                              |   9|          2|    1|          2|
    |in4_V_blk_n_AR                             |   9|          2|    1|          2|
    |in4_V_blk_n_R                              |   9|          2|    1|          2|
    |indvar_flatten14_reg_386                   |   9|          2|   10|         20|
    |indvar_flatten_reg_468                     |   9|          2|    8|         16|
    |m_axi_in1_V_ARADDR                         |  15|          3|   32|         96|
    |m_axi_in1_V_ARLEN                          |  15|          3|   32|         96|
    |m_axi_in2_V_ARADDR                         |  15|          3|   32|         96|
    |m_axi_in2_V_ARLEN                          |  15|          3|   32|         96|
    |m_axi_in3_V_ARADDR                         |  15|          3|   32|         96|
    |m_axi_in3_V_ARLEN                          |  15|          3|   32|         96|
    |m_axi_in4_V_ARADDR                         |  15|          3|   32|         96|
    |m_axi_in4_V_ARLEN                          |  15|          3|   32|         96|
    |rr_0_reg_480                               |   9|          2|    4|          8|
    |rr_1_reg_398                               |   9|          2|    5|         10|
    +-------------------------------------------+----+-----------+-----+-----------+
    |Total                                      | 632|        135|  628|       1693|
    +-------------------------------------------+----+-----------+-----+-----------+

    * Register: 
    +-------------------------------------------+----+----+-----+-----------+
    |                    Name                   | FF | LUT| Bits| Const Bits|
    +-------------------------------------------+----+----+-----+-----------+
    |add_ln19_1_reg_1425                        |  32|   0|   32|          0|
    |add_ln19_reg_1381                          |  17|   0|   17|          0|
    |add_ln203_20_reg_1735                      |  10|   0|   10|          0|
    |add_ln203_reg_1948                         |   9|   0|    9|          0|
    |add_ln21_reg_1453                          |  32|   0|   32|          0|
    |add_ln24_reg_1801                          |   8|   0|    8|          0|
    |add_ln27_1_reg_1875                        |  33|   0|   33|          0|
    |add_ln27_2_reg_1865                        |  33|   0|   33|          0|
    |add_ln27_3_reg_1870                        |  52|   0|   52|          0|
    |add_ln27_reg_1859                          |  33|   0|   33|          0|
    |add_ln31_reg_1757                          |  33|   0|   33|          0|
    |add_ln32_reg_1762                          |  52|   0|   52|          0|
    |add_ln33_reg_1745                          |  17|   0|   17|          0|
    |add_ln49_reg_1589                          |  10|   0|   10|          0|
    |add_ln52_1_reg_1677                        |  33|   0|   33|          0|
    |add_ln52_2_reg_1667                        |  33|   0|   33|          0|
    |add_ln52_3_reg_1672                        |  52|   0|   52|          0|
    |add_ln52_reg_1661                          |  33|   0|   33|          0|
    |add_ln56_reg_1545                          |  33|   0|   33|          0|
    |add_ln57_reg_1550                          |  52|   0|   52|          0|
    |and_ln58_reg_1651                          |   1|   0|    1|          0|
    |ap_CS_fsm                                  |  14|   0|   14|          0|
    |ap_enable_reg_pp0_iter0                    |   1|   0|    1|          0|
    |ap_enable_reg_pp0_iter1                    |   1|   0|    1|          0|
    |ap_enable_reg_pp0_iter10                   |   1|   0|    1|          0|
    |ap_enable_reg_pp0_iter11                   |   1|   0|    1|          0|
    |ap_enable_reg_pp0_iter12                   |   1|   0|    1|          0|
    |ap_enable_reg_pp0_iter13                   |   1|   0|    1|          0|
    |ap_enable_reg_pp0_iter14                   |   1|   0|    1|          0|
    |ap_enable_reg_pp0_iter15                   |   1|   0|    1|          0|
    |ap_enable_reg_pp0_iter16                   |   1|   0|    1|          0|
    |ap_enable_reg_pp0_iter17                   |   1|   0|    1|          0|
    |ap_enable_reg_pp0_iter18                   |   1|   0|    1|          0|
    |ap_enable_reg_pp0_iter19                   |   1|   0|    1|          0|
    |ap_enable_reg_pp0_iter2                    |   1|   0|    1|          0|
    |ap_enable_reg_pp0_iter20                   |   1|   0|    1|          0|
    |ap_enable_reg_pp0_iter21                   |   1|   0|    1|          0|
    |ap_enable_reg_pp0_iter22                   |   1|   0|    1|          0|
    |ap_enable_reg_pp0_iter23                   |   1|   0|    1|          0|
    |ap_enable_reg_pp0_iter3                    |   1|   0|    1|          0|
    |ap_enable_reg_pp0_iter4                    |   1|   0|    1|          0|
    |ap_enable_reg_pp0_iter5                    |   1|   0|    1|          0|
    |ap_enable_reg_pp0_iter6                    |   1|   0|    1|          0|
    |ap_enable_reg_pp0_iter7                    |   1|   0|    1|          0|
    |ap_enable_reg_pp0_iter8                    |   1|   0|    1|          0|
    |ap_enable_reg_pp0_iter9                    |   1|   0|    1|          0|
    |ap_enable_reg_pp1_iter0                    |   1|   0|    1|          0|
    |ap_enable_reg_pp1_iter1                    |   1|   0|    1|          0|
    |ap_enable_reg_pp1_iter10                   |   1|   0|    1|          0|
    |ap_enable_reg_pp1_iter11                   |   1|   0|    1|          0|
    |ap_enable_reg_pp1_iter12                   |   1|   0|    1|          0|
    |ap_enable_reg_pp1_iter13                   |   1|   0|    1|          0|
    |ap_enable_reg_pp1_iter14                   |   1|   0|    1|          0|
    |ap_enable_reg_pp1_iter15                   |   1|   0|    1|          0|
    |ap_enable_reg_pp1_iter16                   |   1|   0|    1|          0|
    |ap_enable_reg_pp1_iter17                   |   1|   0|    1|          0|
    |ap_enable_reg_pp1_iter18                   |   1|   0|    1|          0|
    |ap_enable_reg_pp1_iter19                   |   1|   0|    1|          0|
    |ap_enable_reg_pp1_iter2                    |   1|   0|    1|          0|
    |ap_enable_reg_pp1_iter20                   |   1|   0|    1|          0|
    |ap_enable_reg_pp1_iter21                   |   1|   0|    1|          0|
    |ap_enable_reg_pp1_iter22                   |   1|   0|    1|          0|
    |ap_enable_reg_pp1_iter3                    |   1|   0|    1|          0|
    |ap_enable_reg_pp1_iter4                    |   1|   0|    1|          0|
    |ap_enable_reg_pp1_iter5                    |   1|   0|    1|          0|
    |ap_enable_reg_pp1_iter6                    |   1|   0|    1|          0|
    |ap_enable_reg_pp1_iter7                    |   1|   0|    1|          0|
    |ap_enable_reg_pp1_iter8                    |   1|   0|    1|          0|
    |ap_enable_reg_pp1_iter9                    |   1|   0|    1|          0|
    |ap_phi_reg_pp0_iter10_storemerge1_reg_444  |  16|   0|   16|          0|
    |ap_phi_reg_pp0_iter10_storemerge4_reg_432  |  16|   0|   16|          0|
    |ap_phi_reg_pp0_iter10_storemerge5_reg_420  |  16|   0|   16|          0|
    |ap_phi_reg_pp0_iter10_storemerge_reg_456   |  16|   0|   16|          0|
    |ap_phi_reg_pp0_iter11_storemerge1_reg_444  |  16|   0|   16|          0|
    |ap_phi_reg_pp0_iter11_storemerge4_reg_432  |  16|   0|   16|          0|
    |ap_phi_reg_pp0_iter11_storemerge5_reg_420  |  16|   0|   16|          0|
    |ap_phi_reg_pp0_iter11_storemerge_reg_456   |  16|   0|   16|          0|
    |ap_phi_reg_pp0_iter12_storemerge1_reg_444  |  16|   0|   16|          0|
    |ap_phi_reg_pp0_iter12_storemerge4_reg_432  |  16|   0|   16|          0|
    |ap_phi_reg_pp0_iter12_storemerge5_reg_420  |  16|   0|   16|          0|
    |ap_phi_reg_pp0_iter12_storemerge_reg_456   |  16|   0|   16|          0|
    |ap_phi_reg_pp0_iter13_storemerge1_reg_444  |  16|   0|   16|          0|
    |ap_phi_reg_pp0_iter13_storemerge4_reg_432  |  16|   0|   16|          0|
    |ap_phi_reg_pp0_iter13_storemerge5_reg_420  |  16|   0|   16|          0|
    |ap_phi_reg_pp0_iter13_storemerge_reg_456   |  16|   0|   16|          0|
    |ap_phi_reg_pp0_iter14_storemerge1_reg_444  |  16|   0|   16|          0|
    |ap_phi_reg_pp0_iter14_storemerge4_reg_432  |  16|   0|   16|          0|
    |ap_phi_reg_pp0_iter14_storemerge5_reg_420  |  16|   0|   16|          0|
    |ap_phi_reg_pp0_iter14_storemerge_reg_456   |  16|   0|   16|          0|
    |ap_phi_reg_pp0_iter15_storemerge1_reg_444  |  16|   0|   16|          0|
    |ap_phi_reg_pp0_iter15_storemerge4_reg_432  |  16|   0|   16|          0|
    |ap_phi_reg_pp0_iter15_storemerge5_reg_420  |  16|   0|   16|          0|
    |ap_phi_reg_pp0_iter15_storemerge_reg_456   |  16|   0|   16|          0|
    |ap_phi_reg_pp0_iter16_storemerge1_reg_444  |  16|   0|   16|          0|
    |ap_phi_reg_pp0_iter16_storemerge4_reg_432  |  16|   0|   16|          0|
    |ap_phi_reg_pp0_iter16_storemerge5_reg_420  |  16|   0|   16|          0|
    |ap_phi_reg_pp0_iter16_storemerge_reg_456   |  16|   0|   16|          0|
    |ap_phi_reg_pp0_iter17_storemerge1_reg_444  |  16|   0|   16|          0|
    |ap_phi_reg_pp0_iter17_storemerge4_reg_432  |  16|   0|   16|          0|
    |ap_phi_reg_pp0_iter17_storemerge5_reg_420  |  16|   0|   16|          0|
    |ap_phi_reg_pp0_iter17_storemerge_reg_456   |  16|   0|   16|          0|
    |ap_phi_reg_pp0_iter18_storemerge1_reg_444  |  16|   0|   16|          0|
    |ap_phi_reg_pp0_iter18_storemerge4_reg_432  |  16|   0|   16|          0|
    |ap_phi_reg_pp0_iter18_storemerge5_reg_420  |  16|   0|   16|          0|
    |ap_phi_reg_pp0_iter18_storemerge_reg_456   |  16|   0|   16|          0|
    |ap_phi_reg_pp0_iter19_storemerge1_reg_444  |  16|   0|   16|          0|
    |ap_phi_reg_pp0_iter19_storemerge4_reg_432  |  16|   0|   16|          0|
    |ap_phi_reg_pp0_iter19_storemerge5_reg_420  |  16|   0|   16|          0|
    |ap_phi_reg_pp0_iter19_storemerge_reg_456   |  16|   0|   16|          0|
    |ap_phi_reg_pp0_iter1_storemerge1_reg_444   |  16|   0|   16|          0|
    |ap_phi_reg_pp0_iter1_storemerge4_reg_432   |  16|   0|   16|          0|
    |ap_phi_reg_pp0_iter1_storemerge5_reg_420   |  16|   0|   16|          0|
    |ap_phi_reg_pp0_iter1_storemerge_reg_456    |  16|   0|   16|          0|
    |ap_phi_reg_pp0_iter20_storemerge1_reg_444  |  16|   0|   16|          0|
    |ap_phi_reg_pp0_iter20_storemerge4_reg_432  |  16|   0|   16|          0|
    |ap_phi_reg_pp0_iter20_storemerge5_reg_420  |  16|   0|   16|          0|
    |ap_phi_reg_pp0_iter20_storemerge_reg_456   |  16|   0|   16|          0|
    |ap_phi_reg_pp0_iter21_storemerge1_reg_444  |  16|   0|   16|          0|
    |ap_phi_reg_pp0_iter21_storemerge4_reg_432  |  16|   0|   16|          0|
    |ap_phi_reg_pp0_iter21_storemerge5_reg_420  |  16|   0|   16|          0|
    |ap_phi_reg_pp0_iter21_storemerge_reg_456   |  16|   0|   16|          0|
    |ap_phi_reg_pp0_iter22_storemerge1_reg_444  |  16|   0|   16|          0|
    |ap_phi_reg_pp0_iter22_storemerge4_reg_432  |  16|   0|   16|          0|
    |ap_phi_reg_pp0_iter22_storemerge5_reg_420  |  16|   0|   16|          0|
    |ap_phi_reg_pp0_iter22_storemerge_reg_456   |  16|   0|   16|          0|
    |ap_phi_reg_pp0_iter23_storemerge1_reg_444  |  16|   0|   16|          0|
    |ap_phi_reg_pp0_iter23_storemerge4_reg_432  |  16|   0|   16|          0|
    |ap_phi_reg_pp0_iter23_storemerge5_reg_420  |  16|   0|   16|          0|
    |ap_phi_reg_pp0_iter23_storemerge_reg_456   |  16|   0|   16|          0|
    |ap_phi_reg_pp0_iter2_storemerge1_reg_444   |  16|   0|   16|          0|
    |ap_phi_reg_pp0_iter2_storemerge4_reg_432   |  16|   0|   16|          0|
    |ap_phi_reg_pp0_iter2_storemerge5_reg_420   |  16|   0|   16|          0|
    |ap_phi_reg_pp0_iter2_storemerge_reg_456    |  16|   0|   16|          0|
    |ap_phi_reg_pp0_iter3_storemerge1_reg_444   |  16|   0|   16|          0|
    |ap_phi_reg_pp0_iter3_storemerge4_reg_432   |  16|   0|   16|          0|
    |ap_phi_reg_pp0_iter3_storemerge5_reg_420   |  16|   0|   16|          0|
    |ap_phi_reg_pp0_iter3_storemerge_reg_456    |  16|   0|   16|          0|
    |ap_phi_reg_pp0_iter4_storemerge1_reg_444   |  16|   0|   16|          0|
    |ap_phi_reg_pp0_iter4_storemerge4_reg_432   |  16|   0|   16|          0|
    |ap_phi_reg_pp0_iter4_storemerge5_reg_420   |  16|   0|   16|          0|
    |ap_phi_reg_pp0_iter4_storemerge_reg_456    |  16|   0|   16|          0|
    |ap_phi_reg_pp0_iter5_storemerge1_reg_444   |  16|   0|   16|          0|
    |ap_phi_reg_pp0_iter5_storemerge4_reg_432   |  16|   0|   16|          0|
    |ap_phi_reg_pp0_iter5_storemerge5_reg_420   |  16|   0|   16|          0|
    |ap_phi_reg_pp0_iter5_storemerge_reg_456    |  16|   0|   16|          0|
    |ap_phi_reg_pp0_iter6_storemerge1_reg_444   |  16|   0|   16|          0|
    |ap_phi_reg_pp0_iter6_storemerge4_reg_432   |  16|   0|   16|          0|
    |ap_phi_reg_pp0_iter6_storemerge5_reg_420   |  16|   0|   16|          0|
    |ap_phi_reg_pp0_iter6_storemerge_reg_456    |  16|   0|   16|          0|
    |ap_phi_reg_pp0_iter7_storemerge1_reg_444   |  16|   0|   16|          0|
    |ap_phi_reg_pp0_iter7_storemerge4_reg_432   |  16|   0|   16|          0|
    |ap_phi_reg_pp0_iter7_storemerge5_reg_420   |  16|   0|   16|          0|
    |ap_phi_reg_pp0_iter7_storemerge_reg_456    |  16|   0|   16|          0|
    |ap_phi_reg_pp0_iter8_storemerge1_reg_444   |  16|   0|   16|          0|
    |ap_phi_reg_pp0_iter8_storemerge4_reg_432   |  16|   0|   16|          0|
    |ap_phi_reg_pp0_iter8_storemerge5_reg_420   |  16|   0|   16|          0|
    |ap_phi_reg_pp0_iter8_storemerge_reg_456    |  16|   0|   16|          0|
    |ap_phi_reg_pp0_iter9_storemerge1_reg_444   |  16|   0|   16|          0|
    |ap_phi_reg_pp0_iter9_storemerge4_reg_432   |  16|   0|   16|          0|
    |ap_phi_reg_pp0_iter9_storemerge5_reg_420   |  16|   0|   16|          0|
    |ap_phi_reg_pp0_iter9_storemerge_reg_456    |  16|   0|   16|          0|
    |ap_phi_reg_pp1_iter10_storemerge2_reg_538  |  16|   0|   16|          0|
    |ap_phi_reg_pp1_iter10_storemerge3_reg_526  |  16|   0|   16|          0|
    |ap_phi_reg_pp1_iter10_storemerge6_reg_514  |  16|   0|   16|          0|
    |ap_phi_reg_pp1_iter10_storemerge7_reg_502  |  16|   0|   16|          0|
    |ap_phi_reg_pp1_iter11_storemerge2_reg_538  |  16|   0|   16|          0|
    |ap_phi_reg_pp1_iter11_storemerge3_reg_526  |  16|   0|   16|          0|
    |ap_phi_reg_pp1_iter11_storemerge6_reg_514  |  16|   0|   16|          0|
    |ap_phi_reg_pp1_iter11_storemerge7_reg_502  |  16|   0|   16|          0|
    |ap_phi_reg_pp1_iter12_storemerge2_reg_538  |  16|   0|   16|          0|
    |ap_phi_reg_pp1_iter12_storemerge3_reg_526  |  16|   0|   16|          0|
    |ap_phi_reg_pp1_iter12_storemerge6_reg_514  |  16|   0|   16|          0|
    |ap_phi_reg_pp1_iter12_storemerge7_reg_502  |  16|   0|   16|          0|
    |ap_phi_reg_pp1_iter13_storemerge2_reg_538  |  16|   0|   16|          0|
    |ap_phi_reg_pp1_iter13_storemerge3_reg_526  |  16|   0|   16|          0|
    |ap_phi_reg_pp1_iter13_storemerge6_reg_514  |  16|   0|   16|          0|
    |ap_phi_reg_pp1_iter13_storemerge7_reg_502  |  16|   0|   16|          0|
    |ap_phi_reg_pp1_iter14_storemerge2_reg_538  |  16|   0|   16|          0|
    |ap_phi_reg_pp1_iter14_storemerge3_reg_526  |  16|   0|   16|          0|
    |ap_phi_reg_pp1_iter14_storemerge6_reg_514  |  16|   0|   16|          0|
    |ap_phi_reg_pp1_iter14_storemerge7_reg_502  |  16|   0|   16|          0|
    |ap_phi_reg_pp1_iter15_storemerge2_reg_538  |  16|   0|   16|          0|
    |ap_phi_reg_pp1_iter15_storemerge3_reg_526  |  16|   0|   16|          0|
    |ap_phi_reg_pp1_iter15_storemerge6_reg_514  |  16|   0|   16|          0|
    |ap_phi_reg_pp1_iter15_storemerge7_reg_502  |  16|   0|   16|          0|
    |ap_phi_reg_pp1_iter16_storemerge2_reg_538  |  16|   0|   16|          0|
    |ap_phi_reg_pp1_iter16_storemerge3_reg_526  |  16|   0|   16|          0|
    |ap_phi_reg_pp1_iter16_storemerge6_reg_514  |  16|   0|   16|          0|
    |ap_phi_reg_pp1_iter16_storemerge7_reg_502  |  16|   0|   16|          0|
    |ap_phi_reg_pp1_iter17_storemerge2_reg_538  |  16|   0|   16|          0|
    |ap_phi_reg_pp1_iter17_storemerge3_reg_526  |  16|   0|   16|          0|
    |ap_phi_reg_pp1_iter17_storemerge6_reg_514  |  16|   0|   16|          0|
    |ap_phi_reg_pp1_iter17_storemerge7_reg_502  |  16|   0|   16|          0|
    |ap_phi_reg_pp1_iter18_storemerge2_reg_538  |  16|   0|   16|          0|
    |ap_phi_reg_pp1_iter18_storemerge3_reg_526  |  16|   0|   16|          0|
    |ap_phi_reg_pp1_iter18_storemerge6_reg_514  |  16|   0|   16|          0|
    |ap_phi_reg_pp1_iter18_storemerge7_reg_502  |  16|   0|   16|          0|
    |ap_phi_reg_pp1_iter19_storemerge2_reg_538  |  16|   0|   16|          0|
    |ap_phi_reg_pp1_iter19_storemerge3_reg_526  |  16|   0|   16|          0|
    |ap_phi_reg_pp1_iter19_storemerge6_reg_514  |  16|   0|   16|          0|
    |ap_phi_reg_pp1_iter19_storemerge7_reg_502  |  16|   0|   16|          0|
    |ap_phi_reg_pp1_iter1_storemerge2_reg_538   |  16|   0|   16|          0|
    |ap_phi_reg_pp1_iter1_storemerge3_reg_526   |  16|   0|   16|          0|
    |ap_phi_reg_pp1_iter1_storemerge6_reg_514   |  16|   0|   16|          0|
    |ap_phi_reg_pp1_iter1_storemerge7_reg_502   |  16|   0|   16|          0|
    |ap_phi_reg_pp1_iter20_storemerge2_reg_538  |  16|   0|   16|          0|
    |ap_phi_reg_pp1_iter20_storemerge3_reg_526  |  16|   0|   16|          0|
    |ap_phi_reg_pp1_iter20_storemerge6_reg_514  |  16|   0|   16|          0|
    |ap_phi_reg_pp1_iter20_storemerge7_reg_502  |  16|   0|   16|          0|
    |ap_phi_reg_pp1_iter21_storemerge2_reg_538  |  16|   0|   16|          0|
    |ap_phi_reg_pp1_iter21_storemerge3_reg_526  |  16|   0|   16|          0|
    |ap_phi_reg_pp1_iter21_storemerge6_reg_514  |  16|   0|   16|          0|
    |ap_phi_reg_pp1_iter21_storemerge7_reg_502  |  16|   0|   16|          0|
    |ap_phi_reg_pp1_iter22_storemerge2_reg_538  |  16|   0|   16|          0|
    |ap_phi_reg_pp1_iter22_storemerge3_reg_526  |  16|   0|   16|          0|
    |ap_phi_reg_pp1_iter22_storemerge6_reg_514  |  16|   0|   16|          0|
    |ap_phi_reg_pp1_iter22_storemerge7_reg_502  |  16|   0|   16|          0|
    |ap_phi_reg_pp1_iter2_storemerge2_reg_538   |  16|   0|   16|          0|
    |ap_phi_reg_pp1_iter2_storemerge3_reg_526   |  16|   0|   16|          0|
    |ap_phi_reg_pp1_iter2_storemerge6_reg_514   |  16|   0|   16|          0|
    |ap_phi_reg_pp1_iter2_storemerge7_reg_502   |  16|   0|   16|          0|
    |ap_phi_reg_pp1_iter3_storemerge2_reg_538   |  16|   0|   16|          0|
    |ap_phi_reg_pp1_iter3_storemerge3_reg_526   |  16|   0|   16|          0|
    |ap_phi_reg_pp1_iter3_storemerge6_reg_514   |  16|   0|   16|          0|
    |ap_phi_reg_pp1_iter3_storemerge7_reg_502   |  16|   0|   16|          0|
    |ap_phi_reg_pp1_iter4_storemerge2_reg_538   |  16|   0|   16|          0|
    |ap_phi_reg_pp1_iter4_storemerge3_reg_526   |  16|   0|   16|          0|
    |ap_phi_reg_pp1_iter4_storemerge6_reg_514   |  16|   0|   16|          0|
    |ap_phi_reg_pp1_iter4_storemerge7_reg_502   |  16|   0|   16|          0|
    |ap_phi_reg_pp1_iter5_storemerge2_reg_538   |  16|   0|   16|          0|
    |ap_phi_reg_pp1_iter5_storemerge3_reg_526   |  16|   0|   16|          0|
    |ap_phi_reg_pp1_iter5_storemerge6_reg_514   |  16|   0|   16|          0|
    |ap_phi_reg_pp1_iter5_storemerge7_reg_502   |  16|   0|   16|          0|
    |ap_phi_reg_pp1_iter6_storemerge2_reg_538   |  16|   0|   16|          0|
    |ap_phi_reg_pp1_iter6_storemerge3_reg_526   |  16|   0|   16|          0|
    |ap_phi_reg_pp1_iter6_storemerge6_reg_514   |  16|   0|   16|          0|
    |ap_phi_reg_pp1_iter6_storemerge7_reg_502   |  16|   0|   16|          0|
    |ap_phi_reg_pp1_iter7_storemerge2_reg_538   |  16|   0|   16|          0|
    |ap_phi_reg_pp1_iter7_storemerge3_reg_526   |  16|   0|   16|          0|
    |ap_phi_reg_pp1_iter7_storemerge6_reg_514   |  16|   0|   16|          0|
    |ap_phi_reg_pp1_iter7_storemerge7_reg_502   |  16|   0|   16|          0|
    |ap_phi_reg_pp1_iter8_storemerge2_reg_538   |  16|   0|   16|          0|
    |ap_phi_reg_pp1_iter8_storemerge3_reg_526   |  16|   0|   16|          0|
    |ap_phi_reg_pp1_iter8_storemerge6_reg_514   |  16|   0|   16|          0|
    |ap_phi_reg_pp1_iter8_storemerge7_reg_502   |  16|   0|   16|          0|
    |ap_phi_reg_pp1_iter9_storemerge2_reg_538   |  16|   0|   16|          0|
    |ap_phi_reg_pp1_iter9_storemerge3_reg_526   |  16|   0|   16|          0|
    |ap_phi_reg_pp1_iter9_storemerge6_reg_514   |  16|   0|   16|          0|
    |ap_phi_reg_pp1_iter9_storemerge7_reg_502   |  16|   0|   16|          0|
    |base_addr1_reg_1446                        |  32|   0|   32|          0|
    |base_addr2_reg_1497                        |  32|   0|   32|          0|
    |cc_0_reg_491                               |   4|   0|    4|          0|
    |cc_1_reg_409                               |   5|   0|    5|          0|
    |empty_39_reg_1886                          |   8|   0|    8|          0|
    |empty_40_reg_1903                          |   1|   0|    1|          0|
    |empty_43_reg_1700                          |   1|   0|    1|          0|
    |icmp_ln24_reg_1797                         |   1|   0|    1|          0|
    |icmp_ln25_reg_1811                         |   1|   0|    1|          0|
    |icmp_ln25_reg_1811_pp1_iter1_reg           |   1|   0|    1|          0|
    |icmp_ln33_1_reg_1792                       |   1|   0|    1|          0|
    |icmp_ln33_2_reg_1938                       |   1|   0|    1|          0|
    |icmp_ln33_3_reg_1943                       |   1|   0|    1|          0|
    |icmp_ln33_4_reg_1839                       |   1|   0|    1|          0|
    |icmp_ln33_5_reg_1844                       |   1|   0|    1|          0|
    |icmp_ln33_reg_1787                         |   1|   0|    1|          0|
    |icmp_ln49_reg_1585                         |   1|   0|    1|          0|
    |icmp_ln50_reg_1599                         |   1|   0|    1|          0|
    |icmp_ln50_reg_1599_pp0_iter1_reg           |   1|   0|    1|          0|
    |icmp_ln58_1_reg_1580                       |   1|   0|    1|          0|
    |icmp_ln58_2_reg_1641                       |   1|   0|    1|          0|
    |icmp_ln58_3_reg_1646                       |   1|   0|    1|          0|
    |icmp_ln58_4_reg_1627                       |   1|   0|    1|          0|
    |icmp_ln58_5_reg_1632                       |   1|   0|    1|          0|
    |icmp_ln58_reg_1575                         |   1|   0|    1|          0|
    |in1_V_addr_1_reg_1682                      |  32|   0|   32|          0|
    |in1_V_addr_reg_1880                        |  32|   0|   32|          0|
    |in2_V_addr_1_reg_1704                      |  32|   0|   32|          0|
    |in2_V_addr_reg_1907                        |  32|   0|   32|          0|
    |in3_V_addr_1_reg_1688                      |  32|   0|   32|          0|
    |in3_V_addr_reg_1891                        |  32|   0|   32|          0|
    |in4_V_addr_1_reg_1694                      |  32|   0|   32|          0|
    |in4_V_addr_reg_1897                        |  32|   0|   32|          0|
    |indvar_flatten14_reg_386                   |  10|   0|   10|          0|
    |indvar_flatten_reg_468                     |   8|   0|    8|          0|
    |mul_ln19_1_reg_1420                        |  32|   0|   32|          0|
    |mul_ln27_reg_1853                          |  20|   0|   20|          0|
    |mul_ln52_reg_1655                          |  21|   0|   21|          0|
    |or_ln33_reg_1834                           |   1|   0|    1|          0|
    |or_ln58_reg_1622                           |   1|   0|    1|          0|
    |ret_V_3_reg_1512                           |  21|   0|   21|          0|
    |ret_V_4_reg_1507                           |  21|   0|   21|          0|
    |rr_0_reg_480                               |   4|   0|    4|          0|
    |rr_1_reg_398                               |   5|   0|    5|          0|
    |rr_3_reg_1594                              |   5|   0|    5|          0|
    |rr_reg_1806                                |   4|   0|    4|          0|
    |select_ln27_2_reg_1822                     |   4|   0|    4|          0|
    |select_ln27_3_reg_1849                     |   1|   0|    1|          0|
    |select_ln27_reg_1816                       |   4|   0|    4|          0|
    |select_ln52_2_reg_1610                     |   5|   0|    5|          0|
    |select_ln52_3_reg_1637                     |   1|   0|    1|          0|
    |select_ln52_reg_1604                       |   5|   0|    5|          0|
    |sext_ln559_1_reg_1740                      |  33|   0|   33|          0|
    |sext_ln559_3_reg_1517                      |  33|   0|   33|          0|
    |size_V_reg_1386                            |  18|   0|   18|          0|
    |tmp1_V_2_reg_1715                          |  16|   0|   16|          0|
    |tmp1_V_reg_1918                            |  16|   0|   16|          0|
    |tmp2_V_4_reg_1720                          |  16|   0|   16|          0|
    |tmp2_V_reg_1923                            |  16|   0|   16|          0|
    |tmp3_V_2_reg_1725                          |  16|   0|   16|          0|
    |tmp3_V_reg_1928                            |  16|   0|   16|          0|
    |tmp4_V_1_reg_1730                          |  16|   0|   16|          0|
    |tmp4_V_reg_1933                            |  16|   0|   16|          0|
    |zext_ln19_10_reg_1492                      |  16|   0|   17|          1|
    |zext_ln19_11_reg_1441                      |  16|   0|   17|          1|
    |zext_ln19_5_reg_1404                       |  16|   0|   32|         16|
    |zext_ln19_7_reg_1375                       |  16|   0|   17|          1|
    |zext_ln19_8_reg_1482                       |  16|   0|   21|          5|
    |zext_ln19_9_reg_1487                       |  16|   0|   20|          4|
    |zext_ln203_27_reg_1772                     |  31|   0|   34|          3|
    |zext_ln203_28_reg_1777                     |  31|   0|   34|          3|
    |zext_ln203_29_reg_1555                     |  31|   0|   34|          3|
    |zext_ln203_30_reg_1560                     |  31|   0|   34|          3|
    |zext_ln203_31_reg_1565                     |  31|   0|   34|          3|
    |zext_ln203_reg_1767                        |  31|   0|   34|          3|
    |zext_ln24_reg_1782                         |  31|   0|   52|         21|
    |zext_ln30_reg_1752                         |  18|   0|   33|         15|
    |zext_ln49_reg_1570                         |  31|   0|   52|         21|
    |zext_ln55_reg_1540                         |  18|   0|   33|         15|
    |zext_ln58_1_reg_1522                       |  16|   0|   18|          2|
    |zext_ln58_2_reg_1528                       |  17|   0|   18|          1|
    |zext_ln58_3_reg_1535                       |  16|   0|   18|          2|
    |and_ln58_reg_1651                          |  64|  32|    1|          0|
    |icmp_ln24_reg_1797                         |  64|  32|    1|          0|
    |icmp_ln49_reg_1585                         |  64|  32|    1|          0|
    |in1_V_addr_1_reg_1682                      |  64|  32|   32|          0|
    |in1_V_addr_reg_1880                        |  64|  32|   32|          0|
    |in3_V_addr_1_reg_1688                      |  64|  32|   32|          0|
    |in3_V_addr_reg_1891                        |  64|  32|   32|          0|
    |in4_V_addr_1_reg_1694                      |  64|  32|   32|          0|
    |in4_V_addr_reg_1897                        |  64|  32|   32|          0|
    |select_ln27_2_reg_1822                     |  64|  32|    4|          0|
    |select_ln27_3_reg_1849                     |  64|  32|    1|          0|
    |select_ln27_reg_1816                       |  64|  32|    4|          0|
    |select_ln52_2_reg_1610                     |  64|  32|    5|          0|
    |select_ln52_3_reg_1637                     |  64|  32|    1|          0|
    |select_ln52_reg_1604                       |  64|  32|    5|          0|
    +-------------------------------------------+----+----+-----+-----------+
    |Total                                      |5680| 480| 5058|        123|
    +-------------------------------------------+----+----+-----+-----------+



================================================================
== Interface
================================================================
* Summary: 
+-------------------------+-----+-----+------------+----------------+--------------+
|        RTL Ports        | Dir | Bits|  Protocol  |  Source Object |    C Type    |
+-------------------------+-----+-----+------------+----------------+--------------+
|ap_clk                   |  in |    1| ap_ctrl_hs |   load_input   | return value |
|ap_rst                   |  in |    1| ap_ctrl_hs |   load_input   | return value |
|ap_start                 |  in |    1| ap_ctrl_hs |   load_input   | return value |
|ap_done                  | out |    1| ap_ctrl_hs |   load_input   | return value |
|ap_idle                  | out |    1| ap_ctrl_hs |   load_input   | return value |
|ap_ready                 | out |    1| ap_ctrl_hs |   load_input   | return value |
|fm_in_buff_0_V_address0  | out |   10|  ap_memory | fm_in_buff_0_V |     array    |
|fm_in_buff_0_V_ce0       | out |    1|  ap_memory | fm_in_buff_0_V |     array    |
|fm_in_buff_0_V_we0       | out |    1|  ap_memory | fm_in_buff_0_V |     array    |
|fm_in_buff_0_V_d0        | out |   16|  ap_memory | fm_in_buff_0_V |     array    |
|fm_in_buff_1_V_address0  | out |   10|  ap_memory | fm_in_buff_1_V |     array    |
|fm_in_buff_1_V_ce0       | out |    1|  ap_memory | fm_in_buff_1_V |     array    |
|fm_in_buff_1_V_we0       | out |    1|  ap_memory | fm_in_buff_1_V |     array    |
|fm_in_buff_1_V_d0        | out |   16|  ap_memory | fm_in_buff_1_V |     array    |
|fm_in_buff_2_V_address0  | out |   10|  ap_memory | fm_in_buff_2_V |     array    |
|fm_in_buff_2_V_ce0       | out |    1|  ap_memory | fm_in_buff_2_V |     array    |
|fm_in_buff_2_V_we0       | out |    1|  ap_memory | fm_in_buff_2_V |     array    |
|fm_in_buff_2_V_d0        | out |   16|  ap_memory | fm_in_buff_2_V |     array    |
|fm_in_buff_3_V_address0  | out |   10|  ap_memory | fm_in_buff_3_V |     array    |
|fm_in_buff_3_V_ce0       | out |    1|  ap_memory | fm_in_buff_3_V |     array    |
|fm_in_buff_3_V_we0       | out |    1|  ap_memory | fm_in_buff_3_V |     array    |
|fm_in_buff_3_V_d0        | out |   16|  ap_memory | fm_in_buff_3_V |     array    |
|m_axi_in1_V_AWVALID      | out |    1|    m_axi   |      in1_V     |    pointer   |
|m_axi_in1_V_AWREADY      |  in |    1|    m_axi   |      in1_V     |    pointer   |
|m_axi_in1_V_AWADDR       | out |   32|    m_axi   |      in1_V     |    pointer   |
|m_axi_in1_V_AWID         | out |    1|    m_axi   |      in1_V     |    pointer   |
|m_axi_in1_V_AWLEN        | out |   32|    m_axi   |      in1_V     |    pointer   |
|m_axi_in1_V_AWSIZE       | out |    3|    m_axi   |      in1_V     |    pointer   |
|m_axi_in1_V_AWBURST      | out |    2|    m_axi   |      in1_V     |    pointer   |
|m_axi_in1_V_AWLOCK       | out |    2|    m_axi   |      in1_V     |    pointer   |
|m_axi_in1_V_AWCACHE      | out |    4|    m_axi   |      in1_V     |    pointer   |
|m_axi_in1_V_AWPROT       | out |    3|    m_axi   |      in1_V     |    pointer   |
|m_axi_in1_V_AWQOS        | out |    4|    m_axi   |      in1_V     |    pointer   |
|m_axi_in1_V_AWREGION     | out |    4|    m_axi   |      in1_V     |    pointer   |
|m_axi_in1_V_AWUSER       | out |    1|    m_axi   |      in1_V     |    pointer   |
|m_axi_in1_V_WVALID       | out |    1|    m_axi   |      in1_V     |    pointer   |
|m_axi_in1_V_WREADY       |  in |    1|    m_axi   |      in1_V     |    pointer   |
|m_axi_in1_V_WDATA        | out |   16|    m_axi   |      in1_V     |    pointer   |
|m_axi_in1_V_WSTRB        | out |    2|    m_axi   |      in1_V     |    pointer   |
|m_axi_in1_V_WLAST        | out |    1|    m_axi   |      in1_V     |    pointer   |
|m_axi_in1_V_WID          | out |    1|    m_axi   |      in1_V     |    pointer   |
|m_axi_in1_V_WUSER        | out |    1|    m_axi   |      in1_V     |    pointer   |
|m_axi_in1_V_ARVALID      | out |    1|    m_axi   |      in1_V     |    pointer   |
|m_axi_in1_V_ARREADY      |  in |    1|    m_axi   |      in1_V     |    pointer   |
|m_axi_in1_V_ARADDR       | out |   32|    m_axi   |      in1_V     |    pointer   |
|m_axi_in1_V_ARID         | out |    1|    m_axi   |      in1_V     |    pointer   |
|m_axi_in1_V_ARLEN        | out |   32|    m_axi   |      in1_V     |    pointer   |
|m_axi_in1_V_ARSIZE       | out |    3|    m_axi   |      in1_V     |    pointer   |
|m_axi_in1_V_ARBURST      | out |    2|    m_axi   |      in1_V     |    pointer   |
|m_axi_in1_V_ARLOCK       | out |    2|    m_axi   |      in1_V     |    pointer   |
|m_axi_in1_V_ARCACHE      | out |    4|    m_axi   |      in1_V     |    pointer   |
|m_axi_in1_V_ARPROT       | out |    3|    m_axi   |      in1_V     |    pointer   |
|m_axi_in1_V_ARQOS        | out |    4|    m_axi   |      in1_V     |    pointer   |
|m_axi_in1_V_ARREGION     | out |    4|    m_axi   |      in1_V     |    pointer   |
|m_axi_in1_V_ARUSER       | out |    1|    m_axi   |      in1_V     |    pointer   |
|m_axi_in1_V_RVALID       |  in |    1|    m_axi   |      in1_V     |    pointer   |
|m_axi_in1_V_RREADY       | out |    1|    m_axi   |      in1_V     |    pointer   |
|m_axi_in1_V_RDATA        |  in |   16|    m_axi   |      in1_V     |    pointer   |
|m_axi_in1_V_RLAST        |  in |    1|    m_axi   |      in1_V     |    pointer   |
|m_axi_in1_V_RID          |  in |    1|    m_axi   |      in1_V     |    pointer   |
|m_axi_in1_V_RUSER        |  in |    1|    m_axi   |      in1_V     |    pointer   |
|m_axi_in1_V_RRESP        |  in |    2|    m_axi   |      in1_V     |    pointer   |
|m_axi_in1_V_BVALID       |  in |    1|    m_axi   |      in1_V     |    pointer   |
|m_axi_in1_V_BREADY       | out |    1|    m_axi   |      in1_V     |    pointer   |
|m_axi_in1_V_BRESP        |  in |    2|    m_axi   |      in1_V     |    pointer   |
|m_axi_in1_V_BID          |  in |    1|    m_axi   |      in1_V     |    pointer   |
|m_axi_in1_V_BUSER        |  in |    1|    m_axi   |      in1_V     |    pointer   |
|in1_V_offset             |  in |   31|   ap_none  |  in1_V_offset  |    scalar    |
|m_axi_in2_V_AWVALID      | out |    1|    m_axi   |      in2_V     |    pointer   |
|m_axi_in2_V_AWREADY      |  in |    1|    m_axi   |      in2_V     |    pointer   |
|m_axi_in2_V_AWADDR       | out |   32|    m_axi   |      in2_V     |    pointer   |
|m_axi_in2_V_AWID         | out |    1|    m_axi   |      in2_V     |    pointer   |
|m_axi_in2_V_AWLEN        | out |   32|    m_axi   |      in2_V     |    pointer   |
|m_axi_in2_V_AWSIZE       | out |    3|    m_axi   |      in2_V     |    pointer   |
|m_axi_in2_V_AWBURST      | out |    2|    m_axi   |      in2_V     |    pointer   |
|m_axi_in2_V_AWLOCK       | out |    2|    m_axi   |      in2_V     |    pointer   |
|m_axi_in2_V_AWCACHE      | out |    4|    m_axi   |      in2_V     |    pointer   |
|m_axi_in2_V_AWPROT       | out |    3|    m_axi   |      in2_V     |    pointer   |
|m_axi_in2_V_AWQOS        | out |    4|    m_axi   |      in2_V     |    pointer   |
|m_axi_in2_V_AWREGION     | out |    4|    m_axi   |      in2_V     |    pointer   |
|m_axi_in2_V_AWUSER       | out |    1|    m_axi   |      in2_V     |    pointer   |
|m_axi_in2_V_WVALID       | out |    1|    m_axi   |      in2_V     |    pointer   |
|m_axi_in2_V_WREADY       |  in |    1|    m_axi   |      in2_V     |    pointer   |
|m_axi_in2_V_WDATA        | out |   16|    m_axi   |      in2_V     |    pointer   |
|m_axi_in2_V_WSTRB        | out |    2|    m_axi   |      in2_V     |    pointer   |
|m_axi_in2_V_WLAST        | out |    1|    m_axi   |      in2_V     |    pointer   |
|m_axi_in2_V_WID          | out |    1|    m_axi   |      in2_V     |    pointer   |
|m_axi_in2_V_WUSER        | out |    1|    m_axi   |      in2_V     |    pointer   |
|m_axi_in2_V_ARVALID      | out |    1|    m_axi   |      in2_V     |    pointer   |
|m_axi_in2_V_ARREADY      |  in |    1|    m_axi   |      in2_V     |    pointer   |
|m_axi_in2_V_ARADDR       | out |   32|    m_axi   |      in2_V     |    pointer   |
|m_axi_in2_V_ARID         | out |    1|    m_axi   |      in2_V     |    pointer   |
|m_axi_in2_V_ARLEN        | out |   32|    m_axi   |      in2_V     |    pointer   |
|m_axi_in2_V_ARSIZE       | out |    3|    m_axi   |      in2_V     |    pointer   |
|m_axi_in2_V_ARBURST      | out |    2|    m_axi   |      in2_V     |    pointer   |
|m_axi_in2_V_ARLOCK       | out |    2|    m_axi   |      in2_V     |    pointer   |
|m_axi_in2_V_ARCACHE      | out |    4|    m_axi   |      in2_V     |    pointer   |
|m_axi_in2_V_ARPROT       | out |    3|    m_axi   |      in2_V     |    pointer   |
|m_axi_in2_V_ARQOS        | out |    4|    m_axi   |      in2_V     |    pointer   |
|m_axi_in2_V_ARREGION     | out |    4|    m_axi   |      in2_V     |    pointer   |
|m_axi_in2_V_ARUSER       | out |    1|    m_axi   |      in2_V     |    pointer   |
|m_axi_in2_V_RVALID       |  in |    1|    m_axi   |      in2_V     |    pointer   |
|m_axi_in2_V_RREADY       | out |    1|    m_axi   |      in2_V     |    pointer   |
|m_axi_in2_V_RDATA        |  in |   16|    m_axi   |      in2_V     |    pointer   |
|m_axi_in2_V_RLAST        |  in |    1|    m_axi   |      in2_V     |    pointer   |
|m_axi_in2_V_RID          |  in |    1|    m_axi   |      in2_V     |    pointer   |
|m_axi_in2_V_RUSER        |  in |    1|    m_axi   |      in2_V     |    pointer   |
|m_axi_in2_V_RRESP        |  in |    2|    m_axi   |      in2_V     |    pointer   |
|m_axi_in2_V_BVALID       |  in |    1|    m_axi   |      in2_V     |    pointer   |
|m_axi_in2_V_BREADY       | out |    1|    m_axi   |      in2_V     |    pointer   |
|m_axi_in2_V_BRESP        |  in |    2|    m_axi   |      in2_V     |    pointer   |
|m_axi_in2_V_BID          |  in |    1|    m_axi   |      in2_V     |    pointer   |
|m_axi_in2_V_BUSER        |  in |    1|    m_axi   |      in2_V     |    pointer   |
|in2_V_offset             |  in |   31|   ap_none  |  in2_V_offset  |    scalar    |
|m_axi_in3_V_AWVALID      | out |    1|    m_axi   |      in3_V     |    pointer   |
|m_axi_in3_V_AWREADY      |  in |    1|    m_axi   |      in3_V     |    pointer   |
|m_axi_in3_V_AWADDR       | out |   32|    m_axi   |      in3_V     |    pointer   |
|m_axi_in3_V_AWID         | out |    1|    m_axi   |      in3_V     |    pointer   |
|m_axi_in3_V_AWLEN        | out |   32|    m_axi   |      in3_V     |    pointer   |
|m_axi_in3_V_AWSIZE       | out |    3|    m_axi   |      in3_V     |    pointer   |
|m_axi_in3_V_AWBURST      | out |    2|    m_axi   |      in3_V     |    pointer   |
|m_axi_in3_V_AWLOCK       | out |    2|    m_axi   |      in3_V     |    pointer   |
|m_axi_in3_V_AWCACHE      | out |    4|    m_axi   |      in3_V     |    pointer   |
|m_axi_in3_V_AWPROT       | out |    3|    m_axi   |      in3_V     |    pointer   |
|m_axi_in3_V_AWQOS        | out |    4|    m_axi   |      in3_V     |    pointer   |
|m_axi_in3_V_AWREGION     | out |    4|    m_axi   |      in3_V     |    pointer   |
|m_axi_in3_V_AWUSER       | out |    1|    m_axi   |      in3_V     |    pointer   |
|m_axi_in3_V_WVALID       | out |    1|    m_axi   |      in3_V     |    pointer   |
|m_axi_in3_V_WREADY       |  in |    1|    m_axi   |      in3_V     |    pointer   |
|m_axi_in3_V_WDATA        | out |   16|    m_axi   |      in3_V     |    pointer   |
|m_axi_in3_V_WSTRB        | out |    2|    m_axi   |      in3_V     |    pointer   |
|m_axi_in3_V_WLAST        | out |    1|    m_axi   |      in3_V     |    pointer   |
|m_axi_in3_V_WID          | out |    1|    m_axi   |      in3_V     |    pointer   |
|m_axi_in3_V_WUSER        | out |    1|    m_axi   |      in3_V     |    pointer   |
|m_axi_in3_V_ARVALID      | out |    1|    m_axi   |      in3_V     |    pointer   |
|m_axi_in3_V_ARREADY      |  in |    1|    m_axi   |      in3_V     |    pointer   |
|m_axi_in3_V_ARADDR       | out |   32|    m_axi   |      in3_V     |    pointer   |
|m_axi_in3_V_ARID         | out |    1|    m_axi   |      in3_V     |    pointer   |
|m_axi_in3_V_ARLEN        | out |   32|    m_axi   |      in3_V     |    pointer   |
|m_axi_in3_V_ARSIZE       | out |    3|    m_axi   |      in3_V     |    pointer   |
|m_axi_in3_V_ARBURST      | out |    2|    m_axi   |      in3_V     |    pointer   |
|m_axi_in3_V_ARLOCK       | out |    2|    m_axi   |      in3_V     |    pointer   |
|m_axi_in3_V_ARCACHE      | out |    4|    m_axi   |      in3_V     |    pointer   |
|m_axi_in3_V_ARPROT       | out |    3|    m_axi   |      in3_V     |    pointer   |
|m_axi_in3_V_ARQOS        | out |    4|    m_axi   |      in3_V     |    pointer   |
|m_axi_in3_V_ARREGION     | out |    4|    m_axi   |      in3_V     |    pointer   |
|m_axi_in3_V_ARUSER       | out |    1|    m_axi   |      in3_V     |    pointer   |
|m_axi_in3_V_RVALID       |  in |    1|    m_axi   |      in3_V     |    pointer   |
|m_axi_in3_V_RREADY       | out |    1|    m_axi   |      in3_V     |    pointer   |
|m_axi_in3_V_RDATA        |  in |   16|    m_axi   |      in3_V     |    pointer   |
|m_axi_in3_V_RLAST        |  in |    1|    m_axi   |      in3_V     |    pointer   |
|m_axi_in3_V_RID          |  in |    1|    m_axi   |      in3_V     |    pointer   |
|m_axi_in3_V_RUSER        |  in |    1|    m_axi   |      in3_V     |    pointer   |
|m_axi_in3_V_RRESP        |  in |    2|    m_axi   |      in3_V     |    pointer   |
|m_axi_in3_V_BVALID       |  in |    1|    m_axi   |      in3_V     |    pointer   |
|m_axi_in3_V_BREADY       | out |    1|    m_axi   |      in3_V     |    pointer   |
|m_axi_in3_V_BRESP        |  in |    2|    m_axi   |      in3_V     |    pointer   |
|m_axi_in3_V_BID          |  in |    1|    m_axi   |      in3_V     |    pointer   |
|m_axi_in3_V_BUSER        |  in |    1|    m_axi   |      in3_V     |    pointer   |
|in3_V_offset             |  in |   31|   ap_none  |  in3_V_offset  |    scalar    |
|m_axi_in4_V_AWVALID      | out |    1|    m_axi   |      in4_V     |    pointer   |
|m_axi_in4_V_AWREADY      |  in |    1|    m_axi   |      in4_V     |    pointer   |
|m_axi_in4_V_AWADDR       | out |   32|    m_axi   |      in4_V     |    pointer   |
|m_axi_in4_V_AWID         | out |    1|    m_axi   |      in4_V     |    pointer   |
|m_axi_in4_V_AWLEN        | out |   32|    m_axi   |      in4_V     |    pointer   |
|m_axi_in4_V_AWSIZE       | out |    3|    m_axi   |      in4_V     |    pointer   |
|m_axi_in4_V_AWBURST      | out |    2|    m_axi   |      in4_V     |    pointer   |
|m_axi_in4_V_AWLOCK       | out |    2|    m_axi   |      in4_V     |    pointer   |
|m_axi_in4_V_AWCACHE      | out |    4|    m_axi   |      in4_V     |    pointer   |
|m_axi_in4_V_AWPROT       | out |    3|    m_axi   |      in4_V     |    pointer   |
|m_axi_in4_V_AWQOS        | out |    4|    m_axi   |      in4_V     |    pointer   |
|m_axi_in4_V_AWREGION     | out |    4|    m_axi   |      in4_V     |    pointer   |
|m_axi_in4_V_AWUSER       | out |    1|    m_axi   |      in4_V     |    pointer   |
|m_axi_in4_V_WVALID       | out |    1|    m_axi   |      in4_V     |    pointer   |
|m_axi_in4_V_WREADY       |  in |    1|    m_axi   |      in4_V     |    pointer   |
|m_axi_in4_V_WDATA        | out |   16|    m_axi   |      in4_V     |    pointer   |
|m_axi_in4_V_WSTRB        | out |    2|    m_axi   |      in4_V     |    pointer   |
|m_axi_in4_V_WLAST        | out |    1|    m_axi   |      in4_V     |    pointer   |
|m_axi_in4_V_WID          | out |    1|    m_axi   |      in4_V     |    pointer   |
|m_axi_in4_V_WUSER        | out |    1|    m_axi   |      in4_V     |    pointer   |
|m_axi_in4_V_ARVALID      | out |    1|    m_axi   |      in4_V     |    pointer   |
|m_axi_in4_V_ARREADY      |  in |    1|    m_axi   |      in4_V     |    pointer   |
|m_axi_in4_V_ARADDR       | out |   32|    m_axi   |      in4_V     |    pointer   |
|m_axi_in4_V_ARID         | out |    1|    m_axi   |      in4_V     |    pointer   |
|m_axi_in4_V_ARLEN        | out |   32|    m_axi   |      in4_V     |    pointer   |
|m_axi_in4_V_ARSIZE       | out |    3|    m_axi   |      in4_V     |    pointer   |
|m_axi_in4_V_ARBURST      | out |    2|    m_axi   |      in4_V     |    pointer   |
|m_axi_in4_V_ARLOCK       | out |    2|    m_axi   |      in4_V     |    pointer   |
|m_axi_in4_V_ARCACHE      | out |    4|    m_axi   |      in4_V     |    pointer   |
|m_axi_in4_V_ARPROT       | out |    3|    m_axi   |      in4_V     |    pointer   |
|m_axi_in4_V_ARQOS        | out |    4|    m_axi   |      in4_V     |    pointer   |
|m_axi_in4_V_ARREGION     | out |    4|    m_axi   |      in4_V     |    pointer   |
|m_axi_in4_V_ARUSER       | out |    1|    m_axi   |      in4_V     |    pointer   |
|m_axi_in4_V_RVALID       |  in |    1|    m_axi   |      in4_V     |    pointer   |
|m_axi_in4_V_RREADY       | out |    1|    m_axi   |      in4_V     |    pointer   |
|m_axi_in4_V_RDATA        |  in |   16|    m_axi   |      in4_V     |    pointer   |
|m_axi_in4_V_RLAST        |  in |    1|    m_axi   |      in4_V     |    pointer   |
|m_axi_in4_V_RID          |  in |    1|    m_axi   |      in4_V     |    pointer   |
|m_axi_in4_V_RUSER        |  in |    1|    m_axi   |      in4_V     |    pointer   |
|m_axi_in4_V_RRESP        |  in |    2|    m_axi   |      in4_V     |    pointer   |
|m_axi_in4_V_BVALID       |  in |    1|    m_axi   |      in4_V     |    pointer   |
|m_axi_in4_V_BREADY       | out |    1|    m_axi   |      in4_V     |    pointer   |
|m_axi_in4_V_BRESP        |  in |    2|    m_axi   |      in4_V     |    pointer   |
|m_axi_in4_V_BID          |  in |    1|    m_axi   |      in4_V     |    pointer   |
|m_axi_in4_V_BUSER        |  in |    1|    m_axi   |      in4_V     |    pointer   |
|in4_V_offset             |  in |   31|   ap_none  |  in4_V_offset  |    scalar    |
|n                        |  in |   16|   ap_none  |        n       |    scalar    |
|fm_row                   |  in |   16|   ap_none  |     fm_row     |    scalar    |
|fm_col                   |  in |   16|   ap_none  |     fm_col     |    scalar    |
|fm_size                  |  in |   16|   ap_none  |     fm_size    |    scalar    |
|stride                   |  in |   16|   ap_none  |     stride     |    scalar    |
+-------------------------+-----+-----+------------+----------------+--------------+

