

================================================================
== Vivado HLS Report for 'load_input_1'
================================================================
* Date:           Sun Apr 16 12:49:40 2023

* Version:        2019.2 (Build 2704478 on Wed Nov 06 22:10:23 MST 2019)
* Project:        top
* Solution:       solution1
* Product family: zynq
* Target device:  xc7z020-clg484-1


================================================================
== Performance Estimates
================================================================
+ Timing: 
    * Summary: 
    +--------+---------+----------+------------+
    |  Clock |  Target | Estimated| Uncertainty|
    +--------+---------+----------+------------+
    |ap_clk  | 5.50 ns | 5.006 ns |   0.69 ns  |
    +--------+---------+----------+------------+

+ Latency: 
    * Summary: 
    +---------+---------+----------+----------+-----+-----+---------+
    |  Latency (cycles) |  Latency (absolute) |  Interval | Pipeline|
    |   min   |   max   |    min   |    max   | min | max |   Type  |
    +---------+---------+----------+----------+-----+-----+---------+
    |      186|      186| 1.023 us | 1.023 us |  186|  186|   none  |
    +---------+---------+----------+----------+-----+-----+---------+

    + Detail: 
        * Instance: 
        N/A

        * Loop: 
        +----------+---------+---------+----------+-----------+-----------+------+----------+
        |          |  Latency (cycles) | Iteration|  Initiation Interval  | Trip |          |
        | Loop Name|   min   |   max   |  Latency |  achieved |   target  | Count| Pipelined|
        +----------+---------+---------+----------+-----------+-----------+------+----------+
        |- Loop 1  |      170|      170|         3|          1|          1|   169|    yes   |
        +----------+---------+---------+----------+-----------+-----------+------+----------+



================================================================
== Utilization Estimates
================================================================
* Summary: 
+-----------------+---------+-------+--------+-------+-----+
|       Name      | BRAM_18K| DSP48E|   FF   |  LUT  | URAM|
+-----------------+---------+-------+--------+-------+-----+
|DSP              |        -|      2|       -|      -|    -|
|Expression       |        -|      -|       0|    282|    -|
|FIFO             |        -|      -|       -|      -|    -|
|Instance         |        -|      -|       -|      -|    -|
|Memory           |        -|      -|       -|      -|    -|
|Multiplexer      |        -|      -|       -|    197|    -|
|Register         |        -|      -|     375|      -|    -|
+-----------------+---------+-------+--------+-------+-----+
|Total            |        0|      2|     375|    479|    0|
+-----------------+---------+-------+--------+-------+-----+
|Available        |      280|    220|  106400|  53200|    0|
+-----------------+---------+-------+--------+-------+-----+
|Utilization (%)  |        0|   ~0  |   ~0   |   ~0  |    0|
+-----------------+---------+-------+--------+-------+-----+

+ Detail: 
    * Instance: 
    N/A

    * DSP48E: 
    +--------------------------+----------------------+--------------+
    |         Instance         |        Module        |  Expression  |
    +--------------------------+----------------------+--------------+
    |conv_mac_muladd_1vdy_U89  |conv_mac_muladd_1vdy  | i0 * i1 + i2 |
    |conv_mul_mul_16nsudo_U88  |conv_mul_mul_16nsudo  |    i0 * i0   |
    +--------------------------+----------------------+--------------+

    * Memory: 
    N/A

    * FIFO: 
    N/A

    * Expression: 
    +-----------------------------------+----------+-------+---+----+------------+------------+
    |           Variable Name           | Operation| DSP48E| FF| LUT| Bitwidth P0| Bitwidth P1|
    +-----------------------------------+----------+-------+---+----+------------+------------+
    |add_ln203_16_fu_382_p2             |     +    |      0|  0|  41|          34|          34|
    |add_ln203_17_fu_402_p2             |     +    |      0|  0|  41|          34|          34|
    |add_ln203_18_fu_356_p2             |     +    |      0|  0|   8|          52|          52|
    |add_ln203_fu_336_p2                |     +    |      0|  0|  40|          33|          33|
    |add_ln23_fu_311_p2                 |     +    |      0|  0|  40|          33|          33|
    |add_ln24_fu_317_p2                 |     +    |      0|  0|  40|          33|          33|
    |add_ln25_fu_326_p2                 |     +    |      0|  0|   8|          52|          52|
    |i_fu_424_p2                        |     +    |      0|  0|  15|           8|           1|
    |ret_V_1_fu_281_p2                  |     -    |      0|  0|  28|          21|          21|
    |ap_block_pp0_stage0_11001          |    and   |      0|  0|   2|           1|           1|
    |icmp_ln20_fu_418_p2                |   icmp   |      0|  0|  11|           8|           8|
    |ap_block_state17_pp0_stage0_iter1  |    or    |      0|  0|   2|           1|           1|
    |ap_block_state9_io                 |    or    |      0|  0|   2|           1|           1|
    |ap_enable_pp0                      |    xor   |      0|  0|   2|           1|           2|
    |ap_enable_reg_pp0_iter1            |    xor   |      0|  0|   2|           2|           1|
    +-----------------------------------+----------+-------+---+----+------------+------------+
    |Total                              |          |      0|  0| 282|         314|         307|
    +-----------------------------------+----------+-------+---+----+------------+------------+

    * Multiplexer: 
    +------------------------------+----+-----------+-----+-----------+
    |             Name             | LUT| Input Size| Bits| Total Bits|
    +------------------------------+----+-----------+-----+-----------+
    |ap_NS_fsm                     |  89|         18|    1|         18|
    |ap_enable_reg_pp0_iter1       |   9|          2|    1|          2|
    |ap_enable_reg_pp0_iter2       |   9|          2|    1|          2|
    |ap_phi_mux_i_0_phi_fu_244_p4  |   9|          2|    8|         16|
    |i_0_reg_240                   |   9|          2|    8|         16|
    |in1_V_blk_n_AR                |   9|          2|    1|          2|
    |in1_V_blk_n_R                 |   9|          2|    1|          2|
    |in2_V_blk_n_AR                |   9|          2|    1|          2|
    |in2_V_blk_n_R                 |   9|          2|    1|          2|
    |in3_V_blk_n_AR                |   9|          2|    1|          2|
    |in3_V_blk_n_R                 |   9|          2|    1|          2|
    |in4_V_blk_n_AR                |   9|          2|    1|          2|
    |in4_V_blk_n_R                 |   9|          2|    1|          2|
    +------------------------------+----+-----------+-----+-----------+
    |Total                         | 197|         42|   27|         70|
    +------------------------------+----+-----------+-----+-----------+

    * Register: 
    +---------------------------------+----+----+-----+-----------+
    |               Name              | FF | LUT| Bits| Const Bits|
    +---------------------------------+----+----+-----+-----------+
    |add_ln23_reg_488                 |  33|   0|   33|          0|
    |add_ln24_reg_493                 |  33|   0|   33|          0|
    |ap_CS_fsm                        |  17|   0|   17|          0|
    |ap_enable_reg_pp0_iter0          |   1|   0|    1|          0|
    |ap_enable_reg_pp0_iter1          |   1|   0|    1|          0|
    |ap_enable_reg_pp0_iter2          |   1|   0|    1|          0|
    |base_addr_reg_477                |  32|   0|   32|          0|
    |i_0_reg_240                      |   8|   0|    8|          0|
    |i_0_reg_240_pp0_iter1_reg        |   8|   0|    8|          0|
    |i_reg_526                        |   8|   0|    8|          0|
    |icmp_ln20_reg_522                |   1|   0|    1|          0|
    |icmp_ln20_reg_522_pp0_iter1_reg  |   1|   0|    1|          0|
    |in1_V_addr_read_reg_531          |  16|   0|   16|          0|
    |in1_V_addr_reg_498               |  32|   0|   32|          0|
    |in2_V_addr_read_reg_536          |  16|   0|   16|          0|
    |in2_V_addr_reg_510               |  32|   0|   32|          0|
    |in3_V_addr_read_reg_541          |  16|   0|   16|          0|
    |in3_V_addr_reg_516               |  32|   0|   32|          0|
    |in4_V_addr_read_reg_546          |  16|   0|   16|          0|
    |in4_V_addr_reg_504               |  32|   0|   32|          0|
    |ret_V_1_reg_483                  |  21|   0|   21|          0|
    |size_V_reg_458                   |  18|   0|   18|          0|
    +---------------------------------+----+----+-----+-----------+
    |Total                            | 375|   0|  375|          0|
    +---------------------------------+----+----+-----+-----------+



================================================================
== Interface
================================================================
* Summary: 
+-------------------------+-----+-----+------------+----------------+--------------+
|        RTL Ports        | Dir | Bits|  Protocol  |  Source Object |    C Type    |
+-------------------------+-----+-----+------------+----------------+--------------+
|ap_clk                   |  in |    1| ap_ctrl_hs |  load_input.1  | return value |
|ap_rst                   |  in |    1| ap_ctrl_hs |  load_input.1  | return value |
|ap_start                 |  in |    1| ap_ctrl_hs |  load_input.1  | return value |
|ap_done                  | out |    1| ap_ctrl_hs |  load_input.1  | return value |
|ap_idle                  | out |    1| ap_ctrl_hs |  load_input.1  | return value |
|ap_ready                 | out |    1| ap_ctrl_hs |  load_input.1  | return value |
|fm_in_buff_0_V_address0  | out |    8|  ap_memory | fm_in_buff_0_V |     array    |
|fm_in_buff_0_V_ce0       | out |    1|  ap_memory | fm_in_buff_0_V |     array    |
|fm_in_buff_0_V_we0       | out |    1|  ap_memory | fm_in_buff_0_V |     array    |
|fm_in_buff_0_V_d0        | out |   16|  ap_memory | fm_in_buff_0_V |     array    |
|fm_in_buff_1_V_address0  | out |    8|  ap_memory | fm_in_buff_1_V |     array    |
|fm_in_buff_1_V_ce0       | out |    1|  ap_memory | fm_in_buff_1_V |     array    |
|fm_in_buff_1_V_we0       | out |    1|  ap_memory | fm_in_buff_1_V |     array    |
|fm_in_buff_1_V_d0        | out |   16|  ap_memory | fm_in_buff_1_V |     array    |
|fm_in_buff_2_V_address0  | out |    8|  ap_memory | fm_in_buff_2_V |     array    |
|fm_in_buff_2_V_ce0       | out |    1|  ap_memory | fm_in_buff_2_V |     array    |
|fm_in_buff_2_V_we0       | out |    1|  ap_memory | fm_in_buff_2_V |     array    |
|fm_in_buff_2_V_d0        | out |   16|  ap_memory | fm_in_buff_2_V |     array    |
|fm_in_buff_3_V_address0  | out |    8|  ap_memory | fm_in_buff_3_V |     array    |
|fm_in_buff_3_V_ce0       | out |    1|  ap_memory | fm_in_buff_3_V |     array    |
|fm_in_buff_3_V_we0       | out |    1|  ap_memory | fm_in_buff_3_V |     array    |
|fm_in_buff_3_V_d0        | out |   16|  ap_memory | fm_in_buff_3_V |     array    |
|m_axi_in1_V_AWVALID      | out |    1|    m_axi   |      in1_V     |    pointer   |
|m_axi_in1_V_AWREADY      |  in |    1|    m_axi   |      in1_V     |    pointer   |
|m_axi_in1_V_AWADDR       | out |   32|    m_axi   |      in1_V     |    pointer   |
|m_axi_in1_V_AWID         | out |    1|    m_axi   |      in1_V     |    pointer   |
|m_axi_in1_V_AWLEN        | out |   32|    m_axi   |      in1_V     |    pointer   |
|m_axi_in1_V_AWSIZE       | out |    3|    m_axi   |      in1_V     |    pointer   |
|m_axi_in1_V_AWBURST      | out |    2|    m_axi   |      in1_V     |    pointer   |
|m_axi_in1_V_AWLOCK       | out |    2|    m_axi   |      in1_V     |    pointer   |
|m_axi_in1_V_AWCACHE      | out |    4|    m_axi   |      in1_V     |    pointer   |
|m_axi_in1_V_AWPROT       | out |    3|    m_axi   |      in1_V     |    pointer   |
|m_axi_in1_V_AWQOS        | out |    4|    m_axi   |      in1_V     |    pointer   |
|m_axi_in1_V_AWREGION     | out |    4|    m_axi   |      in1_V     |    pointer   |
|m_axi_in1_V_AWUSER       | out |    1|    m_axi   |      in1_V     |    pointer   |
|m_axi_in1_V_WVALID       | out |    1|    m_axi   |      in1_V     |    pointer   |
|m_axi_in1_V_WREADY       |  in |    1|    m_axi   |      in1_V     |    pointer   |
|m_axi_in1_V_WDATA        | out |   16|    m_axi   |      in1_V     |    pointer   |
|m_axi_in1_V_WSTRB        | out |    2|    m_axi   |      in1_V     |    pointer   |
|m_axi_in1_V_WLAST        | out |    1|    m_axi   |      in1_V     |    pointer   |
|m_axi_in1_V_WID          | out |    1|    m_axi   |      in1_V     |    pointer   |
|m_axi_in1_V_WUSER        | out |    1|    m_axi   |      in1_V     |    pointer   |
|m_axi_in1_V_ARVALID      | out |    1|    m_axi   |      in1_V     |    pointer   |
|m_axi_in1_V_ARREADY      |  in |    1|    m_axi   |      in1_V     |    pointer   |
|m_axi_in1_V_ARADDR       | out |   32|    m_axi   |      in1_V     |    pointer   |
|m_axi_in1_V_ARID         | out |    1|    m_axi   |      in1_V     |    pointer   |
|m_axi_in1_V_ARLEN        | out |   32|    m_axi   |      in1_V     |    pointer   |
|m_axi_in1_V_ARSIZE       | out |    3|    m_axi   |      in1_V     |    pointer   |
|m_axi_in1_V_ARBURST      | out |    2|    m_axi   |      in1_V     |    pointer   |
|m_axi_in1_V_ARLOCK       | out |    2|    m_axi   |      in1_V     |    pointer   |
|m_axi_in1_V_ARCACHE      | out |    4|    m_axi   |      in1_V     |    pointer   |
|m_axi_in1_V_ARPROT       | out |    3|    m_axi   |      in1_V     |    pointer   |
|m_axi_in1_V_ARQOS        | out |    4|    m_axi   |      in1_V     |    pointer   |
|m_axi_in1_V_ARREGION     | out |    4|    m_axi   |      in1_V     |    pointer   |
|m_axi_in1_V_ARUSER       | out |    1|    m_axi   |      in1_V     |    pointer   |
|m_axi_in1_V_RVALID       |  in |    1|    m_axi   |      in1_V     |    pointer   |
|m_axi_in1_V_RREADY       | out |    1|    m_axi   |      in1_V     |    pointer   |
|m_axi_in1_V_RDATA        |  in |   16|    m_axi   |      in1_V     |    pointer   |
|m_axi_in1_V_RLAST        |  in |    1|    m_axi   |      in1_V     |    pointer   |
|m_axi_in1_V_RID          |  in |    1|    m_axi   |      in1_V     |    pointer   |
|m_axi_in1_V_RUSER        |  in |    1|    m_axi   |      in1_V     |    pointer   |
|m_axi_in1_V_RRESP        |  in |    2|    m_axi   |      in1_V     |    pointer   |
|m_axi_in1_V_BVALID       |  in |    1|    m_axi   |      in1_V     |    pointer   |
|m_axi_in1_V_BREADY       | out |    1|    m_axi   |      in1_V     |    pointer   |
|m_axi_in1_V_BRESP        |  in |    2|    m_axi   |      in1_V     |    pointer   |
|m_axi_in1_V_BID          |  in |    1|    m_axi   |      in1_V     |    pointer   |
|m_axi_in1_V_BUSER        |  in |    1|    m_axi   |      in1_V     |    pointer   |
|in1_V_offset             |  in |   31|   ap_none  |  in1_V_offset  |    scalar    |
|m_axi_in2_V_AWVALID      | out |    1|    m_axi   |      in2_V     |    pointer   |
|m_axi_in2_V_AWREADY      |  in |    1|    m_axi   |      in2_V     |    pointer   |
|m_axi_in2_V_AWADDR       | out |   32|    m_axi   |      in2_V     |    pointer   |
|m_axi_in2_V_AWID         | out |    1|    m_axi   |      in2_V     |    pointer   |
|m_axi_in2_V_AWLEN        | out |   32|    m_axi   |      in2_V     |    pointer   |
|m_axi_in2_V_AWSIZE       | out |    3|    m_axi   |      in2_V     |    pointer   |
|m_axi_in2_V_AWBURST      | out |    2|    m_axi   |      in2_V     |    pointer   |
|m_axi_in2_V_AWLOCK       | out |    2|    m_axi   |      in2_V     |    pointer   |
|m_axi_in2_V_AWCACHE      | out |    4|    m_axi   |      in2_V     |    pointer   |
|m_axi_in2_V_AWPROT       | out |    3|    m_axi   |      in2_V     |    pointer   |
|m_axi_in2_V_AWQOS        | out |    4|    m_axi   |      in2_V     |    pointer   |
|m_axi_in2_V_AWREGION     | out |    4|    m_axi   |      in2_V     |    pointer   |
|m_axi_in2_V_AWUSER       | out |    1|    m_axi   |      in2_V     |    pointer   |
|m_axi_in2_V_WVALID       | out |    1|    m_axi   |      in2_V     |    pointer   |
|m_axi_in2_V_WREADY       |  in |    1|    m_axi   |      in2_V     |    pointer   |
|m_axi_in2_V_WDATA        | out |   16|    m_axi   |      in2_V     |    pointer   |
|m_axi_in2_V_WSTRB        | out |    2|    m_axi   |      in2_V     |    pointer   |
|m_axi_in2_V_WLAST        | out |    1|    m_axi   |      in2_V     |    pointer   |
|m_axi_in2_V_WID          | out |    1|    m_axi   |      in2_V     |    pointer   |
|m_axi_in2_V_WUSER        | out |    1|    m_axi   |      in2_V     |    pointer   |
|m_axi_in2_V_ARVALID      | out |    1|    m_axi   |      in2_V     |    pointer   |
|m_axi_in2_V_ARREADY      |  in |    1|    m_axi   |      in2_V     |    pointer   |
|m_axi_in2_V_ARADDR       | out |   32|    m_axi   |      in2_V     |    pointer   |
|m_axi_in2_V_ARID         | out |    1|    m_axi   |      in2_V     |    pointer   |
|m_axi_in2_V_ARLEN        | out |   32|    m_axi   |      in2_V     |    pointer   |
|m_axi_in2_V_ARSIZE       | out |    3|    m_axi   |      in2_V     |    pointer   |
|m_axi_in2_V_ARBURST      | out |    2|    m_axi   |      in2_V     |    pointer   |
|m_axi_in2_V_ARLOCK       | out |    2|    m_axi   |      in2_V     |    pointer   |
|m_axi_in2_V_ARCACHE      | out |    4|    m_axi   |      in2_V     |    pointer   |
|m_axi_in2_V_ARPROT       | out |    3|    m_axi   |      in2_V     |    pointer   |
|m_axi_in2_V_ARQOS        | out |    4|    m_axi   |      in2_V     |    pointer   |
|m_axi_in2_V_ARREGION     | out |    4|    m_axi   |      in2_V     |    pointer   |
|m_axi_in2_V_ARUSER       | out |    1|    m_axi   |      in2_V     |    pointer   |
|m_axi_in2_V_RVALID       |  in |    1|    m_axi   |      in2_V     |    pointer   |
|m_axi_in2_V_RREADY       | out |    1|    m_axi   |      in2_V     |    pointer   |
|m_axi_in2_V_RDATA        |  in |   16|    m_axi   |      in2_V     |    pointer   |
|m_axi_in2_V_RLAST        |  in |    1|    m_axi   |      in2_V     |    pointer   |
|m_axi_in2_V_RID          |  in |    1|    m_axi   |      in2_V     |    pointer   |
|m_axi_in2_V_RUSER        |  in |    1|    m_axi   |      in2_V     |    pointer   |
|m_axi_in2_V_RRESP        |  in |    2|    m_axi   |      in2_V     |    pointer   |
|m_axi_in2_V_BVALID       |  in |    1|    m_axi   |      in2_V     |    pointer   |
|m_axi_in2_V_BREADY       | out |    1|    m_axi   |      in2_V     |    pointer   |
|m_axi_in2_V_BRESP        |  in |    2|    m_axi   |      in2_V     |    pointer   |
|m_axi_in2_V_BID          |  in |    1|    m_axi   |      in2_V     |    pointer   |
|m_axi_in2_V_BUSER        |  in |    1|    m_axi   |      in2_V     |    pointer   |
|in2_V_offset             |  in |   31|   ap_none  |  in2_V_offset  |    scalar    |
|m_axi_in3_V_AWVALID      | out |    1|    m_axi   |      in3_V     |    pointer   |
|m_axi_in3_V_AWREADY      |  in |    1|    m_axi   |      in3_V     |    pointer   |
|m_axi_in3_V_AWADDR       | out |   32|    m_axi   |      in3_V     |    pointer   |
|m_axi_in3_V_AWID         | out |    1|    m_axi   |      in3_V     |    pointer   |
|m_axi_in3_V_AWLEN        | out |   32|    m_axi   |      in3_V     |    pointer   |
|m_axi_in3_V_AWSIZE       | out |    3|    m_axi   |      in3_V     |    pointer   |
|m_axi_in3_V_AWBURST      | out |    2|    m_axi   |      in3_V     |    pointer   |
|m_axi_in3_V_AWLOCK       | out |    2|    m_axi   |      in3_V     |    pointer   |
|m_axi_in3_V_AWCACHE      | out |    4|    m_axi   |      in3_V     |    pointer   |
|m_axi_in3_V_AWPROT       | out |    3|    m_axi   |      in3_V     |    pointer   |
|m_axi_in3_V_AWQOS        | out |    4|    m_axi   |      in3_V     |    pointer   |
|m_axi_in3_V_AWREGION     | out |    4|    m_axi   |      in3_V     |    pointer   |
|m_axi_in3_V_AWUSER       | out |    1|    m_axi   |      in3_V     |    pointer   |
|m_axi_in3_V_WVALID       | out |    1|    m_axi   |      in3_V     |    pointer   |
|m_axi_in3_V_WREADY       |  in |    1|    m_axi   |      in3_V     |    pointer   |
|m_axi_in3_V_WDATA        | out |   16|    m_axi   |      in3_V     |    pointer   |
|m_axi_in3_V_WSTRB        | out |    2|    m_axi   |      in3_V     |    pointer   |
|m_axi_in3_V_WLAST        | out |    1|    m_axi   |      in3_V     |    pointer   |
|m_axi_in3_V_WID          | out |    1|    m_axi   |      in3_V     |    pointer   |
|m_axi_in3_V_WUSER        | out |    1|    m_axi   |      in3_V     |    pointer   |
|m_axi_in3_V_ARVALID      | out |    1|    m_axi   |      in3_V     |    pointer   |
|m_axi_in3_V_ARREADY      |  in |    1|    m_axi   |      in3_V     |    pointer   |
|m_axi_in3_V_ARADDR       | out |   32|    m_axi   |      in3_V     |    pointer   |
|m_axi_in3_V_ARID         | out |    1|    m_axi   |      in3_V     |    pointer   |
|m_axi_in3_V_ARLEN        | out |   32|    m_axi   |      in3_V     |    pointer   |
|m_axi_in3_V_ARSIZE       | out |    3|    m_axi   |      in3_V     |    pointer   |
|m_axi_in3_V_ARBURST      | out |    2|    m_axi   |      in3_V     |    pointer   |
|m_axi_in3_V_ARLOCK       | out |    2|    m_axi   |      in3_V     |    pointer   |
|m_axi_in3_V_ARCACHE      | out |    4|    m_axi   |      in3_V     |    pointer   |
|m_axi_in3_V_ARPROT       | out |    3|    m_axi   |      in3_V     |    pointer   |
|m_axi_in3_V_ARQOS        | out |    4|    m_axi   |      in3_V     |    pointer   |
|m_axi_in3_V_ARREGION     | out |    4|    m_axi   |      in3_V     |    pointer   |
|m_axi_in3_V_ARUSER       | out |    1|    m_axi   |      in3_V     |    pointer   |
|m_axi_in3_V_RVALID       |  in |    1|    m_axi   |      in3_V     |    pointer   |
|m_axi_in3_V_RREADY       | out |    1|    m_axi   |      in3_V     |    pointer   |
|m_axi_in3_V_RDATA        |  in |   16|    m_axi   |      in3_V     |    pointer   |
|m_axi_in3_V_RLAST        |  in |    1|    m_axi   |      in3_V     |    pointer   |
|m_axi_in3_V_RID          |  in |    1|    m_axi   |      in3_V     |    pointer   |
|m_axi_in3_V_RUSER        |  in |    1|    m_axi   |      in3_V     |    pointer   |
|m_axi_in3_V_RRESP        |  in |    2|    m_axi   |      in3_V     |    pointer   |
|m_axi_in3_V_BVALID       |  in |    1|    m_axi   |      in3_V     |    pointer   |
|m_axi_in3_V_BREADY       | out |    1|    m_axi   |      in3_V     |    pointer   |
|m_axi_in3_V_BRESP        |  in |    2|    m_axi   |      in3_V     |    pointer   |
|m_axi_in3_V_BID          |  in |    1|    m_axi   |      in3_V     |    pointer   |
|m_axi_in3_V_BUSER        |  in |    1|    m_axi   |      in3_V     |    pointer   |
|in3_V_offset             |  in |   31|   ap_none  |  in3_V_offset  |    scalar    |
|m_axi_in4_V_AWVALID      | out |    1|    m_axi   |      in4_V     |    pointer   |
|m_axi_in4_V_AWREADY      |  in |    1|    m_axi   |      in4_V     |    pointer   |
|m_axi_in4_V_AWADDR       | out |   32|    m_axi   |      in4_V     |    pointer   |
|m_axi_in4_V_AWID         | out |    1|    m_axi   |      in4_V     |    pointer   |
|m_axi_in4_V_AWLEN        | out |   32|    m_axi   |      in4_V     |    pointer   |
|m_axi_in4_V_AWSIZE       | out |    3|    m_axi   |      in4_V     |    pointer   |
|m_axi_in4_V_AWBURST      | out |    2|    m_axi   |      in4_V     |    pointer   |
|m_axi_in4_V_AWLOCK       | out |    2|    m_axi   |      in4_V     |    pointer   |
|m_axi_in4_V_AWCACHE      | out |    4|    m_axi   |      in4_V     |    pointer   |
|m_axi_in4_V_AWPROT       | out |    3|    m_axi   |      in4_V     |    pointer   |
|m_axi_in4_V_AWQOS        | out |    4|    m_axi   |      in4_V     |    pointer   |
|m_axi_in4_V_AWREGION     | out |    4|    m_axi   |      in4_V     |    pointer   |
|m_axi_in4_V_AWUSER       | out |    1|    m_axi   |      in4_V     |    pointer   |
|m_axi_in4_V_WVALID       | out |    1|    m_axi   |      in4_V     |    pointer   |
|m_axi_in4_V_WREADY       |  in |    1|    m_axi   |      in4_V     |    pointer   |
|m_axi_in4_V_WDATA        | out |   16|    m_axi   |      in4_V     |    pointer   |
|m_axi_in4_V_WSTRB        | out |    2|    m_axi   |      in4_V     |    pointer   |
|m_axi_in4_V_WLAST        | out |    1|    m_axi   |      in4_V     |    pointer   |
|m_axi_in4_V_WID          | out |    1|    m_axi   |      in4_V     |    pointer   |
|m_axi_in4_V_WUSER        | out |    1|    m_axi   |      in4_V     |    pointer   |
|m_axi_in4_V_ARVALID      | out |    1|    m_axi   |      in4_V     |    pointer   |
|m_axi_in4_V_ARREADY      |  in |    1|    m_axi   |      in4_V     |    pointer   |
|m_axi_in4_V_ARADDR       | out |   32|    m_axi   |      in4_V     |    pointer   |
|m_axi_in4_V_ARID         | out |    1|    m_axi   |      in4_V     |    pointer   |
|m_axi_in4_V_ARLEN        | out |   32|    m_axi   |      in4_V     |    pointer   |
|m_axi_in4_V_ARSIZE       | out |    3|    m_axi   |      in4_V     |    pointer   |
|m_axi_in4_V_ARBURST      | out |    2|    m_axi   |      in4_V     |    pointer   |
|m_axi_in4_V_ARLOCK       | out |    2|    m_axi   |      in4_V     |    pointer   |
|m_axi_in4_V_ARCACHE      | out |    4|    m_axi   |      in4_V     |    pointer   |
|m_axi_in4_V_ARPROT       | out |    3|    m_axi   |      in4_V     |    pointer   |
|m_axi_in4_V_ARQOS        | out |    4|    m_axi   |      in4_V     |    pointer   |
|m_axi_in4_V_ARREGION     | out |    4|    m_axi   |      in4_V     |    pointer   |
|m_axi_in4_V_ARUSER       | out |    1|    m_axi   |      in4_V     |    pointer   |
|m_axi_in4_V_RVALID       |  in |    1|    m_axi   |      in4_V     |    pointer   |
|m_axi_in4_V_RREADY       | out |    1|    m_axi   |      in4_V     |    pointer   |
|m_axi_in4_V_RDATA        |  in |   16|    m_axi   |      in4_V     |    pointer   |
|m_axi_in4_V_RLAST        |  in |    1|    m_axi   |      in4_V     |    pointer   |
|m_axi_in4_V_RID          |  in |    1|    m_axi   |      in4_V     |    pointer   |
|m_axi_in4_V_RUSER        |  in |    1|    m_axi   |      in4_V     |    pointer   |
|m_axi_in4_V_RRESP        |  in |    2|    m_axi   |      in4_V     |    pointer   |
|m_axi_in4_V_BVALID       |  in |    1|    m_axi   |      in4_V     |    pointer   |
|m_axi_in4_V_BREADY       | out |    1|    m_axi   |      in4_V     |    pointer   |
|m_axi_in4_V_BRESP        |  in |    2|    m_axi   |      in4_V     |    pointer   |
|m_axi_in4_V_BID          |  in |    1|    m_axi   |      in4_V     |    pointer   |
|m_axi_in4_V_BUSER        |  in |    1|    m_axi   |      in4_V     |    pointer   |
|in4_V_offset             |  in |   31|   ap_none  |  in4_V_offset  |    scalar    |
|n                        |  in |   16|   ap_none  |        n       |    scalar    |
|basePixAddr              |  in |   16|   ap_none  |   basePixAddr  |    scalar    |
|fm_size                  |  in |   16|   ap_none  |     fm_size    |    scalar    |
+-------------------------+-----+-----+------------+----------------+--------------+

