

================================================================
== Vivado HLS Report for 'store_output'
================================================================
* Date:           Sun Apr 16 12:51:00 2023

* Version:        2019.2 (Build 2704478 on Wed Nov 06 22:10:23 MST 2019)
* Project:        top
* Solution:       solution1
* Product family: zynq
* Target device:  xc7z020-clg484-1


================================================================
== Performance Estimates
================================================================
+ Timing: 
    * Summary: 
    +--------+---------+----------+------------+
    |  Clock |  Target | Estimated| Uncertainty|
    +--------+---------+----------+------------+
    |ap_clk  | 5.50 ns | 5.039 ns |   0.69 ns  |
    +--------+---------+----------+------------+

+ Latency: 
    * Summary: 
    +---------+---------+----------+----------+------+------+---------+
    |  Latency (cycles) |  Latency (absolute) |   Interval  | Pipeline|
    |   min   |   max   |    min   |    max   |  min |  max |   Type  |
    +---------+---------+----------+----------+------+------+---------+
    |     1378|     1378| 7.579 us | 7.579 us |  1378|  1378|   none  |
    +---------+---------+----------+----------+------+------+---------+

    + Detail: 
        * Instance: 
        N/A

        * Loop: 
        +----------+---------+---------+----------+-----------+-----------+------+----------+
        |          |  Latency (cycles) | Iteration|  Initiation Interval  | Trip |          |
        | Loop Name|   min   |   max   |  Latency |  achieved |   target  | Count| Pipelined|
        +----------+---------+---------+----------+-----------+-----------+------+----------+
        |- Loop 1  |     1372|     1372|        22|          1|          1|  1352|    yes   |
        +----------+---------+---------+----------+-----------+-----------+------+----------+



================================================================
== Utilization Estimates
================================================================
* Summary: 
+-----------------+---------+-------+--------+-------+-----+
|       Name      | BRAM_18K| DSP48E|   FF   |  LUT  | URAM|
+-----------------+---------+-------+--------+-------+-----+
|DSP              |        -|     11|       -|      -|    -|
|Expression       |        -|      -|       0|   2152|    -|
|FIFO             |        -|      -|       -|      -|    -|
|Instance         |        -|      -|     690|    494|    -|
|Memory           |        -|      -|       -|      -|    -|
|Multiplexer      |        -|      -|       -|    375|    -|
|Register         |        0|      -|    7026|   1888|    -|
+-----------------+---------+-------+--------+-------+-----+
|Total            |        0|     11|    7716|   4909|    0|
+-----------------+---------+-------+--------+-------+-----+
|Available        |      280|    220|  106400|  53200|    0|
+-----------------+---------+-------+--------+-------+-----+
|Utilization (%)  |        0|      5|       7|      9|    0|
+-----------------+---------+-------+--------+-------+-----+

+ Detail: 
    * Instance: 
    +---------------------------+----------------------+---------+-------+-----+-----+-----+
    |          Instance         |        Module        | BRAM_18K| DSP48E|  FF | LUT | URAM|
    +---------------------------+----------------------+---------+-------+-----+-----+-----+
    |conv_urem_11ns_5nfs0_U950  |conv_urem_11ns_5nfs0  |        0|      0|  345|  247|    0|
    |conv_urem_11ns_5nfs0_U951  |conv_urem_11ns_5nfs0  |        0|      0|  345|  247|    0|
    +---------------------------+----------------------+---------+-------+-----+-----+-----+
    |Total                      |                      |        0|      0|  690|  494|    0|
    +---------------------------+----------------------+---------+-------+-----+-----+-----+

    * DSP48E: 
    +---------------------------+----------------------+---------------------+
    |          Instance         |        Module        |      Expression     |
    +---------------------------+----------------------+---------------------+
    |conv_am_addmul_16fv1_U955  |conv_am_addmul_16fv1  |    i0 * (i1 + i2)   |
    |conv_am_addmul_16fv1_U958  |conv_am_addmul_16fv1  |    i0 * (i1 + i2)   |
    |conv_ama_addmuladfu1_U954  |conv_ama_addmuladfu1  | i0 + i1 * (i2 + i3) |
    |conv_ama_addmuladfu1_U957  |conv_ama_addmuladfu1  | i0 + i1 * (i2 + i3) |
    |conv_mac_muladd_15jm_U953  |conv_mac_muladd_15jm  |     i0 * i1 + i2    |
    |conv_mac_muladd_5bak_U956  |conv_mac_muladd_5bak  |     i0 * i1 + i2    |
    |conv_mul_mul_16s_ft1_U952  |conv_mul_mul_16s_ft1  |       i0 * i0       |
    |conv_mul_mul_7ns_JfO_U959  |conv_mul_mul_7ns_JfO  |       i0 * i1       |
    |conv_mul_mul_7ns_JfO_U960  |conv_mul_mul_7ns_JfO  |       i0 * i1       |
    |conv_mul_mul_7ns_JfO_U961  |conv_mul_mul_7ns_JfO  |       i0 * i1       |
    |conv_mul_mul_7ns_JfO_U962  |conv_mul_mul_7ns_JfO  |       i0 * i1       |
    +---------------------------+----------------------+---------------------+

    * Memory: 
    N/A

    * FIFO: 
    N/A

    * Expression: 
    +------------------------------------+----------+-------+---+----+------------+------------+
    |            Variable Name           | Operation| DSP48E| FF| LUT| Bitwidth P0| Bitwidth P1|
    +------------------------------------+----------+-------+---+----+------------+------------+
    |add_ln153_fu_1204_p2                |     +    |      0|  0|  13|           1|          11|
    |add_ln154_1_fu_1254_p2              |     +    |      0|  0|  15|           8|           1|
    |add_ln159_1_fu_1993_p2              |     +    |      0|  0|  40|          33|          33|
    |add_ln159_2_fu_1998_p2              |     +    |      0|  0|  40|          33|          33|
    |add_ln159_fu_1988_p2                |     +    |      0|  0|  40|          33|          33|
    |add_ln171_6_fu_1789_p2              |     +    |      0|  0|  39|          32|          32|
    |add_ln171_9_fu_1799_p2              |     +    |      0|  0|  39|          32|          32|
    |add_ln203_7_fu_2629_p2              |     +    |      0|  0|  40|          33|          33|
    |add_ln203_8_fu_2643_p2              |     +    |      0|  0|  40|          33|          33|
    |add_ln203_9_fu_2657_p2              |     +    |      0|  0|  41|          34|          34|
    |add_ln203_fu_2123_p2                |     +    |      0|  0|  40|          33|          33|
    |base_addr_fu_1477_p2                |     +    |      0|  0|  39|          32|          32|
    |cc_fu_1292_p2                       |     +    |      0|  0|  13|           4|           1|
    |mm_fu_1310_p2                       |     +    |      0|  0|  15|           3|           6|
    |p_Val2_2_fu_2175_p2                 |     +    |      0|  0|  21|          15|          15|
    |p_Val2_4_fu_2285_p2                 |     +    |      0|  0|  21|          15|          15|
    |p_Val2_6_fu_2402_p2                 |     +    |      0|  0|  21|          15|          15|
    |p_Val2_8_fu_2519_p2                 |     +    |      0|  0|  21|          15|          15|
    |rr_fu_1279_p2                       |     +    |      0|  0|  13|           1|           4|
    |sub_ln175_fu_1161_p2                |     -    |      0|  0|  26|          19|          19|
    |and_ln160_fu_1228_p2                |    and   |      0|  0|   2|           1|           1|
    |and_ln781_1_fu_2357_p2              |    and   |      0|  0|   2|           1|           1|
    |and_ln781_2_fu_2474_p2              |    and   |      0|  0|   2|           1|           1|
    |and_ln781_3_fu_2591_p2              |    and   |      0|  0|   2|           1|           1|
    |and_ln781_fu_2247_p2                |    and   |      0|  0|   2|           1|           1|
    |and_ln786_2_fu_2362_p2              |    and   |      0|  0|   2|           1|           1|
    |and_ln786_3_fu_2479_p2              |    and   |      0|  0|   2|           1|           1|
    |and_ln786_4_fu_2596_p2              |    and   |      0|  0|   2|           1|           1|
    |and_ln786_fu_2252_p2                |    and   |      0|  0|   2|           1|           1|
    |ap_block_pp0_stage0_01001           |    and   |      0|  0|   2|           1|           1|
    |ap_condition_1883                   |    and   |      0|  0|   2|           1|           1|
    |ap_condition_1909                   |    and   |      0|  0|   2|           1|           1|
    |ap_condition_1913                   |    and   |      0|  0|   2|           1|           1|
    |ap_condition_1916                   |    and   |      0|  0|   2|           1|           1|
    |ap_condition_1919                   |    and   |      0|  0|   2|           1|           1|
    |ap_condition_1922                   |    and   |      0|  0|   2|           1|           1|
    |ap_condition_1925                   |    and   |      0|  0|   2|           1|           1|
    |ap_condition_1928                   |    and   |      0|  0|   2|           1|           1|
    |ap_condition_1943                   |    and   |      0|  0|   2|           1|           1|
    |carry_2_fu_2199_p2                  |    and   |      0|  0|   2|           1|           1|
    |carry_4_fu_2309_p2                  |    and   |      0|  0|   2|           1|           1|
    |carry_6_fu_2426_p2                  |    and   |      0|  0|   2|           1|           1|
    |carry_8_fu_2543_p2                  |    and   |      0|  0|   2|           1|           1|
    |deleted_ones_1_fu_2352_p2           |    and   |      0|  0|   2|           1|           1|
    |deleted_ones_2_fu_2469_p2           |    and   |      0|  0|   2|           1|           1|
    |deleted_ones_3_fu_2586_p2           |    and   |      0|  0|   2|           1|           1|
    |deleted_ones_fu_2242_p2             |    and   |      0|  0|   2|           1|           1|
    |empty_27_fu_2623_p2                 |   icmp   |      0|  0|  13|          11|           1|
    |empty_30_fu_2745_p2                 |   icmp   |      0|  0|  13|          11|           1|
    |icmp_ln149_fu_1086_p2               |   icmp   |      0|  0|  13|          16|           1|
    |icmp_ln153_fu_1198_p2               |   icmp   |      0|  0|  13|          11|          11|
    |icmp_ln154_fu_1210_p2               |   icmp   |      0|  0|  11|           8|           8|
    |icmp_ln155_fu_1222_p2               |   icmp   |      0|  0|   9|           4|           3|
    |icmp_ln158_fu_1120_p2               |   icmp   |      0|  0|  13|          16|           1|
    |icmp_ln160_10_fu_1547_p2            |   icmp   |      0|  0|  11|           5|           4|
    |icmp_ln160_11_fu_1560_p2            |   icmp   |      0|  0|  11|           5|           5|
    |icmp_ln160_12_fu_1573_p2            |   icmp   |      0|  0|  11|           5|           5|
    |icmp_ln160_13_fu_1586_p2            |   icmp   |      0|  0|  11|           5|           4|
    |icmp_ln160_1_fu_1357_p2             |   icmp   |      0|  0|  11|           5|           3|
    |icmp_ln160_2_fu_1363_p2             |   icmp   |      0|  0|  11|           5|           4|
    |icmp_ln160_3_fu_1369_p2             |   icmp   |      0|  0|  11|           5|           4|
    |icmp_ln160_4_fu_1375_p2             |   icmp   |      0|  0|  11|           5|           5|
    |icmp_ln160_5_fu_1381_p2             |   icmp   |      0|  0|  11|           5|           5|
    |icmp_ln160_6_fu_1387_p2             |   icmp   |      0|  0|  11|           5|           4|
    |icmp_ln160_7_fu_1508_p2             |   icmp   |      0|  0|  11|           5|           1|
    |icmp_ln160_8_fu_1521_p2             |   icmp   |      0|  0|  11|           5|           3|
    |icmp_ln160_9_fu_1534_p2             |   icmp   |      0|  0|  11|           5|           4|
    |icmp_ln160_fu_1351_p2               |   icmp   |      0|  0|  11|           5|           1|
    |icmp_ln161_10_fu_1638_p2            |   icmp   |      0|  0|  11|           5|           4|
    |icmp_ln161_11_fu_1651_p2            |   icmp   |      0|  0|  11|           5|           5|
    |icmp_ln161_12_fu_1664_p2            |   icmp   |      0|  0|  11|           5|           5|
    |icmp_ln161_13_fu_1677_p2            |   icmp   |      0|  0|  11|           5|           4|
    |icmp_ln161_1_fu_1399_p2             |   icmp   |      0|  0|  11|           5|           3|
    |icmp_ln161_2_fu_1405_p2             |   icmp   |      0|  0|  11|           5|           4|
    |icmp_ln161_3_fu_1411_p2             |   icmp   |      0|  0|  11|           5|           4|
    |icmp_ln161_4_fu_1417_p2             |   icmp   |      0|  0|  11|           5|           5|
    |icmp_ln161_5_fu_1423_p2             |   icmp   |      0|  0|  11|           5|           5|
    |icmp_ln161_6_fu_1429_p2             |   icmp   |      0|  0|  11|           5|           4|
    |icmp_ln161_7_fu_1599_p2             |   icmp   |      0|  0|  11|           5|           2|
    |icmp_ln161_8_fu_1612_p2             |   icmp   |      0|  0|  11|           5|           3|
    |icmp_ln161_9_fu_1625_p2             |   icmp   |      0|  0|  11|           5|           4|
    |icmp_ln161_fu_1393_p2               |   icmp   |      0|  0|  11|           5|           2|
    |icmp_ln162_10_fu_1729_p2            |   icmp   |      0|  0|  11|           5|           4|
    |icmp_ln162_11_fu_1742_p2            |   icmp   |      0|  0|  11|           5|           5|
    |icmp_ln162_12_fu_1755_p2            |   icmp   |      0|  0|  11|           5|           5|
    |icmp_ln162_13_fu_1768_p2            |   icmp   |      0|  0|  11|           5|           4|
    |icmp_ln162_1_fu_1441_p2             |   icmp   |      0|  0|  11|           5|           3|
    |icmp_ln162_2_fu_1447_p2             |   icmp   |      0|  0|  11|           5|           4|
    |icmp_ln162_3_fu_1453_p2             |   icmp   |      0|  0|  11|           5|           4|
    |icmp_ln162_4_fu_1459_p2             |   icmp   |      0|  0|  11|           5|           5|
    |icmp_ln162_5_fu_1465_p2             |   icmp   |      0|  0|  11|           5|           5|
    |icmp_ln162_6_fu_1471_p2             |   icmp   |      0|  0|  11|           5|           4|
    |icmp_ln162_7_fu_1690_p2             |   icmp   |      0|  0|  11|           5|           2|
    |icmp_ln162_8_fu_1703_p2             |   icmp   |      0|  0|  11|           5|           3|
    |icmp_ln162_9_fu_1716_p2             |   icmp   |      0|  0|  11|           5|           4|
    |icmp_ln162_fu_1435_p2               |   icmp   |      0|  0|  11|           5|           2|
    |ap_block_pp0_stage0_11001           |    or    |      0|  0|   2|           1|           1|
    |ap_block_state21_io                 |    or    |      0|  0|   2|           1|           1|
    |ap_block_state22_io                 |    or    |      0|  0|   2|           1|           1|
    |ap_block_state27_pp0_stage0_iter21  |    or    |      0|  0|   2|           1|           1|
    |or_ln159_fu_1234_p2                 |    or    |      0|  0|   2|           1|           1|
    |or_ln160_1_fu_1486_p2               |    or    |      0|  0|   5|           5|           1|
    |or_ln160_fu_1336_p2                 |    or    |      0|  0|   5|           5|           1|
    |or_ln161_1_fu_1491_p2               |    or    |      0|  0|   5|           5|           2|
    |or_ln161_fu_1341_p2                 |    or    |      0|  0|   5|           5|           2|
    |or_ln162_1_fu_1496_p2               |    or    |      0|  0|   5|           5|           2|
    |or_ln162_fu_1346_p2                 |    or    |      0|  0|   5|           5|           2|
    |or_ln416_1_fu_2346_p2               |    or    |      0|  0|   2|           1|           1|
    |or_ln416_2_fu_2463_p2               |    or    |      0|  0|   2|           1|           1|
    |or_ln416_3_fu_2580_p2               |    or    |      0|  0|   2|           1|           1|
    |or_ln416_4_fu_2230_p2               |    or    |      0|  0|   2|           1|           1|
    |or_ln416_5_fu_2340_p2               |    or    |      0|  0|   2|           1|           1|
    |or_ln416_6_fu_2457_p2               |    or    |      0|  0|   2|           1|           1|
    |or_ln416_7_fu_2574_p2               |    or    |      0|  0|   2|           1|           1|
    |or_ln416_fu_2236_p2                 |    or    |      0|  0|   2|           1|           1|
    |or_ln786_1_fu_2368_p2               |    or    |      0|  0|   2|           1|           1|
    |or_ln786_2_fu_2485_p2               |    or    |      0|  0|   2|           1|           1|
    |or_ln786_3_fu_2602_p2               |    or    |      0|  0|   2|           1|           1|
    |or_ln786_fu_2258_p2                 |    or    |      0|  0|   2|           1|           1|
    |o_fm_size_fu_1106_p3                |  select  |      0|  0|  16|           1|          16|
    |select_ln153_fu_1320_p3             |  select  |      0|  0|   6|           1|           6|
    |select_ln154_fu_1260_p3             |  select  |      0|  0|   8|           1|           1|
    |select_ln159_1_fu_1285_p3           |  select  |      0|  0|   4|           1|           4|
    |select_ln159_2_fu_1804_p3           |  select  |      0|  0|  32|           1|          32|
    |select_ln159_fu_1240_p3             |  select  |      0|  0|   4|           1|           1|
    |select_ln160_10_fu_1501_p3          |  select  |      0|  0|   5|           1|           5|
    |select_ln160_11_fu_1514_p3          |  select  |      0|  0|   2|           1|           1|
    |select_ln160_12_fu_1527_p3          |  select  |      0|  0|   2|           1|           1|
    |select_ln160_13_fu_1540_p3          |  select  |      0|  0|   2|           1|           1|
    |select_ln160_14_fu_1553_p3          |  select  |      0|  0|   2|           1|           1|
    |select_ln160_15_fu_1566_p3          |  select  |      0|  0|   2|           1|           1|
    |select_ln160_16_fu_1579_p3          |  select  |      0|  0|   2|           1|           1|
    |select_ln160_17_fu_1592_p3          |  select  |      0|  0|   2|           1|           1|
    |select_ln160_18_fu_1605_p3          |  select  |      0|  0|   2|           1|           1|
    |select_ln160_19_fu_1618_p3          |  select  |      0|  0|   2|           1|           1|
    |select_ln160_1_fu_1844_p3           |  select  |      0|  0|  16|           1|          16|
    |select_ln160_20_fu_1631_p3          |  select  |      0|  0|   2|           1|           1|
    |select_ln160_21_fu_1644_p3          |  select  |      0|  0|   2|           1|           1|
    |select_ln160_22_fu_1657_p3          |  select  |      0|  0|   2|           1|           1|
    |select_ln160_23_fu_1670_p3          |  select  |      0|  0|   2|           1|           1|
    |select_ln160_24_fu_1683_p3          |  select  |      0|  0|   2|           1|           1|
    |select_ln160_25_fu_1696_p3          |  select  |      0|  0|   2|           1|           1|
    |select_ln160_26_fu_1709_p3          |  select  |      0|  0|   2|           1|           1|
    |select_ln160_27_fu_1722_p3          |  select  |      0|  0|   2|           1|           1|
    |select_ln160_28_fu_1735_p3          |  select  |      0|  0|   2|           1|           1|
    |select_ln160_29_fu_1748_p3          |  select  |      0|  0|   2|           1|           1|
    |select_ln160_2_fu_1879_p3           |  select  |      0|  0|  16|           1|          16|
    |select_ln160_30_fu_1761_p3          |  select  |      0|  0|   2|           1|           1|
    |select_ln160_31_fu_1774_p3          |  select  |      0|  0|   2|           1|           1|
    |select_ln160_32_fu_1793_p3          |  select  |      0|  0|  32|           1|          32|
    |select_ln160_3_fu_1884_p3           |  select  |      0|  0|  16|           1|          16|
    |select_ln160_4_fu_1890_p3           |  select  |      0|  0|  16|           1|          16|
    |select_ln160_5_fu_1897_p3           |  select  |      0|  0|  16|           1|          16|
    |select_ln160_6_fu_1958_p3           |  select  |      0|  0|  16|           1|          16|
    |select_ln160_7_fu_1272_p3           |  select  |      0|  0|   4|           1|           1|
    |select_ln160_8_fu_1481_p3           |  select  |      0|  0|   5|           1|           5|
    |select_ln160_9_fu_1784_p3           |  select  |      0|  0|  32|           1|          32|
    |select_ln160_fu_1837_p3             |  select  |      0|  0|  16|           1|          16|
    |select_ln161_1_fu_1858_p3           |  select  |      0|  0|  16|           1|          16|
    |select_ln161_2_fu_1904_p3           |  select  |      0|  0|  16|           1|          16|
    |select_ln161_3_fu_1909_p3           |  select  |      0|  0|  16|           1|          16|
    |select_ln161_4_fu_1915_p3           |  select  |      0|  0|  16|           1|          16|
    |select_ln161_5_fu_1922_p3           |  select  |      0|  0|  16|           1|          16|
    |select_ln161_6_fu_1967_p3           |  select  |      0|  0|  16|           1|          16|
    |select_ln161_fu_1851_p3             |  select  |      0|  0|  16|           1|          16|
    |select_ln162_1_fu_1872_p3           |  select  |      0|  0|  16|           1|          16|
    |select_ln162_2_fu_1929_p3           |  select  |      0|  0|  16|           1|          16|
    |select_ln162_3_fu_1934_p3           |  select  |      0|  0|  16|           1|          16|
    |select_ln162_4_fu_1940_p3           |  select  |      0|  0|  16|           1|          16|
    |select_ln162_5_fu_1947_p3           |  select  |      0|  0|  16|           1|          16|
    |select_ln162_6_fu_1976_p3           |  select  |      0|  0|  16|           1|          16|
    |select_ln162_fu_1865_p3             |  select  |      0|  0|  16|           1|          16|
    |select_ln203_10_fu_2706_p3          |  select  |      0|  0|  16|           1|          16|
    |select_ln203_11_fu_2712_p3          |  select  |      0|  0|  16|           1|          16|
    |select_ln203_12_fu_2718_p3          |  select  |      0|  0|  16|           1|          16|
    |select_ln203_1_fu_2148_p3           |  select  |      0|  0|  16|           1|          16|
    |select_ln203_2_fu_2672_p3           |  select  |      0|  0|  16|           1|          16|
    |select_ln203_3_fu_2677_p3           |  select  |      0|  0|  16|           1|          16|
    |select_ln203_4_fu_2683_p3           |  select  |      0|  0|  16|           1|          16|
    |select_ln203_5_fu_2689_p3           |  select  |      0|  0|  16|           1|          16|
    |select_ln203_7_fu_2155_p3           |  select  |      0|  0|  16|           1|          16|
    |select_ln203_8_fu_2162_p3           |  select  |      0|  0|  16|           1|          16|
    |select_ln203_9_fu_2701_p3           |  select  |      0|  0|  16|           1|          16|
    |select_ln203_fu_2141_p3             |  select  |      0|  0|  16|           1|          16|
    |select_ln340_2_fu_2374_p3           |  select  |      0|  0|  17|           1|          16|
    |select_ln340_3_fu_2491_p3           |  select  |      0|  0|  17|           1|          16|
    |select_ln340_4_fu_2608_p3           |  select  |      0|  0|  17|           1|          16|
    |select_ln340_fu_2264_p3             |  select  |      0|  0|  17|           1|          16|
    |tmp1_V_fu_2738_p3                   |  select  |      0|  0|  16|           1|          16|
    |tmp2_V_3_fu_2695_p3                 |  select  |      0|  0|  16|           1|          16|
    |tmp2_V_fu_2382_p3                   |  select  |      0|  0|  16|           1|          16|
    |tmp3_V_1_fu_2724_p3                 |  select  |      0|  0|  16|           1|          16|
    |tmp3_V_fu_2499_p3                   |  select  |      0|  0|  16|           1|          16|
    |tmp4_V_fu_2616_p3                   |  select  |      0|  0|  16|           1|          16|
    |ap_enable_pp0                       |    xor   |      0|  0|   2|           1|           2|
    |xor_ln160_fu_1216_p2                |    xor   |      0|  0|   2|           1|           2|
    |xor_ln416_10_fu_2569_p2             |    xor   |      0|  0|   2|           1|           2|
    |xor_ln416_4_fu_2193_p2              |    xor   |      0|  0|   2|           1|           2|
    |xor_ln416_5_fu_2225_p2              |    xor   |      0|  0|   2|           1|           2|
    |xor_ln416_6_fu_2335_p2              |    xor   |      0|  0|   2|           1|           2|
    |xor_ln416_7_fu_2420_p2              |    xor   |      0|  0|   2|           1|           2|
    |xor_ln416_8_fu_2452_p2              |    xor   |      0|  0|   2|           1|           2|
    |xor_ln416_9_fu_2537_p2              |    xor   |      0|  0|   2|           1|           2|
    |xor_ln416_fu_2303_p2                |    xor   |      0|  0|   2|           1|           2|
    |xor_ln779_1_fu_2329_p2              |    xor   |      0|  0|   2|           1|           2|
    |xor_ln779_2_fu_2446_p2              |    xor   |      0|  0|   2|           1|           2|
    |xor_ln779_3_fu_2563_p2              |    xor   |      0|  0|   2|           1|           2|
    |xor_ln779_fu_2219_p2                |    xor   |      0|  0|   2|           1|           2|
    +------------------------------------+----------+-------+---+----+------------+------------+
    |Total                               |          |      0|  0|2152|         874|        1542|
    +------------------------------------+----------+-------+---+----+------------+------------+

    * Multiplexer: 
    +-------------------------------------------+----+-----------+-----+-----------+
    |                    Name                   | LUT| Input Size| Bits| Total Bits|
    +-------------------------------------------+----+-----------+-----+-----------+
    |ap_NS_fsm                                  |  41|          8|    1|          8|
    |ap_enable_reg_pp0_iter21                   |   9|          2|    1|          2|
    |ap_enable_reg_pp0_iter5                    |   9|          2|    1|          2|
    |ap_phi_mux_cc_0_phi_fu_931_p4              |   9|          2|    4|          8|
    |ap_phi_mux_indvar_flatten49_phi_fu_908_p4  |   9|          2|   11|         22|
    |ap_phi_mux_rr_0_phi_fu_942_p4              |   9|          2|    4|          8|
    |ap_phi_reg_pp0_iter11_tmp1_V_1_reg_960     |  44|          9|   16|        144|
    |ap_phi_reg_pp0_iter16_p_029_0_reg_1006     |  15|          3|   16|         48|
    |ap_phi_reg_pp0_iter16_p_033_0_reg_1030     |  15|          3|   16|         48|
    |ap_phi_reg_pp0_iter16_p_035_0_reg_982      |  47|         10|   16|        160|
    |ap_phi_reg_pp0_iter16_p_0_0_reg_1054       |  15|          3|   16|         48|
    |cc_0_reg_927                               |   9|          2|    4|          8|
    |indvar_flatten49_reg_904                   |   9|          2|   11|         22|
    |indvar_flatten_reg_916                     |   9|          2|    8|         16|
    |mm_0_reg_949                               |   9|          2|    6|         12|
    |out1_V_blk_n_AW                            |   9|          2|    1|          2|
    |out1_V_blk_n_B                             |   9|          2|    1|          2|
    |out1_V_blk_n_W                             |   9|          2|    1|          2|
    |out2_V_blk_n_AW                            |   9|          2|    1|          2|
    |out2_V_blk_n_B                             |   9|          2|    1|          2|
    |out2_V_blk_n_W                             |   9|          2|    1|          2|
    |out3_V_blk_n_AW                            |   9|          2|    1|          2|
    |out3_V_blk_n_B                             |   9|          2|    1|          2|
    |out3_V_blk_n_W                             |   9|          2|    1|          2|
    |out4_V_blk_n_AW                            |   9|          2|    1|          2|
    |out4_V_blk_n_B                             |   9|          2|    1|          2|
    |out4_V_blk_n_W                             |   9|          2|    1|          2|
    |rr_0_reg_938                               |   9|          2|    4|          8|
    +-------------------------------------------+----+-----------+-----+-----------+
    |Total                                      | 375|         80|  147|        588|
    +-------------------------------------------+----+-----------+-----+-----------+

    * Register: 
    +----------------------------------------+----+----+-----+-----------+
    |                  Name                  | FF | LUT| Bits| Const Bits|
    +----------------------------------------+----+----+-----+-----------+
    |Range2_all_ones_1_reg_3623              |   1|   0|    1|          0|
    |Range2_all_ones_2_reg_3650              |   1|   0|    1|          0|
    |Range2_all_ones_3_reg_3677              |   1|   0|    1|          0|
    |Range2_all_ones_reg_3596                |   1|   0|    1|          0|
    |add_ln153_reg_2952                      |  11|   0|   11|          0|
    |add_ln159_1_reg_3565                    |  33|   0|   33|          0|
    |add_ln159_2_reg_3570                    |  33|   0|   33|          0|
    |add_ln159_3_reg_3200                    |   8|   0|    8|          0|
    |add_ln159_reg_3560                      |  33|   0|   33|          0|
    |add_ln171_2_reg_3053                    |  32|   0|   32|          0|
    |add_ln171_3_reg_2923                    |  32|   0|   32|          0|
    |add_ln171_8_reg_3195                    |  32|   0|   32|          0|
    |and_ln160_reg_2989                      |   1|   0|    1|          0|
    |ap_CS_fsm                               |   7|   0|    7|          0|
    |ap_enable_reg_pp0_iter0                 |   1|   0|    1|          0|
    |ap_enable_reg_pp0_iter1                 |   1|   0|    1|          0|
    |ap_enable_reg_pp0_iter10                |   1|   0|    1|          0|
    |ap_enable_reg_pp0_iter11                |   1|   0|    1|          0|
    |ap_enable_reg_pp0_iter12                |   1|   0|    1|          0|
    |ap_enable_reg_pp0_iter13                |   1|   0|    1|          0|
    |ap_enable_reg_pp0_iter14                |   1|   0|    1|          0|
    |ap_enable_reg_pp0_iter15                |   1|   0|    1|          0|
    |ap_enable_reg_pp0_iter16                |   1|   0|    1|          0|
    |ap_enable_reg_pp0_iter17                |   1|   0|    1|          0|
    |ap_enable_reg_pp0_iter18                |   1|   0|    1|          0|
    |ap_enable_reg_pp0_iter19                |   1|   0|    1|          0|
    |ap_enable_reg_pp0_iter2                 |   1|   0|    1|          0|
    |ap_enable_reg_pp0_iter20                |   1|   0|    1|          0|
    |ap_enable_reg_pp0_iter21                |   1|   0|    1|          0|
    |ap_enable_reg_pp0_iter3                 |   1|   0|    1|          0|
    |ap_enable_reg_pp0_iter4                 |   1|   0|    1|          0|
    |ap_enable_reg_pp0_iter5                 |   1|   0|    1|          0|
    |ap_enable_reg_pp0_iter6                 |   1|   0|    1|          0|
    |ap_enable_reg_pp0_iter7                 |   1|   0|    1|          0|
    |ap_enable_reg_pp0_iter8                 |   1|   0|    1|          0|
    |ap_enable_reg_pp0_iter9                 |   1|   0|    1|          0|
    |ap_phi_reg_pp0_iter10_p_029_0_reg_1006  |  16|   0|   16|          0|
    |ap_phi_reg_pp0_iter10_p_033_0_reg_1030  |  16|   0|   16|          0|
    |ap_phi_reg_pp0_iter10_p_035_0_reg_982   |  16|   0|   16|          0|
    |ap_phi_reg_pp0_iter10_p_0_0_reg_1054    |  16|   0|   16|          0|
    |ap_phi_reg_pp0_iter10_tmp1_V_1_reg_960  |  16|   0|   16|          0|
    |ap_phi_reg_pp0_iter11_p_029_0_reg_1006  |  16|   0|   16|          0|
    |ap_phi_reg_pp0_iter11_p_033_0_reg_1030  |  16|   0|   16|          0|
    |ap_phi_reg_pp0_iter11_p_035_0_reg_982   |  16|   0|   16|          0|
    |ap_phi_reg_pp0_iter11_p_0_0_reg_1054    |  16|   0|   16|          0|
    |ap_phi_reg_pp0_iter11_tmp1_V_1_reg_960  |  16|   0|   16|          0|
    |ap_phi_reg_pp0_iter12_p_029_0_reg_1006  |  16|   0|   16|          0|
    |ap_phi_reg_pp0_iter12_p_033_0_reg_1030  |  16|   0|   16|          0|
    |ap_phi_reg_pp0_iter12_p_035_0_reg_982   |  16|   0|   16|          0|
    |ap_phi_reg_pp0_iter12_p_0_0_reg_1054    |  16|   0|   16|          0|
    |ap_phi_reg_pp0_iter13_p_029_0_reg_1006  |  16|   0|   16|          0|
    |ap_phi_reg_pp0_iter13_p_033_0_reg_1030  |  16|   0|   16|          0|
    |ap_phi_reg_pp0_iter13_p_035_0_reg_982   |  16|   0|   16|          0|
    |ap_phi_reg_pp0_iter13_p_0_0_reg_1054    |  16|   0|   16|          0|
    |ap_phi_reg_pp0_iter14_p_029_0_reg_1006  |  16|   0|   16|          0|
    |ap_phi_reg_pp0_iter14_p_033_0_reg_1030  |  16|   0|   16|          0|
    |ap_phi_reg_pp0_iter14_p_035_0_reg_982   |  16|   0|   16|          0|
    |ap_phi_reg_pp0_iter14_p_0_0_reg_1054    |  16|   0|   16|          0|
    |ap_phi_reg_pp0_iter15_p_029_0_reg_1006  |  16|   0|   16|          0|
    |ap_phi_reg_pp0_iter15_p_033_0_reg_1030  |  16|   0|   16|          0|
    |ap_phi_reg_pp0_iter15_p_035_0_reg_982   |  16|   0|   16|          0|
    |ap_phi_reg_pp0_iter15_p_0_0_reg_1054    |  16|   0|   16|          0|
    |ap_phi_reg_pp0_iter16_p_029_0_reg_1006  |  16|   0|   16|          0|
    |ap_phi_reg_pp0_iter16_p_033_0_reg_1030  |  16|   0|   16|          0|
    |ap_phi_reg_pp0_iter16_p_035_0_reg_982   |  16|   0|   16|          0|
    |ap_phi_reg_pp0_iter16_p_0_0_reg_1054    |  16|   0|   16|          0|
    |ap_phi_reg_pp0_iter1_p_029_0_reg_1006   |  16|   0|   16|          0|
    |ap_phi_reg_pp0_iter1_p_033_0_reg_1030   |  16|   0|   16|          0|
    |ap_phi_reg_pp0_iter1_p_035_0_reg_982    |  16|   0|   16|          0|
    |ap_phi_reg_pp0_iter1_p_0_0_reg_1054     |  16|   0|   16|          0|
    |ap_phi_reg_pp0_iter1_tmp1_V_1_reg_960   |  16|   0|   16|          0|
    |ap_phi_reg_pp0_iter2_p_029_0_reg_1006   |  16|   0|   16|          0|
    |ap_phi_reg_pp0_iter2_p_033_0_reg_1030   |  16|   0|   16|          0|
    |ap_phi_reg_pp0_iter2_p_035_0_reg_982    |  16|   0|   16|          0|
    |ap_phi_reg_pp0_iter2_p_0_0_reg_1054     |  16|   0|   16|          0|
    |ap_phi_reg_pp0_iter2_tmp1_V_1_reg_960   |  16|   0|   16|          0|
    |ap_phi_reg_pp0_iter3_p_029_0_reg_1006   |  16|   0|   16|          0|
    |ap_phi_reg_pp0_iter3_p_033_0_reg_1030   |  16|   0|   16|          0|
    |ap_phi_reg_pp0_iter3_p_035_0_reg_982    |  16|   0|   16|          0|
    |ap_phi_reg_pp0_iter3_p_0_0_reg_1054     |  16|   0|   16|          0|
    |ap_phi_reg_pp0_iter3_tmp1_V_1_reg_960   |  16|   0|   16|          0|
    |ap_phi_reg_pp0_iter4_p_029_0_reg_1006   |  16|   0|   16|          0|
    |ap_phi_reg_pp0_iter4_p_033_0_reg_1030   |  16|   0|   16|          0|
    |ap_phi_reg_pp0_iter4_p_035_0_reg_982    |  16|   0|   16|          0|
    |ap_phi_reg_pp0_iter4_p_0_0_reg_1054     |  16|   0|   16|          0|
    |ap_phi_reg_pp0_iter4_tmp1_V_1_reg_960   |  16|   0|   16|          0|
    |ap_phi_reg_pp0_iter5_p_029_0_reg_1006   |  16|   0|   16|          0|
    |ap_phi_reg_pp0_iter5_p_033_0_reg_1030   |  16|   0|   16|          0|
    |ap_phi_reg_pp0_iter5_p_035_0_reg_982    |  16|   0|   16|          0|
    |ap_phi_reg_pp0_iter5_p_0_0_reg_1054     |  16|   0|   16|          0|
    |ap_phi_reg_pp0_iter5_tmp1_V_1_reg_960   |  16|   0|   16|          0|
    |ap_phi_reg_pp0_iter6_p_029_0_reg_1006   |  16|   0|   16|          0|
    |ap_phi_reg_pp0_iter6_p_033_0_reg_1030   |  16|   0|   16|          0|
    |ap_phi_reg_pp0_iter6_p_035_0_reg_982    |  16|   0|   16|          0|
    |ap_phi_reg_pp0_iter6_p_0_0_reg_1054     |  16|   0|   16|          0|
    |ap_phi_reg_pp0_iter6_tmp1_V_1_reg_960   |  16|   0|   16|          0|
    |ap_phi_reg_pp0_iter7_p_029_0_reg_1006   |  16|   0|   16|          0|
    |ap_phi_reg_pp0_iter7_p_033_0_reg_1030   |  16|   0|   16|          0|
    |ap_phi_reg_pp0_iter7_p_035_0_reg_982    |  16|   0|   16|          0|
    |ap_phi_reg_pp0_iter7_p_0_0_reg_1054     |  16|   0|   16|          0|
    |ap_phi_reg_pp0_iter7_tmp1_V_1_reg_960   |  16|   0|   16|          0|
    |ap_phi_reg_pp0_iter8_p_029_0_reg_1006   |  16|   0|   16|          0|
    |ap_phi_reg_pp0_iter8_p_033_0_reg_1030   |  16|   0|   16|          0|
    |ap_phi_reg_pp0_iter8_p_035_0_reg_982    |  16|   0|   16|          0|
    |ap_phi_reg_pp0_iter8_p_0_0_reg_1054     |  16|   0|   16|          0|
    |ap_phi_reg_pp0_iter8_tmp1_V_1_reg_960   |  16|   0|   16|          0|
    |ap_phi_reg_pp0_iter9_p_029_0_reg_1006   |  16|   0|   16|          0|
    |ap_phi_reg_pp0_iter9_p_033_0_reg_1030   |  16|   0|   16|          0|
    |ap_phi_reg_pp0_iter9_p_035_0_reg_982    |  16|   0|   16|          0|
    |ap_phi_reg_pp0_iter9_p_0_0_reg_1054     |  16|   0|   16|          0|
    |ap_phi_reg_pp0_iter9_tmp1_V_1_reg_960   |  16|   0|   16|          0|
    |base_addr_reg_3063                      |  32|   0|   32|          0|
    |cc_0_reg_927                            |   4|   0|    4|          0|
    |empty_27_reg_3809                       |   1|   0|    1|          0|
    |empty_30_reg_3860                       |   1|   0|    1|          0|
    |fm_out_buff_0_V_loa_reg_3437            |  16|   0|   16|          0|
    |fm_out_buff_10_V_ad_reg_3280            |   8|   0|    8|          0|
    |fm_out_buff_10_V_lo_1_reg_3719          |  16|   0|   16|          0|
    |fm_out_buff_10_V_lo_reg_3462            |  16|   0|   16|          0|
    |fm_out_buff_11_V_ad_reg_3286            |   8|   0|    8|          0|
    |fm_out_buff_11_V_lo_1_reg_3769          |  16|   0|   16|          0|
    |fm_out_buff_11_V_lo_reg_3477            |  16|   0|   16|          0|
    |fm_out_buff_12_V_lo_reg_3422            |  16|   0|   16|          0|
    |fm_out_buff_13_V_ad_reg_3297            |   8|   0|    8|          0|
    |fm_out_buff_13_V_lo_1_reg_3694          |  16|   0|   16|          0|
    |fm_out_buff_13_V_lo_reg_3452            |  16|   0|   16|          0|
    |fm_out_buff_14_V_ad_reg_3303            |   8|   0|    8|          0|
    |fm_out_buff_14_V_lo_1_reg_3724          |  16|   0|   16|          0|
    |fm_out_buff_14_V_lo_reg_3467            |  16|   0|   16|          0|
    |fm_out_buff_15_V_ad_reg_3309            |   8|   0|    8|          0|
    |fm_out_buff_15_V_lo_1_reg_3764          |  16|   0|   16|          0|
    |fm_out_buff_15_V_lo_reg_3482            |  16|   0|   16|          0|
    |fm_out_buff_16_V_lo_reg_3417            |  16|   0|   16|          0|
    |fm_out_buff_17_V_ad_reg_3353            |   8|   0|    8|          0|
    |fm_out_buff_17_V_lo_1_reg_3699          |  16|   0|   16|          0|
    |fm_out_buff_18_V_ad_reg_3359            |   8|   0|    8|          0|
    |fm_out_buff_18_V_lo_1_reg_3729          |  16|   0|   16|          0|
    |fm_out_buff_19_V_ad_reg_3365            |   8|   0|    8|          0|
    |fm_out_buff_19_V_lo_1_reg_3759          |  16|   0|   16|          0|
    |fm_out_buff_1_V_add_reg_3228            |   8|   0|    8|          0|
    |fm_out_buff_20_V_lo_reg_3412            |  16|   0|   16|          0|
    |fm_out_buff_21_V_ad_reg_3371            |   8|   0|    8|          0|
    |fm_out_buff_21_V_lo_1_reg_3704          |  16|   0|   16|          0|
    |fm_out_buff_22_V_ad_reg_3377            |   8|   0|    8|          0|
    |fm_out_buff_22_V_lo_1_reg_3734          |  16|   0|   16|          0|
    |fm_out_buff_23_V_ad_reg_3383            |   8|   0|    8|          0|
    |fm_out_buff_23_V_lo_1_reg_3754          |  16|   0|   16|          0|
    |fm_out_buff_24_V_lo_reg_3407            |  16|   0|   16|          0|
    |fm_out_buff_25_V_ad_reg_3389            |   8|   0|    8|          0|
    |fm_out_buff_25_V_lo_1_reg_3709          |  16|   0|   16|          0|
    |fm_out_buff_25_V_lo_reg_3492            |  16|   0|   16|          0|
    |fm_out_buff_26_V_ad_reg_3395            |   8|   0|    8|          0|
    |fm_out_buff_26_V_lo_1_reg_3739          |  16|   0|   16|          0|
    |fm_out_buff_26_V_lo_reg_3502            |  16|   0|   16|          0|
    |fm_out_buff_27_V_ad_reg_3401            |   8|   0|    8|          0|
    |fm_out_buff_27_V_lo_1_reg_3749          |  16|   0|   16|          0|
    |fm_out_buff_27_V_lo_reg_3512            |  16|   0|   16|          0|
    |fm_out_buff_28_V_lo_reg_3442            |  16|   0|   16|          0|
    |fm_out_buff_29_V_ad_reg_3335            |   8|   0|    8|          0|
    |fm_out_buff_2_V_add_reg_3234            |   8|   0|    8|          0|
    |fm_out_buff_30_V_ad_reg_3341            |   8|   0|    8|          0|
    |fm_out_buff_31_V_ad_reg_3347            |   8|   0|    8|          0|
    |fm_out_buff_31_V_lo_1_reg_3784          |  16|   0|   16|          0|
    |fm_out_buff_3_V_add_reg_3240            |   8|   0|    8|          0|
    |fm_out_buff_3_V_loa_1_reg_3779          |  16|   0|   16|          0|
    |fm_out_buff_4_V_loa_reg_3432            |  16|   0|   16|          0|
    |fm_out_buff_5_V_add_reg_3251            |   8|   0|    8|          0|
    |fm_out_buff_6_V_add_reg_3257            |   8|   0|    8|          0|
    |fm_out_buff_7_V_add_reg_3263            |   8|   0|    8|          0|
    |fm_out_buff_7_V_loa_1_reg_3774          |  16|   0|   16|          0|
    |fm_out_buff_8_V_loa_reg_3427            |  16|   0|   16|          0|
    |fm_out_buff_9_V_add_reg_3274            |   8|   0|    8|          0|
    |fm_out_buff_9_V_loa_1_reg_3689          |  16|   0|   16|          0|
    |fm_out_buff_9_V_loa_reg_3447            |  16|   0|   16|          0|
    |icmp_ln149_reg_2842                     |   1|   0|    1|          0|
    |icmp_ln153_reg_2948                     |   1|   0|    1|          0|
    |icmp_ln154_reg_2958                     |   1|   0|    1|          0|
    |icmp_ln158_reg_2880                     |   1|   0|    1|          0|
    |indvar_flatten49_reg_904                |  11|   0|   11|          0|
    |indvar_flatten_reg_916                  |   8|   0|    8|          0|
    |mm_0_reg_949                            |   6|   0|    6|          0|
    |mm_reg_3030                             |   6|   0|    6|          0|
    |mul_ln171_reg_3058                      |  32|   0|   32|          0|
    |o_fm_size_reg_2847                      |  16|   0|   16|          0|
    |o_size_reg_2871                         |  16|   0|   16|          0|
    |out1_V_addr_reg_3683                    |  32|   0|   32|          0|
    |out2_V_addr_reg_3813                    |  32|   0|   32|          0|
    |out3_V_addr_reg_3819                    |  32|   0|   32|          0|
    |out4_V_addr_reg_3825                    |  32|   0|   32|          0|
    |p_Result_4_reg_3612                     |   1|   0|    1|          0|
    |p_Result_6_reg_3639                     |   1|   0|    1|          0|
    |p_Result_8_reg_3666                     |   1|   0|    1|          0|
    |p_Result_s_reg_3585                     |   1|   0|    1|          0|
    |r_V_1_reg_3602                          |  23|   0|   23|          0|
    |r_V_2_reg_3629                          |  23|   0|   23|          0|
    |r_V_3_reg_3656                          |  23|   0|   23|          0|
    |r_V_reg_3575                            |  23|   0|   23|          0|
    |rr_0_reg_938                            |   4|   0|    4|          0|
    |rr_reg_3006                             |   4|   0|    4|          0|
    |select_ln159_1_reg_3011                 |   4|   0|    4|          0|
    |select_ln159_2_reg_3205                 |  32|   0|   32|          0|
    |select_ln159_reg_2995                   |   4|   0|    4|          0|
    |select_ln160_10_reg_3072                |   3|   0|    5|          2|
    |select_ln160_11_reg_3076                |   1|   0|    1|          0|
    |select_ln160_12_reg_3082                |   1|   0|    1|          0|
    |select_ln160_13_reg_3088                |   1|   0|    1|          0|
    |select_ln160_14_reg_3094                |   1|   0|    1|          0|
    |select_ln160_15_reg_3100                |   1|   0|    1|          0|
    |select_ln160_16_reg_3106                |   1|   0|    1|          0|
    |select_ln160_17_reg_3112                |   1|   0|    1|          0|
    |select_ln160_18_reg_3118                |   1|   0|    1|          0|
    |select_ln160_19_reg_3124                |   1|   0|    1|          0|
    |select_ln160_1_reg_3457                 |  16|   0|   16|          0|
    |select_ln160_20_reg_3130                |   1|   0|    1|          0|
    |select_ln160_21_reg_3136                |   1|   0|    1|          0|
    |select_ln160_22_reg_3142                |   1|   0|    1|          0|
    |select_ln160_23_reg_3148                |   1|   0|    1|          0|
    |select_ln160_24_reg_3154                |   1|   0|    1|          0|
    |select_ln160_25_reg_3160                |   1|   0|    1|          0|
    |select_ln160_26_reg_3165                |   1|   0|    1|          0|
    |select_ln160_27_reg_3170                |   1|   0|    1|          0|
    |select_ln160_28_reg_3175                |   1|   0|    1|          0|
    |select_ln160_29_reg_3180                |   1|   0|    1|          0|
    |select_ln160_30_reg_3185                |   1|   0|    1|          0|
    |select_ln160_31_reg_3190                |   1|   0|    1|          0|
    |select_ln160_5_reg_3497                 |  16|   0|   16|          0|
    |select_ln160_6_reg_3527                 |  16|   0|   16|          0|
    |select_ln160_8_reg_3068                 |   5|   0|    5|          0|
    |select_ln161_1_reg_3472                 |  16|   0|   16|          0|
    |select_ln161_5_reg_3507                 |  16|   0|   16|          0|
    |select_ln161_6_reg_3538                 |  16|   0|   16|          0|
    |select_ln162_1_reg_3487                 |  16|   0|   16|          0|
    |select_ln162_5_reg_3517                 |  16|   0|   16|          0|
    |select_ln162_6_reg_3549                 |  16|   0|   16|          0|
    |select_ln203_1_reg_3714                 |  16|   0|   16|          0|
    |select_ln203_8_reg_3744                 |  16|   0|   16|          0|
    |select_ln340_reg_3789                   |  16|   0|   16|          0|
    |tmp1_V_1_reg_960                        |  16|   0|   16|          0|
    |tmp2_V_reg_3794                         |  16|   0|   16|          0|
    |tmp3_V_reg_3799                         |  16|   0|   16|          0|
    |tmp4_V_reg_3804                         |  16|   0|   16|          0|
    |tmp_13_reg_3591                         |   1|   0|    1|          0|
    |tmp_20_reg_3618                         |   1|   0|    1|          0|
    |tmp_27_reg_3645                         |   1|   0|    1|          0|
    |tmp_34_reg_3672                         |   1|   0|    1|          0|
    |trunc_ln160_1_reg_3035                  |   5|   0|    5|          0|
    |trunc_ln160_1_reg_3035_pp0_iter3_reg    |   5|   0|    5|          0|
    |trunc_ln160_reg_3022                    |   5|   0|    5|          0|
    |trunc_ln160_reg_3022_pp0_iter3_reg      |   5|   0|    5|          0|
    |trunc_ln3_reg_3580                      |  14|   0|   14|          0|
    |trunc_ln708_1_reg_3607                  |  14|   0|   14|          0|
    |trunc_ln708_2_reg_3634                  |  14|   0|   14|          0|
    |trunc_ln708_3_reg_3661                  |  14|   0|   14|          0|
    |zext_ln153_reg_2943                     |  31|   0|   34|          3|
    |zext_ln159_4_reg_3210                   |   8|   0|   64|         56|
    |zext_ln171_1_reg_2890                   |  16|   0|   32|         16|
    |zext_ln171_3_reg_2859                   |  16|   0|   32|         16|
    |zext_ln171_4_reg_2902                   |  16|   0|   32|         16|
    |zext_ln171_5_reg_2896                   |  16|   0|   17|          1|
    |zext_ln171_6_reg_2918                   |  32|   0|   33|          1|
    |zext_ln171_reg_2884                     |  16|   0|   17|          1|
    |zext_ln173_reg_2908                     |  16|   0|   33|         17|
    |zext_ln174_reg_2913                     |  16|   0|   33|         17|
    |zext_ln203_13_reg_2933                  |  31|   0|   33|          2|
    |zext_ln203_14_reg_2938                  |  31|   0|   33|          2|
    |zext_ln203_reg_2928                     |  31|   0|   33|          2|
    |add_ln159_3_reg_3200                    |  64|  32|    8|          0|
    |and_ln160_reg_2989                      |  64|  32|    1|          0|
    |empty_30_reg_3860                       |  64|  32|    1|          0|
    |fm_out_buff_10_V_ad_reg_3280            |  64|  32|    8|          0|
    |fm_out_buff_11_V_ad_reg_3286            |  64|  32|    8|          0|
    |fm_out_buff_13_V_ad_reg_3297            |  64|  32|    8|          0|
    |fm_out_buff_14_V_ad_reg_3303            |  64|  32|    8|          0|
    |fm_out_buff_15_V_ad_reg_3309            |  64|  32|    8|          0|
    |fm_out_buff_17_V_ad_reg_3353            |  64|  32|    8|          0|
    |fm_out_buff_18_V_ad_reg_3359            |  64|  32|    8|          0|
    |fm_out_buff_19_V_ad_reg_3365            |  64|  32|    8|          0|
    |fm_out_buff_1_V_add_reg_3228            |  64|  32|    8|          0|
    |fm_out_buff_21_V_ad_reg_3371            |  64|  32|    8|          0|
    |fm_out_buff_22_V_ad_reg_3377            |  64|  32|    8|          0|
    |fm_out_buff_23_V_ad_reg_3383            |  64|  32|    8|          0|
    |fm_out_buff_25_V_ad_reg_3389            |  64|  32|    8|          0|
    |fm_out_buff_26_V_ad_reg_3395            |  64|  32|    8|          0|
    |fm_out_buff_27_V_ad_reg_3401            |  64|  32|    8|          0|
    |fm_out_buff_29_V_ad_reg_3335            |  64|  32|    8|          0|
    |fm_out_buff_2_V_add_reg_3234            |  64|  32|    8|          0|
    |fm_out_buff_30_V_ad_reg_3341            |  64|  32|    8|          0|
    |fm_out_buff_31_V_ad_reg_3347            |  64|  32|    8|          0|
    |fm_out_buff_3_V_add_reg_3240            |  64|  32|    8|          0|
    |fm_out_buff_5_V_add_reg_3251            |  64|  32|    8|          0|
    |fm_out_buff_6_V_add_reg_3257            |  64|  32|    8|          0|
    |fm_out_buff_7_V_add_reg_3263            |  64|  32|    8|          0|
    |fm_out_buff_9_V_add_reg_3274            |  64|  32|    8|          0|
    |icmp_ln153_reg_2948                     |  64|  32|    1|          0|
    |icmp_ln154_reg_2958                     |  64|  32|    1|          0|
    |out1_V_addr_reg_3683                    |  64|  32|   32|          0|
    |select_ln159_2_reg_3205                 |  64|  32|   32|          0|
    |select_ln159_reg_2995                   |  64|  32|    4|          0|
    |select_ln160_10_reg_3072                |  64|  32|    5|          2|
    |select_ln160_11_reg_3076                |  64|  32|    1|          0|
    |select_ln160_12_reg_3082                |  64|  32|    1|          0|
    |select_ln160_13_reg_3088                |  64|  32|    1|          0|
    |select_ln160_14_reg_3094                |  64|  32|    1|          0|
    |select_ln160_15_reg_3100                |  64|  32|    1|          0|
    |select_ln160_16_reg_3106                |  64|  32|    1|          0|
    |select_ln160_17_reg_3112                |  64|  32|    1|          0|
    |select_ln160_18_reg_3118                |  64|  32|    1|          0|
    |select_ln160_19_reg_3124                |  64|  32|    1|          0|
    |select_ln160_20_reg_3130                |  64|  32|    1|          0|
    |select_ln160_21_reg_3136                |  64|  32|    1|          0|
    |select_ln160_22_reg_3142                |  64|  32|    1|          0|
    |select_ln160_23_reg_3148                |  64|  32|    1|          0|
    |select_ln160_24_reg_3154                |  64|  32|    1|          0|
    |select_ln160_25_reg_3160                |  64|  32|    1|          0|
    |select_ln160_26_reg_3165                |  64|  32|    1|          0|
    |select_ln160_27_reg_3170                |  64|  32|    1|          0|
    |select_ln160_28_reg_3175                |  64|  32|    1|          0|
    |select_ln160_29_reg_3180                |  64|  32|    1|          0|
    |select_ln160_30_reg_3185                |  64|  32|    1|          0|
    |select_ln160_31_reg_3190                |  64|  32|    1|          0|
    |select_ln160_6_reg_3527                 |  64|  32|   16|          0|
    |select_ln160_8_reg_3068                 |  64|  32|    5|          0|
    |select_ln161_6_reg_3538                 |  64|  32|   16|          0|
    |select_ln162_6_reg_3549                 |  64|  32|   16|          0|
    |tmp1_V_1_reg_960                        |  64|  32|   16|          0|
    +----------------------------------------+----+----+-----+-----------+
    |Total                                   |7026|1888| 3769|        154|
    +----------------------------------------+----+----+-----+-----------+



================================================================
== Interface
================================================================
* Summary: 
+---------------------------+-----+-----+------------+------------------+--------------+
|         RTL Ports         | Dir | Bits|  Protocol  |   Source Object  |    C Type    |
+---------------------------+-----+-----+------------+------------------+--------------+
|ap_clk                     |  in |    1| ap_ctrl_hs |   store_output   | return value |
|ap_rst                     |  in |    1| ap_ctrl_hs |   store_output   | return value |
|ap_start                   |  in |    1| ap_ctrl_hs |   store_output   | return value |
|ap_done                    | out |    1| ap_ctrl_hs |   store_output   | return value |
|ap_idle                    | out |    1| ap_ctrl_hs |   store_output   | return value |
|ap_ready                   | out |    1| ap_ctrl_hs |   store_output   | return value |
|fm_out_buff_0_V_address0   | out |    8|  ap_memory |  fm_out_buff_0_V |     array    |
|fm_out_buff_0_V_ce0        | out |    1|  ap_memory |  fm_out_buff_0_V |     array    |
|fm_out_buff_0_V_q0         |  in |   16|  ap_memory |  fm_out_buff_0_V |     array    |
|fm_out_buff_1_V_address0   | out |    8|  ap_memory |  fm_out_buff_1_V |     array    |
|fm_out_buff_1_V_ce0        | out |    1|  ap_memory |  fm_out_buff_1_V |     array    |
|fm_out_buff_1_V_q0         |  in |   16|  ap_memory |  fm_out_buff_1_V |     array    |
|fm_out_buff_1_V_address1   | out |    8|  ap_memory |  fm_out_buff_1_V |     array    |
|fm_out_buff_1_V_ce1        | out |    1|  ap_memory |  fm_out_buff_1_V |     array    |
|fm_out_buff_1_V_q1         |  in |   16|  ap_memory |  fm_out_buff_1_V |     array    |
|fm_out_buff_2_V_address0   | out |    8|  ap_memory |  fm_out_buff_2_V |     array    |
|fm_out_buff_2_V_ce0        | out |    1|  ap_memory |  fm_out_buff_2_V |     array    |
|fm_out_buff_2_V_q0         |  in |   16|  ap_memory |  fm_out_buff_2_V |     array    |
|fm_out_buff_2_V_address1   | out |    8|  ap_memory |  fm_out_buff_2_V |     array    |
|fm_out_buff_2_V_ce1        | out |    1|  ap_memory |  fm_out_buff_2_V |     array    |
|fm_out_buff_2_V_q1         |  in |   16|  ap_memory |  fm_out_buff_2_V |     array    |
|fm_out_buff_3_V_address0   | out |    8|  ap_memory |  fm_out_buff_3_V |     array    |
|fm_out_buff_3_V_ce0        | out |    1|  ap_memory |  fm_out_buff_3_V |     array    |
|fm_out_buff_3_V_q0         |  in |   16|  ap_memory |  fm_out_buff_3_V |     array    |
|fm_out_buff_3_V_address1   | out |    8|  ap_memory |  fm_out_buff_3_V |     array    |
|fm_out_buff_3_V_ce1        | out |    1|  ap_memory |  fm_out_buff_3_V |     array    |
|fm_out_buff_3_V_q1         |  in |   16|  ap_memory |  fm_out_buff_3_V |     array    |
|fm_out_buff_4_V_address0   | out |    8|  ap_memory |  fm_out_buff_4_V |     array    |
|fm_out_buff_4_V_ce0        | out |    1|  ap_memory |  fm_out_buff_4_V |     array    |
|fm_out_buff_4_V_q0         |  in |   16|  ap_memory |  fm_out_buff_4_V |     array    |
|fm_out_buff_5_V_address0   | out |    8|  ap_memory |  fm_out_buff_5_V |     array    |
|fm_out_buff_5_V_ce0        | out |    1|  ap_memory |  fm_out_buff_5_V |     array    |
|fm_out_buff_5_V_q0         |  in |   16|  ap_memory |  fm_out_buff_5_V |     array    |
|fm_out_buff_5_V_address1   | out |    8|  ap_memory |  fm_out_buff_5_V |     array    |
|fm_out_buff_5_V_ce1        | out |    1|  ap_memory |  fm_out_buff_5_V |     array    |
|fm_out_buff_5_V_q1         |  in |   16|  ap_memory |  fm_out_buff_5_V |     array    |
|fm_out_buff_6_V_address0   | out |    8|  ap_memory |  fm_out_buff_6_V |     array    |
|fm_out_buff_6_V_ce0        | out |    1|  ap_memory |  fm_out_buff_6_V |     array    |
|fm_out_buff_6_V_q0         |  in |   16|  ap_memory |  fm_out_buff_6_V |     array    |
|fm_out_buff_6_V_address1   | out |    8|  ap_memory |  fm_out_buff_6_V |     array    |
|fm_out_buff_6_V_ce1        | out |    1|  ap_memory |  fm_out_buff_6_V |     array    |
|fm_out_buff_6_V_q1         |  in |   16|  ap_memory |  fm_out_buff_6_V |     array    |
|fm_out_buff_7_V_address0   | out |    8|  ap_memory |  fm_out_buff_7_V |     array    |
|fm_out_buff_7_V_ce0        | out |    1|  ap_memory |  fm_out_buff_7_V |     array    |
|fm_out_buff_7_V_q0         |  in |   16|  ap_memory |  fm_out_buff_7_V |     array    |
|fm_out_buff_7_V_address1   | out |    8|  ap_memory |  fm_out_buff_7_V |     array    |
|fm_out_buff_7_V_ce1        | out |    1|  ap_memory |  fm_out_buff_7_V |     array    |
|fm_out_buff_7_V_q1         |  in |   16|  ap_memory |  fm_out_buff_7_V |     array    |
|fm_out_buff_8_V_address0   | out |    8|  ap_memory |  fm_out_buff_8_V |     array    |
|fm_out_buff_8_V_ce0        | out |    1|  ap_memory |  fm_out_buff_8_V |     array    |
|fm_out_buff_8_V_q0         |  in |   16|  ap_memory |  fm_out_buff_8_V |     array    |
|fm_out_buff_9_V_address0   | out |    8|  ap_memory |  fm_out_buff_9_V |     array    |
|fm_out_buff_9_V_ce0        | out |    1|  ap_memory |  fm_out_buff_9_V |     array    |
|fm_out_buff_9_V_q0         |  in |   16|  ap_memory |  fm_out_buff_9_V |     array    |
|fm_out_buff_9_V_address1   | out |    8|  ap_memory |  fm_out_buff_9_V |     array    |
|fm_out_buff_9_V_ce1        | out |    1|  ap_memory |  fm_out_buff_9_V |     array    |
|fm_out_buff_9_V_q1         |  in |   16|  ap_memory |  fm_out_buff_9_V |     array    |
|fm_out_buff_10_V_address0  | out |    8|  ap_memory | fm_out_buff_10_V |     array    |
|fm_out_buff_10_V_ce0       | out |    1|  ap_memory | fm_out_buff_10_V |     array    |
|fm_out_buff_10_V_q0        |  in |   16|  ap_memory | fm_out_buff_10_V |     array    |
|fm_out_buff_10_V_address1  | out |    8|  ap_memory | fm_out_buff_10_V |     array    |
|fm_out_buff_10_V_ce1       | out |    1|  ap_memory | fm_out_buff_10_V |     array    |
|fm_out_buff_10_V_q1        |  in |   16|  ap_memory | fm_out_buff_10_V |     array    |
|fm_out_buff_11_V_address0  | out |    8|  ap_memory | fm_out_buff_11_V |     array    |
|fm_out_buff_11_V_ce0       | out |    1|  ap_memory | fm_out_buff_11_V |     array    |
|fm_out_buff_11_V_q0        |  in |   16|  ap_memory | fm_out_buff_11_V |     array    |
|fm_out_buff_11_V_address1  | out |    8|  ap_memory | fm_out_buff_11_V |     array    |
|fm_out_buff_11_V_ce1       | out |    1|  ap_memory | fm_out_buff_11_V |     array    |
|fm_out_buff_11_V_q1        |  in |   16|  ap_memory | fm_out_buff_11_V |     array    |
|fm_out_buff_12_V_address0  | out |    8|  ap_memory | fm_out_buff_12_V |     array    |
|fm_out_buff_12_V_ce0       | out |    1|  ap_memory | fm_out_buff_12_V |     array    |
|fm_out_buff_12_V_q0        |  in |   16|  ap_memory | fm_out_buff_12_V |     array    |
|fm_out_buff_13_V_address0  | out |    8|  ap_memory | fm_out_buff_13_V |     array    |
|fm_out_buff_13_V_ce0       | out |    1|  ap_memory | fm_out_buff_13_V |     array    |
|fm_out_buff_13_V_q0        |  in |   16|  ap_memory | fm_out_buff_13_V |     array    |
|fm_out_buff_13_V_address1  | out |    8|  ap_memory | fm_out_buff_13_V |     array    |
|fm_out_buff_13_V_ce1       | out |    1|  ap_memory | fm_out_buff_13_V |     array    |
|fm_out_buff_13_V_q1        |  in |   16|  ap_memory | fm_out_buff_13_V |     array    |
|fm_out_buff_14_V_address0  | out |    8|  ap_memory | fm_out_buff_14_V |     array    |
|fm_out_buff_14_V_ce0       | out |    1|  ap_memory | fm_out_buff_14_V |     array    |
|fm_out_buff_14_V_q0        |  in |   16|  ap_memory | fm_out_buff_14_V |     array    |
|fm_out_buff_14_V_address1  | out |    8|  ap_memory | fm_out_buff_14_V |     array    |
|fm_out_buff_14_V_ce1       | out |    1|  ap_memory | fm_out_buff_14_V |     array    |
|fm_out_buff_14_V_q1        |  in |   16|  ap_memory | fm_out_buff_14_V |     array    |
|fm_out_buff_15_V_address0  | out |    8|  ap_memory | fm_out_buff_15_V |     array    |
|fm_out_buff_15_V_ce0       | out |    1|  ap_memory | fm_out_buff_15_V |     array    |
|fm_out_buff_15_V_q0        |  in |   16|  ap_memory | fm_out_buff_15_V |     array    |
|fm_out_buff_15_V_address1  | out |    8|  ap_memory | fm_out_buff_15_V |     array    |
|fm_out_buff_15_V_ce1       | out |    1|  ap_memory | fm_out_buff_15_V |     array    |
|fm_out_buff_15_V_q1        |  in |   16|  ap_memory | fm_out_buff_15_V |     array    |
|fm_out_buff_16_V_address0  | out |    8|  ap_memory | fm_out_buff_16_V |     array    |
|fm_out_buff_16_V_ce0       | out |    1|  ap_memory | fm_out_buff_16_V |     array    |
|fm_out_buff_16_V_q0        |  in |   16|  ap_memory | fm_out_buff_16_V |     array    |
|fm_out_buff_17_V_address0  | out |    8|  ap_memory | fm_out_buff_17_V |     array    |
|fm_out_buff_17_V_ce0       | out |    1|  ap_memory | fm_out_buff_17_V |     array    |
|fm_out_buff_17_V_q0        |  in |   16|  ap_memory | fm_out_buff_17_V |     array    |
|fm_out_buff_17_V_address1  | out |    8|  ap_memory | fm_out_buff_17_V |     array    |
|fm_out_buff_17_V_ce1       | out |    1|  ap_memory | fm_out_buff_17_V |     array    |
|fm_out_buff_17_V_q1        |  in |   16|  ap_memory | fm_out_buff_17_V |     array    |
|fm_out_buff_18_V_address0  | out |    8|  ap_memory | fm_out_buff_18_V |     array    |
|fm_out_buff_18_V_ce0       | out |    1|  ap_memory | fm_out_buff_18_V |     array    |
|fm_out_buff_18_V_q0        |  in |   16|  ap_memory | fm_out_buff_18_V |     array    |
|fm_out_buff_18_V_address1  | out |    8|  ap_memory | fm_out_buff_18_V |     array    |
|fm_out_buff_18_V_ce1       | out |    1|  ap_memory | fm_out_buff_18_V |     array    |
|fm_out_buff_18_V_q1        |  in |   16|  ap_memory | fm_out_buff_18_V |     array    |
|fm_out_buff_19_V_address0  | out |    8|  ap_memory | fm_out_buff_19_V |     array    |
|fm_out_buff_19_V_ce0       | out |    1|  ap_memory | fm_out_buff_19_V |     array    |
|fm_out_buff_19_V_q0        |  in |   16|  ap_memory | fm_out_buff_19_V |     array    |
|fm_out_buff_19_V_address1  | out |    8|  ap_memory | fm_out_buff_19_V |     array    |
|fm_out_buff_19_V_ce1       | out |    1|  ap_memory | fm_out_buff_19_V |     array    |
|fm_out_buff_19_V_q1        |  in |   16|  ap_memory | fm_out_buff_19_V |     array    |
|fm_out_buff_20_V_address0  | out |    8|  ap_memory | fm_out_buff_20_V |     array    |
|fm_out_buff_20_V_ce0       | out |    1|  ap_memory | fm_out_buff_20_V |     array    |
|fm_out_buff_20_V_q0        |  in |   16|  ap_memory | fm_out_buff_20_V |     array    |
|fm_out_buff_21_V_address0  | out |    8|  ap_memory | fm_out_buff_21_V |     array    |
|fm_out_buff_21_V_ce0       | out |    1|  ap_memory | fm_out_buff_21_V |     array    |
|fm_out_buff_21_V_q0        |  in |   16|  ap_memory | fm_out_buff_21_V |     array    |
|fm_out_buff_21_V_address1  | out |    8|  ap_memory | fm_out_buff_21_V |     array    |
|fm_out_buff_21_V_ce1       | out |    1|  ap_memory | fm_out_buff_21_V |     array    |
|fm_out_buff_21_V_q1        |  in |   16|  ap_memory | fm_out_buff_21_V |     array    |
|fm_out_buff_22_V_address0  | out |    8|  ap_memory | fm_out_buff_22_V |     array    |
|fm_out_buff_22_V_ce0       | out |    1|  ap_memory | fm_out_buff_22_V |     array    |
|fm_out_buff_22_V_q0        |  in |   16|  ap_memory | fm_out_buff_22_V |     array    |
|fm_out_buff_22_V_address1  | out |    8|  ap_memory | fm_out_buff_22_V |     array    |
|fm_out_buff_22_V_ce1       | out |    1|  ap_memory | fm_out_buff_22_V |     array    |
|fm_out_buff_22_V_q1        |  in |   16|  ap_memory | fm_out_buff_22_V |     array    |
|fm_out_buff_23_V_address0  | out |    8|  ap_memory | fm_out_buff_23_V |     array    |
|fm_out_buff_23_V_ce0       | out |    1|  ap_memory | fm_out_buff_23_V |     array    |
|fm_out_buff_23_V_q0        |  in |   16|  ap_memory | fm_out_buff_23_V |     array    |
|fm_out_buff_23_V_address1  | out |    8|  ap_memory | fm_out_buff_23_V |     array    |
|fm_out_buff_23_V_ce1       | out |    1|  ap_memory | fm_out_buff_23_V |     array    |
|fm_out_buff_23_V_q1        |  in |   16|  ap_memory | fm_out_buff_23_V |     array    |
|fm_out_buff_24_V_address0  | out |    8|  ap_memory | fm_out_buff_24_V |     array    |
|fm_out_buff_24_V_ce0       | out |    1|  ap_memory | fm_out_buff_24_V |     array    |
|fm_out_buff_24_V_q0        |  in |   16|  ap_memory | fm_out_buff_24_V |     array    |
|fm_out_buff_25_V_address0  | out |    8|  ap_memory | fm_out_buff_25_V |     array    |
|fm_out_buff_25_V_ce0       | out |    1|  ap_memory | fm_out_buff_25_V |     array    |
|fm_out_buff_25_V_q0        |  in |   16|  ap_memory | fm_out_buff_25_V |     array    |
|fm_out_buff_25_V_address1  | out |    8|  ap_memory | fm_out_buff_25_V |     array    |
|fm_out_buff_25_V_ce1       | out |    1|  ap_memory | fm_out_buff_25_V |     array    |
|fm_out_buff_25_V_q1        |  in |   16|  ap_memory | fm_out_buff_25_V |     array    |
|fm_out_buff_26_V_address0  | out |    8|  ap_memory | fm_out_buff_26_V |     array    |
|fm_out_buff_26_V_ce0       | out |    1|  ap_memory | fm_out_buff_26_V |     array    |
|fm_out_buff_26_V_q0        |  in |   16|  ap_memory | fm_out_buff_26_V |     array    |
|fm_out_buff_26_V_address1  | out |    8|  ap_memory | fm_out_buff_26_V |     array    |
|fm_out_buff_26_V_ce1       | out |    1|  ap_memory | fm_out_buff_26_V |     array    |
|fm_out_buff_26_V_q1        |  in |   16|  ap_memory | fm_out_buff_26_V |     array    |
|fm_out_buff_27_V_address0  | out |    8|  ap_memory | fm_out_buff_27_V |     array    |
|fm_out_buff_27_V_ce0       | out |    1|  ap_memory | fm_out_buff_27_V |     array    |
|fm_out_buff_27_V_q0        |  in |   16|  ap_memory | fm_out_buff_27_V |     array    |
|fm_out_buff_27_V_address1  | out |    8|  ap_memory | fm_out_buff_27_V |     array    |
|fm_out_buff_27_V_ce1       | out |    1|  ap_memory | fm_out_buff_27_V |     array    |
|fm_out_buff_27_V_q1        |  in |   16|  ap_memory | fm_out_buff_27_V |     array    |
|fm_out_buff_28_V_address0  | out |    8|  ap_memory | fm_out_buff_28_V |     array    |
|fm_out_buff_28_V_ce0       | out |    1|  ap_memory | fm_out_buff_28_V |     array    |
|fm_out_buff_28_V_q0        |  in |   16|  ap_memory | fm_out_buff_28_V |     array    |
|fm_out_buff_29_V_address0  | out |    8|  ap_memory | fm_out_buff_29_V |     array    |
|fm_out_buff_29_V_ce0       | out |    1|  ap_memory | fm_out_buff_29_V |     array    |
|fm_out_buff_29_V_q0        |  in |   16|  ap_memory | fm_out_buff_29_V |     array    |
|fm_out_buff_29_V_address1  | out |    8|  ap_memory | fm_out_buff_29_V |     array    |
|fm_out_buff_29_V_ce1       | out |    1|  ap_memory | fm_out_buff_29_V |     array    |
|fm_out_buff_29_V_q1        |  in |   16|  ap_memory | fm_out_buff_29_V |     array    |
|fm_out_buff_30_V_address0  | out |    8|  ap_memory | fm_out_buff_30_V |     array    |
|fm_out_buff_30_V_ce0       | out |    1|  ap_memory | fm_out_buff_30_V |     array    |
|fm_out_buff_30_V_q0        |  in |   16|  ap_memory | fm_out_buff_30_V |     array    |
|fm_out_buff_30_V_address1  | out |    8|  ap_memory | fm_out_buff_30_V |     array    |
|fm_out_buff_30_V_ce1       | out |    1|  ap_memory | fm_out_buff_30_V |     array    |
|fm_out_buff_30_V_q1        |  in |   16|  ap_memory | fm_out_buff_30_V |     array    |
|fm_out_buff_31_V_address0  | out |    8|  ap_memory | fm_out_buff_31_V |     array    |
|fm_out_buff_31_V_ce0       | out |    1|  ap_memory | fm_out_buff_31_V |     array    |
|fm_out_buff_31_V_q0        |  in |   16|  ap_memory | fm_out_buff_31_V |     array    |
|fm_out_buff_31_V_address1  | out |    8|  ap_memory | fm_out_buff_31_V |     array    |
|fm_out_buff_31_V_ce1       | out |    1|  ap_memory | fm_out_buff_31_V |     array    |
|fm_out_buff_31_V_q1        |  in |   16|  ap_memory | fm_out_buff_31_V |     array    |
|m_axi_out1_V_AWVALID       | out |    1|    m_axi   |      out1_V      |    pointer   |
|m_axi_out1_V_AWREADY       |  in |    1|    m_axi   |      out1_V      |    pointer   |
|m_axi_out1_V_AWADDR        | out |   32|    m_axi   |      out1_V      |    pointer   |
|m_axi_out1_V_AWID          | out |    1|    m_axi   |      out1_V      |    pointer   |
|m_axi_out1_V_AWLEN         | out |   32|    m_axi   |      out1_V      |    pointer   |
|m_axi_out1_V_AWSIZE        | out |    3|    m_axi   |      out1_V      |    pointer   |
|m_axi_out1_V_AWBURST       | out |    2|    m_axi   |      out1_V      |    pointer   |
|m_axi_out1_V_AWLOCK        | out |    2|    m_axi   |      out1_V      |    pointer   |
|m_axi_out1_V_AWCACHE       | out |    4|    m_axi   |      out1_V      |    pointer   |
|m_axi_out1_V_AWPROT        | out |    3|    m_axi   |      out1_V      |    pointer   |
|m_axi_out1_V_AWQOS         | out |    4|    m_axi   |      out1_V      |    pointer   |
|m_axi_out1_V_AWREGION      | out |    4|    m_axi   |      out1_V      |    pointer   |
|m_axi_out1_V_AWUSER        | out |    1|    m_axi   |      out1_V      |    pointer   |
|m_axi_out1_V_WVALID        | out |    1|    m_axi   |      out1_V      |    pointer   |
|m_axi_out1_V_WREADY        |  in |    1|    m_axi   |      out1_V      |    pointer   |
|m_axi_out1_V_WDATA         | out |   16|    m_axi   |      out1_V      |    pointer   |
|m_axi_out1_V_WSTRB         | out |    2|    m_axi   |      out1_V      |    pointer   |
|m_axi_out1_V_WLAST         | out |    1|    m_axi   |      out1_V      |    pointer   |
|m_axi_out1_V_WID           | out |    1|    m_axi   |      out1_V      |    pointer   |
|m_axi_out1_V_WUSER         | out |    1|    m_axi   |      out1_V      |    pointer   |
|m_axi_out1_V_ARVALID       | out |    1|    m_axi   |      out1_V      |    pointer   |
|m_axi_out1_V_ARREADY       |  in |    1|    m_axi   |      out1_V      |    pointer   |
|m_axi_out1_V_ARADDR        | out |   32|    m_axi   |      out1_V      |    pointer   |
|m_axi_out1_V_ARID          | out |    1|    m_axi   |      out1_V      |    pointer   |
|m_axi_out1_V_ARLEN         | out |   32|    m_axi   |      out1_V      |    pointer   |
|m_axi_out1_V_ARSIZE        | out |    3|    m_axi   |      out1_V      |    pointer   |
|m_axi_out1_V_ARBURST       | out |    2|    m_axi   |      out1_V      |    pointer   |
|m_axi_out1_V_ARLOCK        | out |    2|    m_axi   |      out1_V      |    pointer   |
|m_axi_out1_V_ARCACHE       | out |    4|    m_axi   |      out1_V      |    pointer   |
|m_axi_out1_V_ARPROT        | out |    3|    m_axi   |      out1_V      |    pointer   |
|m_axi_out1_V_ARQOS         | out |    4|    m_axi   |      out1_V      |    pointer   |
|m_axi_out1_V_ARREGION      | out |    4|    m_axi   |      out1_V      |    pointer   |
|m_axi_out1_V_ARUSER        | out |    1|    m_axi   |      out1_V      |    pointer   |
|m_axi_out1_V_RVALID        |  in |    1|    m_axi   |      out1_V      |    pointer   |
|m_axi_out1_V_RREADY        | out |    1|    m_axi   |      out1_V      |    pointer   |
|m_axi_out1_V_RDATA         |  in |   16|    m_axi   |      out1_V      |    pointer   |
|m_axi_out1_V_RLAST         |  in |    1|    m_axi   |      out1_V      |    pointer   |
|m_axi_out1_V_RID           |  in |    1|    m_axi   |      out1_V      |    pointer   |
|m_axi_out1_V_RUSER         |  in |    1|    m_axi   |      out1_V      |    pointer   |
|m_axi_out1_V_RRESP         |  in |    2|    m_axi   |      out1_V      |    pointer   |
|m_axi_out1_V_BVALID        |  in |    1|    m_axi   |      out1_V      |    pointer   |
|m_axi_out1_V_BREADY        | out |    1|    m_axi   |      out1_V      |    pointer   |
|m_axi_out1_V_BRESP         |  in |    2|    m_axi   |      out1_V      |    pointer   |
|m_axi_out1_V_BID           |  in |    1|    m_axi   |      out1_V      |    pointer   |
|m_axi_out1_V_BUSER         |  in |    1|    m_axi   |      out1_V      |    pointer   |
|out1_V_offset              |  in |   31|   ap_none  |   out1_V_offset  |    scalar    |
|m_axi_out2_V_AWVALID       | out |    1|    m_axi   |      out2_V      |    pointer   |
|m_axi_out2_V_AWREADY       |  in |    1|    m_axi   |      out2_V      |    pointer   |
|m_axi_out2_V_AWADDR        | out |   32|    m_axi   |      out2_V      |    pointer   |
|m_axi_out2_V_AWID          | out |    1|    m_axi   |      out2_V      |    pointer   |
|m_axi_out2_V_AWLEN         | out |   32|    m_axi   |      out2_V      |    pointer   |
|m_axi_out2_V_AWSIZE        | out |    3|    m_axi   |      out2_V      |    pointer   |
|m_axi_out2_V_AWBURST       | out |    2|    m_axi   |      out2_V      |    pointer   |
|m_axi_out2_V_AWLOCK        | out |    2|    m_axi   |      out2_V      |    pointer   |
|m_axi_out2_V_AWCACHE       | out |    4|    m_axi   |      out2_V      |    pointer   |
|m_axi_out2_V_AWPROT        | out |    3|    m_axi   |      out2_V      |    pointer   |
|m_axi_out2_V_AWQOS         | out |    4|    m_axi   |      out2_V      |    pointer   |
|m_axi_out2_V_AWREGION      | out |    4|    m_axi   |      out2_V      |    pointer   |
|m_axi_out2_V_AWUSER        | out |    1|    m_axi   |      out2_V      |    pointer   |
|m_axi_out2_V_WVALID        | out |    1|    m_axi   |      out2_V      |    pointer   |
|m_axi_out2_V_WREADY        |  in |    1|    m_axi   |      out2_V      |    pointer   |
|m_axi_out2_V_WDATA         | out |   16|    m_axi   |      out2_V      |    pointer   |
|m_axi_out2_V_WSTRB         | out |    2|    m_axi   |      out2_V      |    pointer   |
|m_axi_out2_V_WLAST         | out |    1|    m_axi   |      out2_V      |    pointer   |
|m_axi_out2_V_WID           | out |    1|    m_axi   |      out2_V      |    pointer   |
|m_axi_out2_V_WUSER         | out |    1|    m_axi   |      out2_V      |    pointer   |
|m_axi_out2_V_ARVALID       | out |    1|    m_axi   |      out2_V      |    pointer   |
|m_axi_out2_V_ARREADY       |  in |    1|    m_axi   |      out2_V      |    pointer   |
|m_axi_out2_V_ARADDR        | out |   32|    m_axi   |      out2_V      |    pointer   |
|m_axi_out2_V_ARID          | out |    1|    m_axi   |      out2_V      |    pointer   |
|m_axi_out2_V_ARLEN         | out |   32|    m_axi   |      out2_V      |    pointer   |
|m_axi_out2_V_ARSIZE        | out |    3|    m_axi   |      out2_V      |    pointer   |
|m_axi_out2_V_ARBURST       | out |    2|    m_axi   |      out2_V      |    pointer   |
|m_axi_out2_V_ARLOCK        | out |    2|    m_axi   |      out2_V      |    pointer   |
|m_axi_out2_V_ARCACHE       | out |    4|    m_axi   |      out2_V      |    pointer   |
|m_axi_out2_V_ARPROT        | out |    3|    m_axi   |      out2_V      |    pointer   |
|m_axi_out2_V_ARQOS         | out |    4|    m_axi   |      out2_V      |    pointer   |
|m_axi_out2_V_ARREGION      | out |    4|    m_axi   |      out2_V      |    pointer   |
|m_axi_out2_V_ARUSER        | out |    1|    m_axi   |      out2_V      |    pointer   |
|m_axi_out2_V_RVALID        |  in |    1|    m_axi   |      out2_V      |    pointer   |
|m_axi_out2_V_RREADY        | out |    1|    m_axi   |      out2_V      |    pointer   |
|m_axi_out2_V_RDATA         |  in |   16|    m_axi   |      out2_V      |    pointer   |
|m_axi_out2_V_RLAST         |  in |    1|    m_axi   |      out2_V      |    pointer   |
|m_axi_out2_V_RID           |  in |    1|    m_axi   |      out2_V      |    pointer   |
|m_axi_out2_V_RUSER         |  in |    1|    m_axi   |      out2_V      |    pointer   |
|m_axi_out2_V_RRESP         |  in |    2|    m_axi   |      out2_V      |    pointer   |
|m_axi_out2_V_BVALID        |  in |    1|    m_axi   |      out2_V      |    pointer   |
|m_axi_out2_V_BREADY        | out |    1|    m_axi   |      out2_V      |    pointer   |
|m_axi_out2_V_BRESP         |  in |    2|    m_axi   |      out2_V      |    pointer   |
|m_axi_out2_V_BID           |  in |    1|    m_axi   |      out2_V      |    pointer   |
|m_axi_out2_V_BUSER         |  in |    1|    m_axi   |      out2_V      |    pointer   |
|out2_V_offset              |  in |   31|   ap_none  |   out2_V_offset  |    scalar    |
|m_axi_out3_V_AWVALID       | out |    1|    m_axi   |      out3_V      |    pointer   |
|m_axi_out3_V_AWREADY       |  in |    1|    m_axi   |      out3_V      |    pointer   |
|m_axi_out3_V_AWADDR        | out |   32|    m_axi   |      out3_V      |    pointer   |
|m_axi_out3_V_AWID          | out |    1|    m_axi   |      out3_V      |    pointer   |
|m_axi_out3_V_AWLEN         | out |   32|    m_axi   |      out3_V      |    pointer   |
|m_axi_out3_V_AWSIZE        | out |    3|    m_axi   |      out3_V      |    pointer   |
|m_axi_out3_V_AWBURST       | out |    2|    m_axi   |      out3_V      |    pointer   |
|m_axi_out3_V_AWLOCK        | out |    2|    m_axi   |      out3_V      |    pointer   |
|m_axi_out3_V_AWCACHE       | out |    4|    m_axi   |      out3_V      |    pointer   |
|m_axi_out3_V_AWPROT        | out |    3|    m_axi   |      out3_V      |    pointer   |
|m_axi_out3_V_AWQOS         | out |    4|    m_axi   |      out3_V      |    pointer   |
|m_axi_out3_V_AWREGION      | out |    4|    m_axi   |      out3_V      |    pointer   |
|m_axi_out3_V_AWUSER        | out |    1|    m_axi   |      out3_V      |    pointer   |
|m_axi_out3_V_WVALID        | out |    1|    m_axi   |      out3_V      |    pointer   |
|m_axi_out3_V_WREADY        |  in |    1|    m_axi   |      out3_V      |    pointer   |
|m_axi_out3_V_WDATA         | out |   16|    m_axi   |      out3_V      |    pointer   |
|m_axi_out3_V_WSTRB         | out |    2|    m_axi   |      out3_V      |    pointer   |
|m_axi_out3_V_WLAST         | out |    1|    m_axi   |      out3_V      |    pointer   |
|m_axi_out3_V_WID           | out |    1|    m_axi   |      out3_V      |    pointer   |
|m_axi_out3_V_WUSER         | out |    1|    m_axi   |      out3_V      |    pointer   |
|m_axi_out3_V_ARVALID       | out |    1|    m_axi   |      out3_V      |    pointer   |
|m_axi_out3_V_ARREADY       |  in |    1|    m_axi   |      out3_V      |    pointer   |
|m_axi_out3_V_ARADDR        | out |   32|    m_axi   |      out3_V      |    pointer   |
|m_axi_out3_V_ARID          | out |    1|    m_axi   |      out3_V      |    pointer   |
|m_axi_out3_V_ARLEN         | out |   32|    m_axi   |      out3_V      |    pointer   |
|m_axi_out3_V_ARSIZE        | out |    3|    m_axi   |      out3_V      |    pointer   |
|m_axi_out3_V_ARBURST       | out |    2|    m_axi   |      out3_V      |    pointer   |
|m_axi_out3_V_ARLOCK        | out |    2|    m_axi   |      out3_V      |    pointer   |
|m_axi_out3_V_ARCACHE       | out |    4|    m_axi   |      out3_V      |    pointer   |
|m_axi_out3_V_ARPROT        | out |    3|    m_axi   |      out3_V      |    pointer   |
|m_axi_out3_V_ARQOS         | out |    4|    m_axi   |      out3_V      |    pointer   |
|m_axi_out3_V_ARREGION      | out |    4|    m_axi   |      out3_V      |    pointer   |
|m_axi_out3_V_ARUSER        | out |    1|    m_axi   |      out3_V      |    pointer   |
|m_axi_out3_V_RVALID        |  in |    1|    m_axi   |      out3_V      |    pointer   |
|m_axi_out3_V_RREADY        | out |    1|    m_axi   |      out3_V      |    pointer   |
|m_axi_out3_V_RDATA         |  in |   16|    m_axi   |      out3_V      |    pointer   |
|m_axi_out3_V_RLAST         |  in |    1|    m_axi   |      out3_V      |    pointer   |
|m_axi_out3_V_RID           |  in |    1|    m_axi   |      out3_V      |    pointer   |
|m_axi_out3_V_RUSER         |  in |    1|    m_axi   |      out3_V      |    pointer   |
|m_axi_out3_V_RRESP         |  in |    2|    m_axi   |      out3_V      |    pointer   |
|m_axi_out3_V_BVALID        |  in |    1|    m_axi   |      out3_V      |    pointer   |
|m_axi_out3_V_BREADY        | out |    1|    m_axi   |      out3_V      |    pointer   |
|m_axi_out3_V_BRESP         |  in |    2|    m_axi   |      out3_V      |    pointer   |
|m_axi_out3_V_BID           |  in |    1|    m_axi   |      out3_V      |    pointer   |
|m_axi_out3_V_BUSER         |  in |    1|    m_axi   |      out3_V      |    pointer   |
|out3_V_offset              |  in |   31|   ap_none  |   out3_V_offset  |    scalar    |
|m_axi_out4_V_AWVALID       | out |    1|    m_axi   |      out4_V      |    pointer   |
|m_axi_out4_V_AWREADY       |  in |    1|    m_axi   |      out4_V      |    pointer   |
|m_axi_out4_V_AWADDR        | out |   32|    m_axi   |      out4_V      |    pointer   |
|m_axi_out4_V_AWID          | out |    1|    m_axi   |      out4_V      |    pointer   |
|m_axi_out4_V_AWLEN         | out |   32|    m_axi   |      out4_V      |    pointer   |
|m_axi_out4_V_AWSIZE        | out |    3|    m_axi   |      out4_V      |    pointer   |
|m_axi_out4_V_AWBURST       | out |    2|    m_axi   |      out4_V      |    pointer   |
|m_axi_out4_V_AWLOCK        | out |    2|    m_axi   |      out4_V      |    pointer   |
|m_axi_out4_V_AWCACHE       | out |    4|    m_axi   |      out4_V      |    pointer   |
|m_axi_out4_V_AWPROT        | out |    3|    m_axi   |      out4_V      |    pointer   |
|m_axi_out4_V_AWQOS         | out |    4|    m_axi   |      out4_V      |    pointer   |
|m_axi_out4_V_AWREGION      | out |    4|    m_axi   |      out4_V      |    pointer   |
|m_axi_out4_V_AWUSER        | out |    1|    m_axi   |      out4_V      |    pointer   |
|m_axi_out4_V_WVALID        | out |    1|    m_axi   |      out4_V      |    pointer   |
|m_axi_out4_V_WREADY        |  in |    1|    m_axi   |      out4_V      |    pointer   |
|m_axi_out4_V_WDATA         | out |   16|    m_axi   |      out4_V      |    pointer   |
|m_axi_out4_V_WSTRB         | out |    2|    m_axi   |      out4_V      |    pointer   |
|m_axi_out4_V_WLAST         | out |    1|    m_axi   |      out4_V      |    pointer   |
|m_axi_out4_V_WID           | out |    1|    m_axi   |      out4_V      |    pointer   |
|m_axi_out4_V_WUSER         | out |    1|    m_axi   |      out4_V      |    pointer   |
|m_axi_out4_V_ARVALID       | out |    1|    m_axi   |      out4_V      |    pointer   |
|m_axi_out4_V_ARREADY       |  in |    1|    m_axi   |      out4_V      |    pointer   |
|m_axi_out4_V_ARADDR        | out |   32|    m_axi   |      out4_V      |    pointer   |
|m_axi_out4_V_ARID          | out |    1|    m_axi   |      out4_V      |    pointer   |
|m_axi_out4_V_ARLEN         | out |   32|    m_axi   |      out4_V      |    pointer   |
|m_axi_out4_V_ARSIZE        | out |    3|    m_axi   |      out4_V      |    pointer   |
|m_axi_out4_V_ARBURST       | out |    2|    m_axi   |      out4_V      |    pointer   |
|m_axi_out4_V_ARLOCK        | out |    2|    m_axi   |      out4_V      |    pointer   |
|m_axi_out4_V_ARCACHE       | out |    4|    m_axi   |      out4_V      |    pointer   |
|m_axi_out4_V_ARPROT        | out |    3|    m_axi   |      out4_V      |    pointer   |
|m_axi_out4_V_ARQOS         | out |    4|    m_axi   |      out4_V      |    pointer   |
|m_axi_out4_V_ARREGION      | out |    4|    m_axi   |      out4_V      |    pointer   |
|m_axi_out4_V_ARUSER        | out |    1|    m_axi   |      out4_V      |    pointer   |
|m_axi_out4_V_RVALID        |  in |    1|    m_axi   |      out4_V      |    pointer   |
|m_axi_out4_V_RREADY        | out |    1|    m_axi   |      out4_V      |    pointer   |
|m_axi_out4_V_RDATA         |  in |   16|    m_axi   |      out4_V      |    pointer   |
|m_axi_out4_V_RLAST         |  in |    1|    m_axi   |      out4_V      |    pointer   |
|m_axi_out4_V_RID           |  in |    1|    m_axi   |      out4_V      |    pointer   |
|m_axi_out4_V_RUSER         |  in |    1|    m_axi   |      out4_V      |    pointer   |
|m_axi_out4_V_RRESP         |  in |    2|    m_axi   |      out4_V      |    pointer   |
|m_axi_out4_V_BVALID        |  in |    1|    m_axi   |      out4_V      |    pointer   |
|m_axi_out4_V_BREADY        | out |    1|    m_axi   |      out4_V      |    pointer   |
|m_axi_out4_V_BRESP         |  in |    2|    m_axi   |      out4_V      |    pointer   |
|m_axi_out4_V_BID           |  in |    1|    m_axi   |      out4_V      |    pointer   |
|m_axi_out4_V_BUSER         |  in |    1|    m_axi   |      out4_V      |    pointer   |
|out4_V_offset              |  in |   31|   ap_none  |   out4_V_offset  |    scalar    |
|fm_row                     |  in |   16|   ap_none  |      fm_row      |    scalar    |
|fm_col                     |  in |   16|   ap_none  |      fm_col      |    scalar    |
|m                          |  in |   16|   ap_none  |         m        |    scalar    |
|fm_size                    |  in |   16|   ap_none  |      fm_size     |    scalar    |
|stride                     |  in |   16|   ap_none  |      stride      |    scalar    |
|act                        |  in |   16|   ap_none  |        act       |    scalar    |
+---------------------------+-----+-----+------------+------------------+--------------+

